******************************************************************************
                  TI ARM Linker PC v16.9.6                     
******************************************************************************
>> Linked Tue Jun 11 09:52:59 2019

OUTPUT FILE NAME:   <multi_gesture_68xx_mss.xer4f>
ENTRY POINT SYMBOL: "_c_int00"  address: 0000f234


MEMORY CONFIGURATION

         name            origin    length      used     unused   attr    fill
----------------------  --------  ---------  --------  --------  ----  --------
PAGE 0:
  VECTORS               00000000   00000100  0000003c  000000c4     X
  PROG_RAM              00000100   0007ff00  00019398  00066b68  R  X
  DATA_RAM              08000000   00030000  00011564  0001ea9c  RW  
  L3_RAM                51000000   000c0000  00000000  000c0000  RW  
  HWA_RAM               52030000   00010000  00000000  00010000  RW  
  HS_RAM                52080000   00008000  00000000  00008000  RW  

PAGE 1:
  L3_RAM                51000000   000c0000  00000000  000c0000  RW  


SEGMENT ALLOCATION MAP

run origin  load origin   length   init length attrs members
----------  ----------- ---------- ----------- ----- -------
00000000    00000000    0000003c   0000003c    r--
  00000000    00000000    0000003c   0000003c    r-- .vecs
00000100    00000100    000193a0   000193a0    r-x
  00000100    00000100    000135e2   000135e2    r-x .text
  000136e8    000136e8    00002e76   00002e76    r-- .const
  00016560    00016560    00002f40   00002f40    r-- .cinit
08000000    08000000    00011568   00000000    rw-
  08000000    08000000    0000a000   00000000    rw- systemHeap
  0800a000    0800a000    00004094   00000000    rw- .data
  0800e098    0800e098    00001cd0   00000000    rw- .bss
  0800fd68    0800fd68    00001000   00000000    rw- .stack
  08010d68    08010d68    00000800   00000000    rw- .myFiqStack


SECTION ALLOCATION MAP

 output                                  attributes/
section   page    origin      length       input sections
--------  ----  ----------  ----------   ----------------
.vecs      0    00000000    0000003c     
                  00000000    0000003c     mss_mmw_per4ft.oer4ft (.vecs)

.text      0    00000100    000135e2     
                  00000100    0000107a     rtsv7R4_T_le_v3D16_eabi.lib : _printfi.obj (.text)
                  0000117a    00000002     libmmwave_xwr68xx.aer4f : mmwave_link.oer4f (.text:MMWave_maskHostIRQ)
                  0000117c    0000064e     mss_cli.oer4f (.text:MmwDemo_CLIInit)
                  000017ca    00000006     libosal_xwr68xx.aer4f : HwiP_tirtos.oer4f (.text:HwiP_restore)
                  000017d0    000004e1     sysbios.aer4ft : BIOS.obj (.text:xdc_runtime_System_doPrint__I)
                  00001cb1    00000001     --HOLE-- [fill = 0]
                  00001cb2    00000002     mss_main.oer4f (.text:MmwDemo_mssMmwaveCloseCallbackFxn)
                  00001cb4    000004bc     mss_main.oer4f (.text:MmwDemo_mssInitTask)
                  00002170    000003e0     mss_main.oer4f (.text:MmwDemo_mboxReadTask)
                  00002550    000003d0     cli_mmwave.oer4f (.text:CLI_MMWaveVersion)
                  00002920    00000394     sysbios.aer4ft : BIOS.obj (.text:ti_sysbios_knl_Event_pend__E)
                  00002cb4    0000000c     cli_mmwave.oer4f (.text:CLI_getMMWaveExtensionConfig)
                  00002cc0    00000310     sysbios.aer4ft : BIOS.obj (.text:ti_sysbios_knl_Semaphore_pend__E)
                  00002fd0    00000300     libsoc_xwr68xx.aer4f : soc_xwr68xx_mss.oer4f (.text:SOC_deviceInit)
                  000032d0    000002b8     rtsv7R4_T_le_v3D16_eabi.lib : ull_div32.obj (.text)
                  00003588    00000008     libosal_xwr68xx.aer4f : HwiP_tirtos.oer4f (.text:HwiP_disable)
                  00003590    000002a4     sysbios.aer4ft : BIOS.obj (.text:ti_sysbios_heaps_HeapMem_freeUnprotected__E)
                  00003834    00000284     libmmwave_xwr68xx.aer4f : mmwave_dualcore.oer4f (.text:MMWave_deviceExecuteFxn)
                  00003ab8    00000008                             : mmwave.oer4f (.text:MMWave_decodeErrorLevel)
                  00003ac0    00000280     sysbios.aer4ft : BIOS.obj (.text:ti_sysbios_family_arm_exc_Exception_excDumpContext__I)
                  00003d40    00000268                    : BIOS.obj (.text:ti_sysbios_knl_Task_Instance_finalize__E)
                  00003fa8    00000260     libmailbox_xwr68xx.aer4f : mailbox.oer4f (.text:Mailbox_open)
                  00004208    00000258     rtsv7R4_T_le_v3D16_eabi.lib : e_exp.obj (.text)
                  00004460    00000254     cli_mmwave.oer4f (.text:CLI_MMWaveProfileCfg)
                  000046b4    00000244     mss_main.oer4f (.text:MmwDemo_mssCtrlPathTask)
                  000048f8    00000008     libmmwave_xwr68xx.aer4f : mmwave_link.oer4f (.text:MMWave_mboxCallbackFxn)
                  00004900    00000228     sysbios.aer4ft : BIOS.obj (.text:ti_sysbios_heaps_HeapMem_allocUnprotected__E)
                  00004b28    00000008     libosal_xwr68xx.aer4f : SemaphoreP_tirtos.oer4f (.text:SemaphoreP_Params_init)
                  00004b30    00000220     sysbios.aer4ft : BIOS.obj (.text:ti_sysbios_knl_Task_sleep__E)
                  00004d50    00000214     libuart_xwr68xx.aer4f : uartsci.oer4f (.text:UartSci_open)
                  00004f64    00000210     mss_main.oer4f (.text:MmwDemo_mssDataPathConfig)
                  00005174    00000204     cli_mmwave.oer4f (.text:CLI_MMWaveChirpCfg)
                  00005378    00000200     libcrc_xwr68xx.aer4f : crc.oer4f (.text:CRC_open)
                  00005578    000001f8     cli.oer4f (.text:CLI_task)
                  00005770    000001f0     libdma_xwr68xx.aer4f : dma.oer4f (.text:DMA_setChannelParams)
                  00005960    000001e4     rtsv7R4_T_le_v3D16_eabi.lib : strtod.obj (.text)
                  00005b44    0000000c     libmmwave_xwr68xx.aer4f : mmwave_dualcore.oer4f (.text:MMWave_deviceMailboxCallbackFxn)
                  00005b50    000001e4     sysbios.aer4ft : BIOS.obj (.text:ti_sysbios_family_arm_v7r_vim_Hwi_dispatchIRQC__I)
                  00005d34    0000000c     libmmwave_xwr68xx.aer4f : mmwave_osal.oer4f (.text:MMWave_osalMutexUnlock)
                  00005d40    000001dc     sysbios.aer4ft : BIOS.obj (.text:ti_sysbios_knl_Task_Module_startup__E)
                  00005f1c    000001c8     rtsv7R4_T_le_v3D16_eabi.lib : fopen.obj (.text)
                  000060e4    0000000c     libmmwave_xwr68xx.aer4f : mmwave_osal.oer4f (.text:MMWave_osalSemSignal)
                  000060f0    000001c8     sysbios.aer4ft : BIOS.obj (.text:ti_sysbios_knl_Task_Instance_init__E)
                  000062b8    000001b0     mss_main.oer4f (.text:MmwDemo_bpmConfig)
                  00006468    000001a8     cli_mmwave.oer4f (.text:CLI_MMWaveSubFrameCfg)
                  00006610    000001a4     libmmwave_xwr68xx.aer4f : mmwave_dualcore.oer4f (.text:MMWave_serializeCfg)
                  000067b4    0000000c     mss_main.oer4f (.text:MmwDemo_mboxCallback)
                  000067c0    0000019c     sysbios.aer4ft : BIOS.obj (.text:xdc_runtime_Error_policyDefault__E)
                  0000695c    00000184     libmmwavelink_xwr68xx.aer4f : rl_driver.oer4f (.text:rlDriverCmdInvoke)
                  00006ae0    00000184     sysbios.aer4ft : BIOS.obj (.text:ti_sysbios_timers_rti_Timer_Module_startup__E)
                  00006c64    00000180     libmmwavelink_xwr68xx.aer4f : rl_driver.oer4f (.text:rlDriverRxHdrRead)
                  00006de4    0000000c     libuart_xwr68xx.aer4f : UART.oer4f (.text:UART_Params_init)
                  00006df0    0000017c     sysbios.aer4ft : BIOS.obj (.text:ti_sysbios_family_arm_exc_Exception_excHandler__I)
                  00006f6c    00000004     libosal_xwr68xx.aer4f : HwiP_tirtos.oer4f (.text:HwiP_disableInterrupt)
                  00006f70    0000017c     sysbios.aer4ft : BIOS.obj (.text:ti_sysbios_knl_Semaphore_post__E)
                  000070ec    00000004     libmmwave_xwr68xx.aer4f : mmwave_link.oer4f (.text:MMWave_disableDevice)
                  000070f0    00000174     sysbios.aer4ft : BIOS.obj (.text:ti_sysbios_knl_Event_post__E)
                  00007264    00000170     libgpio_xwr68xx.aer4f : gpio.oer4f (.text:GPIO_setConfig)
                  000073d4    0000016c     mss_main.oer4f (.text:estimateCircleState)
                  00007540    00000160     sysbios.aer4ft : BIOS.obj (.text:ti_sysbios_family_arm_v7r_vim_Hwi_reconfig__E)
                  000076a0    00000158     mss_main.oer4f (.text:main)
                  000077f8    00000150     mss_cli.oer4f (.text:MmwDemo_CLICalibDcRangeSig)
                  00007948    0000014c     cli_mmwave.oer4f (.text:CLI_MMWaveFrameCfg)
                  00007a94    0000014c     libmmwave_xwr68xx.aer4f : mmwave_link.oer4f (.text:MMWave_initMMWaveLink)
                  00007be0    0000014a     libuart_xwr68xx.aer4f : uartsci.oer4f (.text:UartSci_ISR)
                  00007d2a    00000006     libmmwavelink_xwr68xx.aer4f : rl_controller.oer4f (.text:rlGetSubBlockId)
                  00007d30    00000140     sysbios.aer4ft : BIOS.obj (.text:ti_sysbios_heaps_HeapMem_Instance_init__E)
                  00007e70    00000140                    : BIOS.obj (.text:xdc_runtime_Core_createObject__I)
                  00007fb0    0000013c                    : BIOS.obj (.text:ti_sysbios_knl_Clock_workFunc__E)
                  000080ec    00000138     rtsv7R4_T_le_v3D16_eabi.lib : fputs.obj (.text)
                  00008224    0000000c     libuart_xwr68xx.aer4f : uartsci_dma.oer4f (.text:UartSci_isDMAEnabled)
                  00008230    00000134     sysbios.aer4ft : BIOS.obj (.text:xdc_runtime_Startup_startMods__I)
                  00008364    0000012c     mss_main.oer4f (.text:postProcessing)
                  00008490    00000128     libmmwave_xwr68xx.aer4f : mmwave_link.oer4f (.text:MMWave_openLink)
                  000085b8    00000128     libmmwavelink_xwr68xx.aer4f : rl_driver.oer4f (.text:rlDriverMsgRead)
                  000086e0    00000124     cli_mmwave.oer4f (.text:CLI_MMWaveAdvFrameCfg)
                  00008804    00000124     cli_mmwave.oer4f (.text:CLI_MMWaveContModeCfg)
                  00008928    00000120     mss_cli.oer4f (.text:MmwDemo_CLICompRangeBiasAndRxChanPhaseCfg)
                  00008a48    00000008     libmmwavelink_xwr68xx.aer4f : rl_driver.oer4f (.text:rlDriverConstructOutMsg)
                  00008a50    00000118     sysbios.aer4ft : BIOS.obj (.text:ti_sysbios_family_arm_v7r_vim_Hwi_Instance_init__E)
                  00008b68    00000008     libmmwavelink_xwr68xx.aer4f : rl_driver.oer4f (.text:rlDriverGetHandle)
                  00008b70    00000118     sysbios.aer4ft : BIOS.obj (.text:ti_sysbios_knl_Swi_run__I)
                  00008c88    00000114     libmmwavelink_xwr68xx.aer4f : rl_driver.oer4f (.text:rlDriverCmdSendRetry)
                  00008d9c    0000010c     libmmwave_xwr68xx.aer4f : mmwave_dualcore.oer4f (.text:MMWave_deviceInitFxn)
                  00008ea8    00000008     sysbios.aer4ft : BIOS.obj (.text:ti_sysbios_family_arm_v7a_Pmu_getEnabled__E)
                  00008eb0    0000010c                    : BIOS.obj (.text:xdc_runtime_Core_constructObject__I)
                  00008fbc    00000108     libmailbox_xwr68xx.aer4f : mailbox.oer4f (.text:Mailbox_write)
                  000090c4    00000108     mss_main.oer4f (.text:MmwDemo_mssMmwaveEventCallbackFxn)
                  000091cc    00000004     libmmwave_xwr68xx.aer4f : mmwave_link.oer4f (.text:MMWave_enableDevice)
                  000091d0    00000104     sysbios.aer4ft : BIOS.obj (.text:ti_sysbios_timers_rti_Timer_getFreq__E)
                  000092d4    00000100     cli_mmwave.oer4f (.text:CLI_MMWaveBPMCfgAdvanced)
                  000093d4    00000100     libmmwave_xwr68xx.aer4f : mmwave_link.oer4f (.text:MMWave_startLink)
                  000094d4    000000fc     libcrc_xwr68xx.aer4f : crc.oer4f (.text:CRC_computeSignature)
                  000095d0    000000fc     libdma_xwr68xx.aer4f : dma.oer4f (.text:DMA_disableInterrupt)
                  000096cc    000000fc     libmmwavelink_xwr68xx.aer4f : rl_driver.oer4f (.text:rlDriverInit)
                  000097c8    000000f8                                 : rl_driver.oer4f (.text:rlDriverRdVerifyMsg)
                  000098c0    000000f8     mss_mmw_per4ft.oer4ft (.text:xdc_runtime_System_printfExtend__I)
                  000099b8    00000006     libmmwavelink_xwr68xx.aer4f : rl_controller.oer4f (.text:rlGetSubBlockLen)
                  000099be    00000002     mss_main.oer4f (.text:MmwDemo_mssMmwaveOpenCallbackFxn)
                  000099c0    000000f0     sysbios.aer4ft : BIOS.obj (.text:ti_sysbios_family_arm_v7r_vim_Hwi_Module_startup__E)
                  00009ab0    000000ec     rtsv7R4_T_le_v3D16_eabi.lib : s_scalbn.obj (.text)
                  00009b9c    00000004     libmmwave_xwr68xx.aer4f : mmwave_listlib.oer4f (.text:MMWave_listGetHead)
                  00009ba0    000000ec     sysbios.aer4ft : BIOS.obj (.text:ti_sysbios_heaps_HeapBuf_Module_startup__E)
                  00009c8c    000000e8     cli.oer4f (.text:CLI_open)
                  00009d74    000000e6     inference.oer4f (.text:Inference)
                  00009e5a    00000002     libuart_xwr68xx.aer4f : uartsci.oer4f (.text:UartSci_init)
                  00009e5c    000000e4     libdma_xwr68xx.aer4f : dma.oer4f (.text:DMA_clearChannelInterruptFlag)
                  00009f40    000000e4     libmmwave_xwr68xx.aer4f : mmwave_link.oer4f (.text:MMWave_asyncEventHandler)
                  0000a024    000000dc     mss_cli.oer4f (.text:MmwDemo_CLIPeakGroupingCfg)
                  0000a100    000000dc     rtsv7R4_T_le_v3D16_eabi.lib : setvbuf.obj (.text)
                  0000a1dc    000000d8     libdma_xwr68xx.aer4f : dma.oer4f (.text:DMA_enableInterrupt)
                  0000a2b4    000000d8     libmmwave_xwr68xx.aer4f : mmwave.oer4f (.text:MMWave_init)
                  0000a38c    000000d8     mss_cli.oer4f (.text:MmwDemo_CLIChirpQualityRxSatMonCfg)
                  0000a464    000000d4     libmailbox_xwr68xx.aer4f : mailbox.oer4f (.text:Mailbox_read)
                  0000a538    000000d4     mss_main.oer4f (.text:MmwDemo_mssDataPathStop)
                  0000a60c    000000d4     libmmwavelink_xwr68xx.aer4f : rl_sensor.oer4f (.text:rlSetMultiBpmChirpConfig)
                  0000a6e0    000000d4     sysbios.aer4ft : BIOS.obj (.text:ti_sysbios_knl_Task_exit__E)
                  0000a7b4    0000000c                    : arm_IntrinsicsSupport_asm.obj (.text:_ti_sysbios_family_arm_IntrinsicsSupport_maxbitA)
                  0000a7c0    000000d4                    : BIOS.obj (.text:ti_sysbios_knl_Task_schedule__I)
                  0000a894    000000d0     libsoc_xwr68xx.aer4f : soc_xwr68xx_mss.oer4f (.text:SOC_controlSecureFirewall)
                  0000a964    000000d0     sysbios.aer4ft : exc_Exception_asm.obj (.text:ti_sysbios_family_arm_exc_Exception_excHandlerAsm__I)
                  0000aa34    000000cc     libmmwavelink_xwr68xx.aer4f : rl_sensor.oer4f (.text:rlRfCalibDataRestore)
                  0000ab00    000000cc                                 : rl_sensor.oer4f (.text:rlSetChirpConfig)
                  0000abcc    000000cc     rtsv7R4_T_le_v3D16_eabi.lib : fflush.obj (.text)
                  0000ac98    00000004     libmmwave_xwr68xx.aer4f : mmwave_listlib.oer4f (.text:MMWave_listGetNext)
                  0000ac9c    00000004                             : mmwave_link.oer4f (.text:MMWave_mboxClose)
                  0000aca0    000000cc     sysbios.aer4ft : BIOS.obj (.text:ti_sysbios_knl_Task_checkStacks__E)
                  0000ad6c    000000c8     libmmwave_xwr68xx.aer4f : mmwave_fullcfg.oer4f (.text:MMWave_addChirp)
                  0000ae34    000000c8                             : mmwave_link.oer4f (.text:MMWave_configBPM)
                  0000aefc    000000c8                             : mmwave_fullcfg.oer4f (.text:MMWave_flushCfg)
                  0000afc4    000000c8                             : mmwave_fullcfg.oer4f (.text:MMWave_getChirpHandle)
                  0000b08c    00000004                             : mmwave_link.oer4f (.text:MMWave_mboxRead)
                  0000b090    000000c8     sysbios.aer4ft : BIOS.obj (.text:ti_sysbios_knl_Task_postInit__I)
                  0000b158    000000c4     cli.oer4f (.text:CLI_help)
                  0000b21c    000000c4     mss_cli.oer4f (.text:MmwDemo_CLILvdsStreamCfg)
                  0000b2e0    000000c4     sysbios.aer4ft : BIOS.obj (.text:ti_sysbios_family_arm_v7a_Pmu_configureCounter__E)
                  0000b3a4    000000c0     mss_cli.oer4f (.text:MmwDemo_CLIChirpQualitySigImgMonCfg)
                  0000b464    000000c0     libmmwavelink_xwr68xx.aer4f : rl_driver.oer4f (.text:rlDriverMsgWrite)
                  0000b524    000000c0                                 : rl_sensor.oer4f (.text:rlSetFrameConfig)
                  0000b5e4    0000000c     rtsv7R4_T_le_v3D16_eabi.lib : copy_zero_init.obj (.text:decompress:ZI)
                  0000b5f0    000000c0     sysbios.aer4ft : BIOS.obj (.text:ti_sysbios_timers_rti_Timer_startup__E)
                  0000b6b0    000000bc     libgpio_xwr68xx.aer4f : gpio.oer4f (.text:GPIO_write)
                  0000b76c    000000bc     libmmwave_xwr68xx.aer4f : mmwave_link.oer4f (.text:MMWave_computeCRC)
                  0000b828    000000bc     mss_cli.oer4f (.text:MmwDemo_CLIBpmCfg)
                  0000b8e4    000000bc     mss_cli.oer4f (.text:MmwDemo_CLICfarCfg)
                  0000b9a0    000000bc     mss_main.oer4f (.text:correlation_function)
                  0000ba5c    000000bc     rtsv7R4_T_le_v3D16_eabi.lib : open.obj (.text)
                  0000bb18    000000b8     mss_cli.oer4f (.text:MmwDemo_CLIMeasureRangeBiasAndRxChanPhaseCfg)
                  0000bbd0    000000b6     libsoc_xwr68xx.aer4f : soc_mpu.o (.text)
                  0000bc86    00000002     rtsv7R4_T_le_v3D16_eabi.lib : i_div0.obj (.text)
                  0000bc88    000000b4     mss_main.oer4f (.text:MmwDemo_mssDataPathStart)
                  0000bd3c    00000004     libmmwave_xwr68xx.aer4f : mmwave_link.oer4f (.text:MMWave_registerInterruptHandler)
                  0000bd40    000000b4     sysbios.aer4ft : BIOS.obj (.text:ti_sysbios_gates_GateMutex_enter__E)
                  0000bdf4    0000000c     libmmwavelink_xwr68xx.aer4f : rl_driver.oer4f (.text:rlDriverGetPlatformId)
                  0000be00    000000b4     sysbios.aer4ft : BIOS.obj (.text:ti_sysbios_knl_Task_startCore__E)
                  0000beb4    000000b2     libuart_xwr68xx.aer4f : uartsci_dma.oer4f (.text:UartSci_openDMA)
                  0000bf66    00000002     mss_mmw_per4ft.oer4ft (.text:ti_sysbios_BIOS_nullFunc__I)
                  0000bf68    000000b0     libmmwave_xwr68xx.aer4f : mmwave_fullcfg.oer4f (.text:MMWave_addProfile)
                  0000c018    000000b0     libmmwavelink_xwr68xx.aer4f : rl_sensor.oer4f (.text:rlSetProfileConfig)
                  0000c0c8    00000004     libmmwave_xwr68xx.aer4f : mmwave_link.oer4f (.text:MMWave_unmaskHostIRQ)
                  0000c0cc    00000004                             : mmwave_link.oer4f (.text:MMWave_waitIRQStatus)
                  0000c0d0    000000b0     sysbios.aer4ft : BIOS.obj (.text:xdc_runtime_Text_putMod__E)
                  0000c180    000000ae     rtsv7R4_T_le_v3D16_eabi.lib : _io_perm.obj (.text)
                  0000c22e    00000002     mss_mmw_per4ft.oer4ft (.text:xdc_runtime_Startup_reset__I)
                  0000c230    000000ac     libesm_xwr68xx.aer4f : esm.oer4f (.text:ESM_processInterrupt)
                  0000c2dc    000000ac     mss_cli.oer4f (.text:MmwDemo_CLISetDataLogger)
                  0000c388    000000a8     cli_mmwave.oer4f (.text:CLI_MMWaveExtensionHelp)
                  0000c430    000000a8     libmmwave_xwr68xx.aer4f : mmwave_link.oer4f (.text:MMWave_configureProfileChirp)
                  0000c4d8    000000a8                             : mmwave_fullcfg.oer4f (.text:MMWave_getBpmChirpHandle)
                  0000c580    000000a8     mss_cli.oer4f (.text:MmwDemo_CLIGuiMonSel)
                  0000c628    000000a8     libpinmux_xwr68xx.aer4f : pinmux.oer4f (.text:Pinmux_Set_OverrideCtrl)
                  0000c6d0    000000a8     libmmwavelink_xwr68xx.aer4f : rl_sensor.oer4f (.text:rlSetAdvFrameConfig)
                  0000c778    000000a8     mss_main.oer4f (.text:runPeopleDetection)
                  0000c820    000000a8     sysbios.aer4ft : BIOS.obj (.text:ti_sysbios_knl_Swi_post__E)
                  0000c8c8    000000a4     libdma_xwr68xx.aer4f : dma.oer4f (.text:DMA_assignChannel)
                  0000c96c    000000a4                          : dma.oer4f (.text:DMA_getChannelInterruptFlag)
                  0000ca10    000000a4     libesm_xwr68xx.aer4f : esm.oer4f (.text:ESM_init)
                  0000cab4    000000a4     libmmwave_xwr68xx.aer4f : mmwave_fullcfg.oer4f (.text:MMWave_addBpmChirp)
                  0000cb58    000000a4                             : mmwave.oer4f (.text:MMWave_start)
                  0000cbfc    000000a4     mss_main.oer4f (.text:MmwDemo_waitSensorStopComplete)
                  0000cca0    000000a4     libsoc_xwr68xx.aer4f : soc_xwr68xx_mss.oer4f (.text:SOC_unhaltDSS)
                  0000cd44    0000000c     sysbios.aer4ft : BIOS.obj (.text:ti_sysbios_family_arm_v7a_Pmu_configureCounterI__I)
                  0000cd50    000000a2                    : BIOS.obj (.text:xdc_runtime_Text_putSite__E)
                  0000cdf2    00000002     --HOLE-- [fill = 0]
                  0000cdf4    000000a0     auto_init.aer4ft : auto_init.oer4ft (.text)
                  0000ce94    000000a0     libmmwavelink_xwr68xx.aer4f : rl_driver.oer4f (.text:rlDriverWaitForResponse)
                  0000cf34    0000000c     mss_mmw_per4ft.oer4ft (.text:ti_sysbios_knl_Queue_Object__get__S)
                  0000cf40    000000a0     sysbios.aer4ft : BIOS.obj (.text:ti_sysbios_knl_Task_blockI__E)
                  0000cfe0    0000009c     libmmwave_xwr68xx.aer4f : mmwave_link.oer4f (.text:MMWave_configLink)
                  0000d07c    0000009c                             : mmwave_fullcfg.oer4f (.text:MMWave_getProfileHandle)
                  0000d118    0000009c     libuart_xwr68xx.aer4f : uartsci.oer4f (.text:UartSci_write)
                  0000d1b4    0000009c     rtsv7R4_T_le_v3D16_eabi.lib : memcpy_t2.obj (.text)
                  0000d250    0000009c     sysbios.aer4ft : BIOS.obj (.text:ti_sysbios_family_arm_v7r_vim_Hwi_initIntController__I)
                  0000d2ec    00000004     mss_main.oer4f (.text:MmwDemo_sleep)
                  0000d2f0    0000009c     sysbios.aer4ft : BIOS.obj (.text:ti_sysbios_family_arm_v7r_vim_Hwi_mapChannel__I)
                  0000d38c    00000004     libsoc_xwr68xx.aer4f : soc_xwr68xx_mss.oer4f (.text:SOC_isSecureDevice)
                  0000d390    0000009c     sysbios.aer4ft : BIOS.obj (.text:ti_sysbios_knl_Semaphore_Instance_init__E)
                  0000d42c    00000098     libmmwave_xwr68xx.aer4f : mmwave_fullcfg.oer4f (.text:MMWave_getChirpCfg)
                  0000d4c4    00000098     rtsv7R4_T_le_v3D16_eabi.lib : fclose.obj (.text)
                  0000d55c    00000098                                 : fputc.obj (.text)
                  0000d5f4    00000098     sysbios.aer4ft : vim_Hwi_asm_switch.obj (.text)
                  0000d68c    00000096     libuart_xwr68xx.aer4f : uartsci.oer4f (.text:UartSci_readChar)
                  0000d722    00000002     --HOLE-- [fill = 0]
                  0000d724    00000094     libmmwavelink_xwr68xx.aer4f : rl_driver.oer4f (.text:rlDriverDeInit)
                  0000d7b8    00000094                                 : rl_driver.oer4f (.text:rlDriverMsgReadCmdCtx)
                  0000d84c    00000094     sysbios.aer4ft : vim_Hwi_asm.obj (.text:ti_sysbios_family_arm_v7r_vim_Hwi_dispatchIRQ__I)
                  0000d8e0    00000090     libgpio_xwr68xx.aer4f : gpio.oer4f (.text:GPIO_init)
                  0000d970    00000090     libmailbox_xwr68xx.aer4f : mailbox.oer4f (.text:Mailbox_close)
                  0000da00    00000090     mss_cli.oer4f (.text:MmwDemo_CLIADCBufCfg)
                  0000da90    00000090     mss_main.oer4f (.text:MmwDemo_waitSensorStartComplete)
                  0000db20    00000090     libuart_xwr68xx.aer4f : uartsci_dma.oer4f (.text:UartSci_initiateTxDMA)
                  0000dbb0    00000090                           : uartsci.oer4f (.text:UartSci_read)
                  0000dc40    00000090     utils.oer4f (.text:soft_max)
                  0000dcd0    00000090     sysbios.aer4ft : BIOS.obj (.text:ti_sysbios_family_arm_v7a_Pmu_startCounter__E)
                  0000dd60    00000090                    : BIOS.obj (.text:ti_sysbios_knl_Task_unblockI__E)
                  0000ddf0    0000008c     cli_mmwave.oer4f (.text:CLI_MMWaveDataOutputMode)
                  0000de7c    0000008c     mss_cli.oer4f (.text:MmwDemo_CLIAnalogMonitorCfg)
                  0000df08    0000008c     libsoc_xwr68xx.aer4f : soc_xwr68xx.oer4f (.text:SOC_translateAddress)
                  0000df94    0000008c     libuart_xwr68xx.aer4f : uartsci_dma.oer4f (.text:UartSci_initiateRxDMA)
                  0000e020    0000008c     libmmwavelink_xwr68xx.aer4f : rl_device.oer4f (.text:rlDevicePowerOn)
                  0000e0ac    0000008c                                 : rl_driver.oer4f (.text:rlDriverMsgCmdReply)
                  0000e138    00000004     mss_mmw_per4ft.oer4ft (.text:ti_sysbios_BIOS_RtsGateProxy_enter__E)
                  0000e13c    00000004     mss_mmw_per4ft.oer4ft (.text:ti_sysbios_BIOS_RtsGateProxy_leave__E)
                  0000e140    0000008c     sysbios.aer4ft : BIOS.obj (.text:ti_sysbios_family_arm_v7r_vim_Hwi_Instance_finalize__E)
                  0000e1cc    00000004     mss_mmw_per4ft.oer4ft (.text:ti_sysbios_family_arm_TaskSupport_Module__startupDone__S)
                  0000e1d0    0000008c     sysbios.aer4ft : BIOS.obj (.text:xdc_runtime_Memory_alloc__E)
                  0000e25c    00000088     libmmwave_xwr68xx.aer4f : mmwave_fullcfg.oer4f (.text:MMWave_getProfileCfg)
                  0000e2e4    00000088     mss_cli.oer4f (.text:MmwDemo_CLIMultiObjBeamForming)
                  0000e36c    00000088     mss_cli.oer4f (.text:MmwDemo_CLINearFieldCorrection)
                  0000e3f4    00000088     mss_main.oer4f (.text:MmwDemo_gpioSwitchTask)
                  0000e47c    00000088     libsoc_xwr68xx.aer4f : soc.oer4f (.text:SOC_init)
                  0000e504    00000088     rtsv7R4_T_le_v3D16_eabi.lib : vsnprintf.obj (.text)
                  0000e58c    00000084     libmmwave_xwr68xx.aer4f : mmwave_dualcore.oer4f (.text:MMWave_deviceCfgAsyncEvent)
                  0000e610    00000084                             : mmwave_dualcore.oer4f (.text:MMWave_deviceEventFxn)
                  0000e694    00000084                             : mmwave_fullcfg.oer4f (.text:MMWave_getNumBpmChirp)
                  0000e718    00000084                             : mmwave.oer4f (.text:MMWave_open)
                  0000e79c    00000080     cli_mmwave.oer4f (.text:CLI_MMWaveChannelCfg)
                  0000e81c    00000080     libmmwave_xwr68xx.aer4f : mmwave_fullcfg.oer4f (.text:MMWave_getBpmChirpCfg)
                  0000e89c    00000080     libuart_xwr68xx.aer4f : uartsci.oer4f (.text:UartSci_writePolling)
                  0000e91c    00000080     mss_main.oer4f (.text:findDelta)
                  0000e99c    00000080     libmmwavelink_xwr68xx.aer4f : rl_driver.oer4f (.text:rlDriverExecuteGetApi)
                  0000ea1c    00000004     mss_mmw_per4ft.oer4ft (.text:ti_sysbios_family_arm_v7r_vim_Hwi_delete)
                  0000ea20    00000080     sysbios.aer4ft : BIOS.obj (.text:ti_sysbios_timers_rti_Timer_initDevice__I)
                  0000eaa0    0000007e     libosal_xwr68xx.aer4f : HwiP_tirtos.oer4f (.text:HwiP_create)
                  0000eb1e    00000002     --HOLE-- [fill = 0]
                  0000eb20    0000007c     libmmwave_xwr68xx.aer4f : mmwave_dualcore.oer4f (.text:MMWave_deviceOpenFxn)
                  0000eb9c    0000007c     libmailbox_xwr68xx.aer4f : mailbox.oer4f (.text:Mailbox_init)
                  0000ec18    0000007c     libuart_xwr68xx.aer4f : uartsci.oer4f (.text:UartSci_readPolling)
                  0000ec94    0000007c     sysbios.aer4ft : arm_TaskSupport_asm.obj (.text:_ti_sysbios_family_arm_TaskSupport_buildTaskStack)
                  0000ed10    0000007c                    : BIOS.obj (.text:xdc_runtime_Core_deleteObject__I)
                  0000ed8c    0000007b     mss_cli.oer4f (.text:MmwDemo_CLIGetSubframe)
                  0000ee07    00000001     --HOLE-- [fill = 0]
                  0000ee08    0000007a     rtsv7R4_T_le_v3D16_eabi.lib : memset_t2.obj (.text)
                  0000ee82    00000002     --HOLE-- [fill = 0]
                  0000ee84    00000078     cli_mmwave.oer4f (.text:CLI_MMWaveADCCfg)
                  0000eefc    00000078     libmmwave_xwr68xx.aer4f : mmwave_fullcfg.oer4f (.text:MMWave_getNumChirps)
                  0000ef74    00000078     mss_cli.oer4f (.text:MmwDemo_CLIExtendedMaxVelocity)
                  0000efec    00000078     mss_main.oer4f (.text:MmwDemo_Dss2MssISR)
                  0000f064    00000074     libmmwave_xwr68xx.aer4f : mmwave.oer4f (.text:MMWave_config)
                  0000f0d8    00000074                             : mmwave_dualcore.oer4f (.text:MMWave_deviceStartFxn)
                  0000f14c    00000074     mss_cli.oer4f (.text:MmwDemo_CLIClutterRemoval)
                  0000f1c0    00000074     libsoc_xwr68xx.aer4f : soc.oer4f (.text:SOC_getDeviceRFFreqScaleFactor)
                  0000f234    00000074     boot.aer4ft : boot.oer4ft (.text)
                  0000f2a8    00000074     libmmwavelink_xwr68xx.aer4f : rl_driver.oer4f (.text:rlDriverAsyncEventHandler)
                  0000f31c    00000074                                 : rl_driver.oer4f (.text:rlDriverProcRdMsg)
                  0000f390    00000074     rtsv7R4_T_le_v3D16_eabi.lib : getdevice.obj (.text)
                  0000f404    00000074                                 : s_frexp.obj (.text)
                  0000f478    00000072     libmmwavelink_xwr68xx.aer4f : rl_driver.oer4f (.text:rlDriverClientCbCheck)
                  0000f4ea    00000002     --HOLE-- [fill = 0]
                  0000f4ec    00000070     libmmwave_xwr68xx.aer4f : mmwave_dualcore.oer4f (.text:MMWave_deviceCfgFxn)
                  0000f55c    00000070     mss_main.oer4f (.text:logFeatures)
                  0000f5cc    00000070     rtsv7R4_T_le_v3D16_eabi.lib : printf.obj (.text)
                  0000f63c    00000004     mss_mmw_per4ft.oer4ft (.text:ti_sysbios_heaps_HeapMem_Module_GateProxy_enter__E)
                  0000f640    00000070     sysbios.aer4ft : BIOS.obj (.text:xdc_runtime_Error_print__E)
                  0000f6b0    00000070                    : BIOS.obj (.text:xdc_runtime_Text_visitRope2__I)
                  0000f720    0000006c     libdma_xwr68xx.aer4f : dma.oer4f (.text:DMA_disableChannel)
                  0000f78c    0000006c     libgpio_xwr68xx.aer4f : gpio.oer4f (.text:GPIO_enableInt)
                  0000f7f8    0000006c     libmmwave_xwr68xx.aer4f : mmwave_link.oer4f (.text:MMWave_spawn)
                  0000f864    0000006c                             : mmwave_link.oer4f (.text:MMWave_stopLink)
                  0000f8d0    0000006c     libpinmux_xwr68xx.aer4f : pinmux.oer4f (.text:Pinmux_Set_FuncSel)
                  0000f93c    0000006c     mss_main.oer4f (.text:angleDelta)
                  0000f9a8    0000006c     rtsv7R4_T_le_v3D16_eabi.lib : copy_decompress_lzss.obj (.text:decompress:lzss)
                  0000fa14    0000006c                                 : trgmsg.obj (.text)
                  0000fa80    0000006a     libuart_xwr68xx.aer4f : uartsci.oer4f (.text:UartSci_control)
                  0000faea    00000002     --HOLE-- [fill = 0]
                  0000faec    00000068     libdma_xwr68xx.aer4f : dma.oer4f (.text:DMA_enableChannel)
                  0000fb54    00000068     libmmwave_xwr68xx.aer4f : mmwave_dualcore.oer4f (.text:MMWave_deviceStopFxn)
                  0000fbbc    00000068     libmailbox_xwr68xx.aer4f : mailbox.oer4f (.text:Mailbox_readFlush)
                  0000fc24    00000068     libmmwavelink_xwr68xx.aer4f : rl_driver.oer4f (.text:rlDriverExecuteSetApi)
                  0000fc8c    00000068                                 : rl_driver.oer4f (.text:rlDriverHostIrqHandler)
                  0000fcf4    00000068     rtsv7R4_T_le_v3D16_eabi.lib : hostlseek.obj (.text)
                  0000fd5c    00000068                                 : hostrename.obj (.text)
                  0000fdc4    0000000a     libosal_xwr68xx.aer4f : MemoryP_tirtos.oer4f (.text:MemoryP_ctrlFree)
                  0000fdce    00000002     --HOLE-- [fill = 0]
                  0000fdd0    00000068     sysbios.aer4ft : BIOS.obj (.text:ti_sysbios_knl_Swi_schedule__I)
                  0000fe38    00000067     mss_main.oer4f (.text:MmwDemo_mssSetHsiClk)
                  0000fe9f    00000001     --HOLE-- [fill = 0]
                  0000fea0    00000066     libmmwavelink_xwr68xx.aer4f : rl_device.oer4f (.text:rlDevicePowerOff)
                  0000ff06    00000002     --HOLE-- [fill = 0]
                  0000ff08    00000064     cli_mmwave.oer4f (.text:CLI_MMWaveLowPowerCfg)
                  0000ff6c    00000064     libosal_xwr68xx.aer4f : SemaphoreP_tirtos.oer4f (.text:SemaphoreP_create)
                  0000ffd0    00000064     rtsv7R4_T_le_v3D16_eabi.lib : fseek.obj (.text)
                  00010034    00000064                                 : sprintf.obj (.text)
                  00010098    00000064     sysbios.aer4ft : exc_Exception_asm.obj (.text:ti_sysbios_family_arm_exc_Exception_initCore0__I)
                  000100fc    00000004     mss_mmw_per4ft.oer4ft (.text:ti_sysbios_heaps_HeapMem_Module_GateProxy_leave__E)
                  00010100    00000064     sysbios.aer4ft : BIOS.obj (.text:ti_sysbios_family_arm_v7r_vim_Hwi_phantomIntHandler__I)
                  00010164    0000000a     libosal_xwr68xx.aer4f : SemaphoreP_tirtos.oer4f (.text:SemaphoreP_post)
                  0001016e    00000002     --HOLE-- [fill = 0]
                  00010170    00000064     sysbios.aer4ft : BIOS.obj (.text:ti_sysbios_knl_Clock_logTick__E)
                  000101d4    0000000a     libuart_xwr68xx.aer4f : UART.oer4f (.text:UART_read)
                  000101de    00000002     --HOLE-- [fill = 0]
                  000101e0    00000064     sysbios.aer4ft : BIOS.obj (.text:xdc_runtime_Startup_exec__E)
                  00010244    00000060     cli_mmwave.oer4f (.text:CLI_MMWaveExtensionHandler)
                  000102a4    00000060     libgpio_xwr68xx.aer4f : gpio.oer4f (.text:GPIO_setCallback)
                  00010304    00000060     mss_main.oer4f (.text:gestureInferenceProcessing)
                  00010364    0000000a     libuart_xwr68xx.aer4f : UART.oer4f (.text:UART_write)
                  0001036e    00000002     --HOLE-- [fill = 0]
                  00010370    00000060     sysbios.aer4ft : BIOS.obj (.text:ti_sysbios_heaps_HeapMem_alloc__E)
                  000103d0    00000060                    : BIOS.obj (.text:xdc_runtime_Assert_raise__I)
                  00010430    0000005f                    : BIOS.obj (.text:xdc_runtime_Text_putLab__E)
                  0001048f    00000001     --HOLE-- [fill = 0]
                  00010490    0000005e     libuart_xwr68xx.aer4f : uartsci.oer4f (.text:UartSci_writeChar)
                  000104ee    00000002     --HOLE-- [fill = 0]
                  000104f0    0000005c     libmmwave_xwr68xx.aer4f : mmwave_link.oer4f (.text:MMWave_mboxOpen)
                  0001054c    0000005c                             : mmwave.oer4f (.text:MMWave_stop)
                  000105a8    0000005c     rtsv7R4_T_le_v3D16_eabi.lib : hostopen.obj (.text)
                  00010604    0000005c                                 : hostread.obj (.text)
                  00010660    0000005a     libuart_xwr68xx.aer4f : uartsci.oer4f (.text:UartSci_readCancel)
                  000106ba    0000005a     libmmwavelink_xwr68xx.aer4f : rl_driver.oer4f (.text:rlDriverCalChkSum)
                  00010714    00000058     libesm_xwr68xx.aer4f : esm.oer4f (.text:ESM_highpriority_FIQ)
                  0001076c    00000058     libmmwave_xwr68xx.aer4f : mmwave.oer4f (.text:MMWave_execute)
                  000107c4    00000058                             : mmwave_link.oer4f (.text:MMWave_initCRC)
                  0001081c    00000058     mss_main.oer4f (.text:MmwDemo_mmWaveCtrlTask)
                  00010874    00000058     libuart_xwr68xx.aer4f : uartsci_dma.oer4f (.text:UartSci_closeDMA)
                  000108cc    00000058     libmmwavelink_xwr68xx.aer4f : rl_driver.oer4f (.text:rlDriverMsgReadSpawnCtx)
                  00010924    00000058     rtsv7R4_T_le_v3D16_eabi.lib : close.obj (.text)
                  0001097c    00000058                                 : hostwrite.obj (.text)
                  000109d4    0000000a     libuart_xwr68xx.aer4f : UART.oer4f (.text:UART_writePolling)
                  000109de    00000002     --HOLE-- [fill = 0]
                  000109e0    00000058     sysbios.aer4ft : BIOS.obj (.text:ti_sysbios_knl_Swi_restoreHwi__E)
                  00010a38    00000056     libmmwavelink_xwr68xx.aer4f : rl_driver.oer4f (.text:rlDriverOsiCbCheck)
                  00010a8e    00000002     --HOLE-- [fill = 0]
                  00010a90    00000054     libcrc_xwr68xx.aer4f : crc.oer4f (.text:CRC_getTransactionId)
                  00010ae4    00000054     libdma_xwr68xx.aer4f : dma.oer4f (.text:DMA_freeChannel)
                  00010b38    00000054     libmmwave_xwr68xx.aer4f : mmwave_link.oer4f (.text:MMWave_initLink)
                  00010b8c    00000054     rtsv7R4_T_le_v3D16_eabi.lib : ltoa.obj (.text)
                  00010be0    00000054     mss_mmw_per4ft.oer4ft (.text:ti_sysbios_family_arm_v7r_vim_Hwi_create)
                  00010c34    0000000a     sysbios.aer4ft : tms570_Core_asm.obj (.text:ti_sysbios_family_arm_v7r_tms570_Core_getId__E)
                  00010c3e    00000002     --HOLE-- [fill = 0]
                  00010c40    00000054                    : BIOS.obj (.text:ti_sysbios_heaps_HeapMem_getStats__E)
                  00010c94    0000000a     mss_mmw_per4ft.oer4ft (.text:xdc_runtime_IHeap_alloc)
                  00010c9e    00000002     --HOLE-- [fill = 0]
                  00010ca0    00000054     sysbios.aer4ft : BIOS.obj (.text:ti_sysbios_knl_Swi_runLoop__I)
                  00010cf4    0000000a     mss_mmw_per4ft.oer4ft (.text:xdc_runtime_IHeap_free)
                  00010cfe    00000002     --HOLE-- [fill = 0]
                  00010d00    00000054     sysbios.aer4ft : BIOS.obj (.text:ti_sysbios_knl_Swi_startup__E)
                  00010d54    00000004     mss_mmw_per4ft.oer4ft (.text:ti_sysbios_knl_Clock_TimerProxy_getMaxTicks__E)
                  00010d58    00000004     mss_mmw_per4ft.oer4ft (.text:ti_sysbios_knl_Semaphore_delete)
                  00010d5c    00000004     mss_mmw_per4ft.oer4ft (.text:xdc_runtime_System_Module_GateProxy_enter__E)
                  00010d60    00000054     sysbios.aer4ft : BIOS.obj (.text:xdc_runtime_Core_assignLabel__I)
                  00010db4    00000050     cli.oer4f (.text:CLI_write)
                  00010e04    00000050     libcrc_xwr68xx.aer4f : crc.oer4f (.text:CRC_getSignature)
                  00010e54    00000050     libmmwave_xwr68xx.aer4f : mmwave.oer4f (.text:MMWave_sync)
                  00010ea4    00000050     libmmwavelink_xwr68xx.aer4f : rl_driver.oer4f (.text:rlDeviceIdentifyCmdDir)
                  00010ef4    00000050                                 : rl_driver.oer4f (.text:rlDriverVerifyCRC)
                  00010f44    00000050     rtsv7R4_T_le_v3D16_eabi.lib : atoi.obj (.text)
                  00010f94    00000050                                 : exit.obj (.text)
                  00010fe4    00000050                                 : u_div32.obj (.text)
                  00011034    00000004     mss_mmw_per4ft.oer4ft (.text:xdc_runtime_System_Module_GateProxy_leave__E)
                  00011038    00000008     --HOLE-- [fill = 0]
                  00011040    00000050     sysbios.aer4ft : BIOS.obj (.text:xdc_runtime_System_exit__E)
                  00011090    0000004c     libmailbox_xwr68xx.aer4f : mailbox.oer4f (.text:Mailbox_boxEmptyISRProcessing)
                  000110dc    0000004c     libuart_xwr68xx.aer4f : uartsci.oer4f (.text:UartSci_writeCancel)
                  00011128    0000004c     rtsv7R4_T_le_v3D16_eabi.lib : cpy_tbl.obj (.text)
                  00011174    0000000c     --HOLE-- [fill = 0]
                  00011180    0000004c     sysbios.aer4ft : BIOS.obj (.text:ti_sysbios_family_arm_v7r_vim_Hwi_getStackInfo__E)
                  000111cc    0000004c     mss_mmw_per4ft.oer4ft (.text:ti_sysbios_knl_Task_create)
                  00011218    0000004a     libmailbox_xwr68xx.aer4f : mailbox.oer4f (.text:Mailbox_boxFullISRProcessing)
                  00011262    0000000e     mss_cli.oer4f (.text:MmwDemo_CLISensorStop)
                  00011270    0000004a     sysbios.aer4ft : BIOS.obj (.text:xdc_runtime_Core_assignParams__I)
                  000112ba    00000006     --HOLE-- [fill = 0]
                  000112c0    0000004a                    : BIOS.obj (.text:xdc_runtime_Text_xprintf__I)
                  0001130a    00000048     libmmwavelink_xwr68xx.aer4f : rl_device.oer4f (.text:rlDeviceGetVersion)
                  00011352    00000002     --HOLE-- [fill = 0]
                  00011354    00000048                                 : rl_driver.oer4f (.text:rlDriverOsiInit)
                  0001139c    00000046     libmailbox_xwr68xx.aer4f : mailbox.oer4f (.text:CSL_FINSR)
                  000113e2    00000044     libcrc_xwr68xx.aer4f : crc.oer4f (.text:CRC_resetSignature)
                  00011426    00000002     --HOLE-- [fill = 0]
                  00011428    00000044     libmailbox_xwr68xx.aer4f : mailbox.oer4f (.text:Mailbox_boxFullISRMssDss)
                  0001146c    00000044     mss_cli.oer4f (.text:MmwDemo_mssCfgUpdate)
                  000114b0    00000044     rtsv7R4_T_le_v3D16_eabi.lib : hostclose.obj (.text)
                  000114f4    00000044                                 : hostunlink.obj (.text)
                  00011538    00000008     --HOLE-- [fill = 0]
                  00011540    00000044     sysbios.aer4ft : BIOS.obj (.text:ti_sysbios_family_arm_v7r_tms570_Core_Module_startup__E)
                  00011584    0000000c     --HOLE-- [fill = 0]
                  00011590    00000044                    : BIOS.obj (.text:ti_sysbios_knl_Task_allBlockedFunction__I)
                  000115d4    0000000c     --HOLE-- [fill = 0]
                  000115e0    00000044                    : BIOS.obj (.text:xdc_runtime_System_atexit__E)
                  00011624    00000042     libmmwave_xwr68xx.aer4f : mmwave_link.oer4f (.text:MMWave_executeLink)
                  00011666    00000040     libmmwavelink_xwr68xx.aer4f : rl_driver.oer4f (.text:rlDriverValidateHdr)
                  000116a6    00000002     --HOLE-- [fill = 0]
                  000116a8    00000040     rtsv7R4_T_le_v3D16_eabi.lib : strtok.obj (.text)
                  000116e8    00000008     --HOLE-- [fill = 0]
                  000116f0    00000040     sysbios.aer4ft : BIOS.obj (.text:ti_sysbios_timers_rti_Timer_stop__E)
                  00011730    0000003e     libcrc_xwr68xx.aer4f : crc.oer4f (.text:CSL_FINSR)
                  0001176e    0000003e     libdma_xwr68xx.aer4f : dma.oer4f (.text:CSL_FINSR)
                  000117ac    0000003e     libgpio_xwr68xx.aer4f : gpio.oer4f (.text:CSL_FINSR)
                  000117ea    0000003e     libpinmux_xwr68xx.aer4f : pinmux.oer4f (.text:CSL_FINSR)
                  00011828    0000003e     libsoc_xwr68xx.aer4f : soc.oer4f (.text:CSL_FINSR)
                  00011866    0000003e                          : soc_xwr68xx.oer4f (.text:CSL_FINSR)
                  000118a4    0000003e                          : soc_xwr68xx_mss.oer4f (.text:CSL_FINSR)
                  000118e2    0000003e     libuart_xwr68xx.aer4f : uartsci.oer4f (.text:CSL_FINSR)
                  00011920    0000003e     libmmwave_xwr68xx.aer4f : mmwave.oer4f (.text:MMWave_decodeError)
                  0001195e    0000003e     libuart_xwr68xx.aer4f : uartsci.oer4f (.text:UartSci_close)
                  0001199c    0000003c     cli_mmwave.oer4f (.text:CLI_MMWaveFlushCfg)
                  000119d8    0000003c     libmailbox_xwr68xx.aer4f : mailbox.oer4f (.text:Mailbox_writeReset)
                  00011a14    0000003c     libsoc_xwr68xx.aer4f : soc.oer4f (.text:SOC_unhaltBSS)
                  00011a50    0000003c     libmmwavelink_xwr68xx.aer4f : rl_controller.oer4f (.text:rlGetSubBlock)
                  00011a8c    0000003c     sysbios.aer4ft : vim_Hwi_asm.obj (.text:ti_sysbios_family_arm_v7r_vim_Hwi_init__I)
                  00011ac8    00000008     --HOLE-- [fill = 0]
                  00011ad0    0000003c                    : BIOS.obj (.text:ti_sysbios_hal_Hwi_checkStack)
                  00011b0c    00000004     --HOLE-- [fill = 0]
                  00011b10    0000003c                    : BIOS.obj (.text:ti_sysbios_heaps_HeapMem_init__I)
                  00011b4c    00000004     --HOLE-- [fill = 0]
                  00011b50    0000003c                    : BIOS.obj (.text:ti_sysbios_timers_rti_Timer_setPeriod__E)
                  00011b8c    0000003a     libosal_xwr68xx.aer4f : HwiP_tirtos.oer4f (.text:HwiP_delete)
                  00011bc6    0000003a     mss_main.oer4f (.text:maxCheck)
                  00011c00    00000038     cli_mmwave.oer4f (.text:CLI_MMWaveExtensionInit)
                  00011c38    00000038     libuart_xwr68xx.aer4f : UART.oer4f (.text:UART_init)
                  00011c70    00000036     mss_main.oer4f (.text:logEnergy)
                  00011ca6    00000036     libmmwavelink_xwr68xx.aer4f : rl_controller.oer4f (.text:rlAppendSubBlock)
                  00011cdc    00000036     rtsv7R4_T_le_v3D16_eabi.lib : strncpy.obj (.text)
                  00011d12    00000002     --HOLE-- [fill = 0]
                  00011d14    00000034     libmmwave_xwr68xx.aer4f : mmwave_link.oer4f (.text:MMWave_mboxWrite)
                  00011d48    00000034     mss_main.oer4f (.text:MmwDemo_installDss2MssExceptionSignallingISR)
                  00011d7c    00000034     libsoc_xwr68xx.aer4f : soc_xwr68xx.oer4f (.text:SOC_setMMWaveDSSLinkState)
                  00011db0    00000034                          : soc_xwr68xx.oer4f (.text:SOC_setMMWaveMSSLinkState)
                  00011de4    00000034     libuart_xwr68xx.aer4f : UART.oer4f (.text:UART_open)
                  00011e18    00000034     mss_mmw_per4ft.oer4ft (.text:ti_sysbios_knl_Semaphore_create)
                  00011e4c    00000032     libcrc_xwr68xx.aer4f : crc.oer4f (.text:CRC_getCRCDataSelectBitValue)
                  00011e7e    00000002     --HOLE-- [fill = 0]
                  00011e80    00000032                          : crc.oer4f (.text:CRC_getCRCTypeBitValue)
                  00011eb2    0000000e     libosal_xwr68xx.aer4f : SemaphoreP_tirtos.oer4f (.text:SemaphoreP_delete)
                  00011ec0    00000032     sysbios.aer4ft : BIOS.obj (.text:ti_sysbios_hal_Hwi_initStack)
                  00011ef2    00000030     libmmwave_xwr68xx.aer4f : mmwave_listlib.oer4f (.text:MMWave_listRemoveNode)
                  00011f22    00000002     --HOLE-- [fill = 0]
                  00011f24    00000030     libsoc_xwr68xx.aer4f : soc.oer4f (.text:SOC_getDevicePartNumber)
                  00011f54    00000030     libmmwavelink_xwr68xx.aer4f : rl_sensor.oer4f (.text:rlSensorStart)
                  00011f84    00000030     mss_mmw_per4ft.oer4ft (.text:ti_sysbios_BIOS_atExitFunc__I)
                  00011fb4    00000030     mss_mmw_per4ft.oer4ft (.text:ti_sysbios_BIOS_startFunc__I)
                  00011fe4    0000000c     --HOLE-- [fill = 0]
                  00011ff0    00000030     sysbios.aer4ft : BIOS.obj (.text:ti_sysbios_family_arm_TaskSupport_start__E)
                  00012020    00000030     mss_mmw_per4ft.oer4ft (.text:ti_sysbios_gates_GateHwi_Object__create__S)
                  00012050    00000030     mss_mmw_per4ft.oer4ft (.text:ti_sysbios_gates_GateMutex_Object__create__S)
                  00012080    00000030     mss_mmw_per4ft.oer4ft (.text:ti_sysbios_heaps_HeapMem_Object__create__S)
                  000120b0    00000030     sysbios.aer4ft : BIOS.obj (.text:ti_sysbios_heaps_HeapMem_free__E)
                  000120e0    00000030     mss_mmw_per4ft.oer4ft (.text:ti_sysbios_knl_Event_create)
                  00012110    00000030     mss_mmw_per4ft.oer4ft (.text:ti_sysbios_knl_Semaphore_construct)
                  00012140    0000002f     sysbios.aer4ft : BIOS.obj (.text:xdc_runtime_Text_printVisFxn__I)
                  0001216f    00000001     --HOLE-- [fill = 0]
                  00012170    0000002e                    : BIOS.obj (.text:ti_sysbios_knl_Event_pendTimeout__I)
                  0001219e    00000002     --HOLE-- [fill = 0]
                  000121a0    0000002e                    : BIOS.obj (.text:ti_sysbios_knl_Semaphore_pendTimeout__I)
                  000121ce    0000002e     mss_mmw_per4ft.oer4ft (.text:ti_sysbios_rts_MemAlloc_alloc)
                  000121fc    0000002c     libgpio_xwr68xx.aer4f : gpio.oer4f (.text:GPIO_HighPriorityISR)
                  00012228    0000002c                           : gpio.oer4f (.text:GPIO_LowPriorityISR)
                  00012254    0000002c     libmmwave_xwr68xx.aer4f : mmwave_osal.oer4f (.text:MMWave_osalMutexCreate)
                  00012280    0000002c                             : mmwave_osal.oer4f (.text:MMWave_osalSemCreate)
                  000122ac    0000002c     libsoc_xwr68xx.aer4f : soc_xwr68xx_mss.oer4f (.text:SOC_waitBSSPowerUp)
                  000122d8    0000002c     utils.oer4f (.text:compute_innerprod)
                  00012304    0000002c     utils.oer4f (.text:relu_activation)
                  00012330    0000002c     libmmwavelink_xwr68xx.aer4f : rl_device.oer4f (.text:rlDeviceGetMssVersion)
                  0001235c    0000002c                                 : rl_sensor.oer4f (.text:rlSensorStop)
                  00012388    0000002c     rtsv7R4_T_le_v3D16_eabi.lib : e_sqrt.obj (.text)
                  000123b4    0000002c                                 : unlink.obj (.text)
                  000123e0    0000002c     mss_mmw_per4ft.oer4ft (.text:ti_sysbios_knl_Clock_doTick__I)
                  0001240c    0000002c     mss_mmw_per4ft.oer4ft (.text:ti_sysbios_knl_Queue_construct)
                  00012438    00000008     --HOLE-- [fill = 0]
                  00012440    0000002c     sysbios.aer4ft : BIOS.obj (.text:ti_sysbios_knl_Swi_Module_startup__E)
                  0001246c    00000004     --HOLE-- [fill = 0]
                  00012470    0000002c                    : BIOS.obj (.text:ti_sysbios_timers_rti_Timer_periodicStub__E)
                  0001249c    0000002a     libsoc_xwr68xx.aer4f : soc.oer4f (.text:SOC_SystemISR)
                  000124c6    0000002a     libmmwavelink_xwr68xx.aer4f : rl_device.oer4f (.text:rlDeviceGetMmWaveLinkVersion)
                  000124f0    0000002a     rtsv7R4_T_le_v3D16_eabi.lib : strspn.obj (.text)
                  0001251a    00000002     --HOLE-- [fill = 0]
                  0001251c    00000028     libmailbox_xwr68xx.aer4f : mailbox.oer4f (.text:Mailbox_Config_init)
                  00012544    00000028     libuart_xwr68xx.aer4f : uartsci_dma.oer4f (.text:UartSci_RxDMACallbackFxn)
                  0001256c    00000028                           : uartsci_dma.oer4f (.text:UartSci_TxDMACallbackFxn)
                  00012594    00000028     mss_cli.oer4f (.text:log2Approx)
                  000125bc    00000028     libmmwavelink_xwr68xx.aer4f : rl_driver.oer4f (.text:rlDriverConstructInMsg)
                  000125e4    00000028     rtsv7R4_T_le_v3D16_eabi.lib : lseek.obj (.text)
                  0001260c    00000028                                 : write.obj (.text)
                  00012634    0000000c     --HOLE-- [fill = 0]
                  00012640    00000028     sysbios.aer4ft : BIOS.obj (.text:ti_sysbios_knl_Idle_run__E)
                  00012668    00000008     --HOLE-- [fill = 0]
                  00012670    00000028                    : BIOS.obj (.text:xdc_runtime_SysStd_abort__E)
                  00012698    00000008     --HOLE-- [fill = 0]
                  000126a0    00000028                    : BIOS.obj (.text:xdc_runtime_System_aprintf_va__F)
                  000126c8    00000026     libmmwavelink_xwr68xx.aer4f : rl_sensor.oer4f (.text:rlRfInitCalibConfig)
                  000126ee    00000026                                 : rl_sensor.oer4f (.text:rlRfRunTimeCalibConfig)
                  00012714    00000026                                 : rl_sensor.oer4f (.text:rlRfSetDeviceCfg)
                  0001273a    00000026                                 : rl_sensor.oer4f (.text:rlSetAdcOutConfig)
                  00012760    00000026                                 : rl_sensor.oer4f (.text:rlSetBpmCommonConfig)
                  00012786    00000026                                 : rl_sensor.oer4f (.text:rlSetChannelConfig)
                  000127ac    00000026                                 : rl_sensor.oer4f (.text:rlSetContModeConfig)
                  000127d2    00000026     rtsv7R4_T_le_v3D16_eabi.lib : memcmp.obj (.text)
                  000127f8    00000008     --HOLE-- [fill = 0]
                  00012800    00000026     sysbios.aer4ft : BIOS.obj (.text:xdc_runtime_System_printf_va__F)
                  00012826    00000024     libcrc_xwr68xx.aer4f : crc.oer4f (.text:CRC_isTransactionIdValid)
                  0001284a    00000002     --HOLE-- [fill = 0]
                  0001284c    00000024     libgpio_xwr68xx.aer4f : gpio.oer4f (.text:GPIO_processInterrupt)
                  00012870    00000024     mss_main.oer4f (.text:MmwDemo_notifySensorStart)
                  00012894    00000024     libsoc_xwr68xx.aer4f : soc_xwr68xx.oer4f (.text:SOC_isMMWaveDSSOperational)
                  000128b8    00000024                          : soc_xwr68xx.oer4f (.text:SOC_isMMWaveMSSOperational)
                  000128dc    00000024     libmmwavelink_xwr68xx.aer4f : rl_device.oer4f (.text:rlDeviceSetHsiClk)
                  00012900    00000024                                 : rl_sensor.oer4f (.text:rlEnableContMode)
                  00012924    00000024                                 : rl_sensor.oer4f (.text:rlRfSetCalMonTimeUnitConfig)
                  00012948    00000024                                 : rl_sensor.oer4f (.text:rlSetLowPowerModeConfig)
                  0001296c    00000024     mss_mmw_per4ft.oer4ft (.text:ti_sysbios_BIOS_errorRaiseHook__I)
                  00012990    00000024     mss_mmw_per4ft.oer4ft (.text:ti_sysbios_BIOS_registerRTSLock__I)
                  000129b4    00000024     mss_mmw_per4ft.oer4ft (.text:ti_sysbios_BIOS_removeRTSLock__I)
                  000129d8    00000024     mss_mmw_per4ft.oer4ft (.text:ti_sysbios_gates_GateMutex_Object__delete__S)
                  000129fc    00000004     --HOLE-- [fill = 0]
                  00012a00    00000024     sysbios.aer4ft : BIOS.obj (.text:ti_sysbios_knl_Clock_Module_startup__E)
                  00012a24    00000024     mss_mmw_per4ft.oer4ft (.text:ti_sysbios_knl_Semaphore_Object__delete__S)
                  00012a48    00000008     --HOLE-- [fill = 0]
                  00012a50    00000024     sysbios.aer4ft : BIOS.obj (.text:ti_sysbios_knl_Task_restoreHwi__E)
                  00012a74    00000022     mss_cli.oer4f (.text:MmwDemo_CLISensorStart)
                  00012a96    00000022     libuart_xwr68xx.aer4f : uartsci.oer4f (.text:UartSci_disableRxDMA)
                  00012ab8    00000022                           : uartsci.oer4f (.text:UartSci_enableRxDMA)
                  00012ada    00000022     rtsv7R4_T_le_v3D16_eabi.lib : strcspn.obj (.text)
                  00012afc    00000020     libesm_xwr68xx.aer4f : esm.oer4f (.text:ESM_lowpriority_IRQ)
                  00012b1c    00000020     libmmwave_xwr68xx.aer4f : mmwave_listlib.oer4f (.text:MMWave_listCat)
                  00012b3c    00000020     mss_main.oer4f (.text:MmwDemo_mboxWrite)
                  00012b5c    00000020     libpinmux_xwr68xx.aer4f : pinmux.oer4f (.text:Pinmux_Unlock)
                  00012b7c    00000020     libmmwavelink_xwr68xx.aer4f : rl_sensor.oer4f (.text:rlRfInit)
                  00012b9c    00000020     rtsv7R4_T_le_v3D16_eabi.lib : memchr.obj (.text)
                  00012bbc    00000004     --HOLE-- [fill = 0]
                  00012bc0    00000020     sysbios.aer4ft : BIOS.obj (.text:ti_sysbios_family_arm_v7a_Pmu_Module_startup__E)
                  00012be0    00000020     mss_mmw_per4ft.oer4ft (.text:ti_sysbios_family_arm_v7r_vim_Hwi_Object__delete__S)
                  00012c00    00000020     sysbios.aer4ft : BIOS.obj (.text:ti_sysbios_family_arm_v7r_vim_Hwi_disableInterrupt__E)
                  00012c20    00000020                    : BIOS.obj (.text:ti_sysbios_family_arm_v7r_vim_Hwi_enableInterrupt__E)
                  00012c40    00000020     mss_mmw_per4ft.oer4ft (.text:ti_sysbios_gates_GateHwi_Object__delete__S)
                  00012c60    00000020     mss_mmw_per4ft.oer4ft (.text:ti_sysbios_heaps_HeapMem_Object__delete__S)
                  00012c80    00000020     mss_mmw_per4ft.oer4ft (.text:ti_sysbios_knl_Semaphore_destruct)
                  00012ca0    0000001e     libmmwave_xwr68xx.aer4f : mmwave_fullcfg.oer4f (.text:MMWave_internalDelChirp)
                  00012cbe    0000001e     libsoc_xwr68xx.aer4f : soc_xwr68xx_mss.oer4f (.text:SOC_getOutAddr_LUTType)
                  00012cdc    0000001c     libcrc_xwr68xx.aer4f : crc.oer4f (.text:CRC_releaseTransactionId)
                  00012cf8    0000001c     libdma_xwr68xx.aer4f : dma.oer4f (.text:CSL_FEXTR)
                  00012d14    0000001c     libmmwave_xwr68xx.aer4f : mmwave.oer4f (.text:CSL_FEXTR)
                  00012d30    0000001c     libsoc_xwr68xx.aer4f : soc.oer4f (.text:CSL_FEXTR)
                  00012d4c    0000001c                          : soc_xwr68xx.oer4f (.text:CSL_FEXTR)
                  00012d68    0000001c                          : soc_xwr68xx_mss.oer4f (.text:CSL_FEXTR)
                  00012d84    0000001c     libuart_xwr68xx.aer4f : uartsci.oer4f (.text:CSL_FEXTR)
                  00012da0    0000001c     libmmwave_xwr68xx.aer4f : mmwave_listlib.oer4f (.text:MMWave_listRemove)
                  00012dbc    0000001c     mss_main.oer4f (.text:MmwDemo_mssMmwaveStartCallbackFxn)
                  00012dd8    0000001c     mss_main.oer4f (.text:MmwDemo_notifySensorStop)
                  00012df4    0000001c     libsoc_xwr68xx.aer4f : soc_xwr68xx_mss.oer4f (.text:SOC_getInAddr_LUTType)
                  00012e10    0000001c     sysbios.aer4ft : arm_TaskSupport_asm.obj (.text:_ti_sysbios_family_arm_TaskSupport_glue)
                  00012e2c    0000001c                    : arm_TaskSupport_asm.obj (.text:_ti_sysbios_family_arm_TaskSupport_swap__E)
                  00012e48    0000001c     rtsv7R4_T_le_v3D16_eabi.lib : memccpy.obj (.text)
                  00012e64    0000001c     mss_mmw_per4ft.oer4ft (.text:ti_sysbios_BIOS_rtsLock__I)
                  00012e80    0000001c     sysbios.aer4ft : BIOS.obj (.text:ti_sysbios_family_arm_v7r_vim_Hwi_clearInterrupt__E)
                  00012e9c    00000004     --HOLE-- [fill = 0]
                  00012ea0    0000001c                    : BIOS.obj (.text:ti_sysbios_gates_GateMutex_Instance_init__E)
                  00012ebc    00000004     --HOLE-- [fill = 0]
                  00012ec0    0000001c                    : BIOS.obj (.text:ti_sysbios_gates_GateMutex_leave__E)
                  00012edc    0000001c     mss_mmw_per4ft.oer4ft (.text:ti_sysbios_knl_Queue_destruct)
                  00012ef8    0000001a     libmmwave_xwr68xx.aer4f : mmwave_dualcore.oer4f (.text:MMWave_deviceSyncFxn)
                  00012f12    0000001a                             : mmwave.oer4f (.text:MMWave_encodeError)
                  00012f2c    0000001a                             : mmwave_listlib.oer4f (.text:MMWave_listAdd)
                  00012f46    0000001a     mss_mmw_per4ft.oer4ft (.text:free)
                  00012f60    0000001a     libmmwavelink_xwr68xx.aer4f : rl_sensor.oer4f (.text:rlGetRfDieId)
                  00012f7a    0000001a     rtsv7R4_T_le_v3D16_eabi.lib : s_copysign.obj (.text)
                  00012f94    0000001a     mss_mmw_per4ft.oer4ft (.text:ti_sysbios_gates_GateHwi_Handle__label__S)
                  00012fae    0000001a     mss_mmw_per4ft.oer4ft (.text:ti_sysbios_gates_GateMutex_Handle__label__S)
                  00012fc8    0000001a     mss_mmw_per4ft.oer4ft (.text:ti_sysbios_heaps_HeapMem_Handle__label__S)
                  00012fe2    0000001a     mss_mmw_per4ft.oer4ft (.text:xdc_runtime_System_aprintf__E)
                  00012ffc    0000001a     mss_mmw_per4ft.oer4ft (.text:xdc_runtime_System_printf__E)
                  00013016    00000002     --HOLE-- [fill = 0]
                  00013018    00000018     cli_mmwave.oer4f (.text:CLI_getMMWaveExtensionOpenConfig)
                  00013030    00000018     libmmwave_xwr68xx.aer4f : mmwave_osal.oer4f (.text:MMWave_osalMutexLock)
                  00013048    00000018                             : mmwave_osal.oer4f (.text:MMWave_osalSemWait)
                  00013060    00000018     libmailbox_xwr68xx.aer4f : mailbox.oer4f (.text:Mailbox_boxEmptyISRBss)
                  00013078    00000018                              : mailbox.oer4f (.text:Mailbox_boxEmptyISRMssDss)
                  00013090    00000018                              : mailbox.oer4f (.text:Mailbox_boxFullISRBss)
                  000130a8    00000018     libmmwavelink_xwr68xx.aer4f : rl_device.oer4f (.text:rlDeviceGetRfVersion)
                  000130c0    00000018                                 : rl_driver.oer4f (.text:rlDriverCalCRC)
                  000130d8    00000018                                 : rl_driver.oer4f (.text:rlDriverFillPayload)
                  000130f0    00000018                                 : rl_driver.oer4f (.text:rlDriverIsDeviceMapValid)
                  00013108    00000018     rtsv7R4_T_le_v3D16_eabi.lib : args_main.obj (.text)
                  00013120    00000018                                 : strcmp.obj (.text)
                  00013138    00000018     mss_mmw_per4ft.oer4ft (.text:ti_sysbios_BIOS_rtsUnlock__I)
                  00013150    00000018     sysbios.aer4ft : BIOS.obj (.text:ti_sysbios_family_arm_v7a_Pmu_initCounters__I)
                  00013168    00000018     mss_mmw_per4ft.oer4ft (.text:ti_sysbios_family_arm_v7r_vim_Hwi_Module__startupDone__F)
                  00013180    00000018     mss_mmw_per4ft.oer4ft (.text:ti_sysbios_family_arm_v7r_vim_Hwi_Params__init__S)
                  00013198    00000018     mss_mmw_per4ft.oer4ft (.text:ti_sysbios_knl_Semaphore_Params__init__S)
                  000131b0    00000018     mss_mmw_per4ft.oer4ft (.text:ti_sysbios_knl_Task_Params__init__S)
                  000131c8    00000008     --HOLE-- [fill = 0]
                  000131d0    00000018     sysbios.aer4ft : BIOS.obj (.text:ti_sysbios_knl_Task_enter__I)
                  000131e8    00000018     mss_mmw_per4ft.oer4ft (.text:ti_sysbios_timers_rti_Timer_Module__startupDone__F)
                  00013200    00000018     sysbios.aer4ft : BIOS.obj (.text:xdc_runtime_Error_init__E)
                  00013218    00000016     rtsv7R4_T_le_v3D16_eabi.lib : strchr.obj (.text)
                  0001322e    00000016                                 : strlen.obj (.text)
                  00013244    00000016     mss_mmw_per4ft.oer4ft (.text:ti_sysbios_BIOS_exitFunc__I)
                  0001325a    00000006     --HOLE-- [fill = 0]
                  00013260    00000016     sysbios.aer4ft : BIOS.obj (.text:ti_sysbios_knl_Idle_loop__E)
                  00013276    0000000a     --HOLE-- [fill = 0]
                  00013280    00000016                    : BIOS.obj (.text:ti_sysbios_knl_Task_sleepTimeout__I)
                  00013296    00000014     libosal_xwr68xx.aer4f : HwiP_tirtos.oer4f (.text:HwiP_Params_init)
                  000132aa    00000014     libmmwave_xwr68xx.aer4f : mmwave_fullcfg.oer4f (.text:MMWave_internalDelBpmChirp)
                  000132be    00000014                             : mmwave_fullcfg.oer4f (.text:MMWave_internalDelProfile)
                  000132d2    00000014                             : mmwave_osal.oer4f (.text:MMWave_osalMutexDelete)
                  000132e6    00000014                             : mmwave_osal.oer4f (.text:MMWave_osalSemDelete)
                  000132fa    00000002     --HOLE-- [fill = 0]
                  000132fc    00000014     mss_main.oer4f (.text:MmwDemo_mssMmwaveConfigCallbackFxn)
                  00013310    00000014     mss_main.oer4f (.text:MmwDemo_mssMmwaveStopCallbackFxn)
                  00013324    00000014     libpinmux_xwr68xx.aer4f : pinmux.oer4f (.text:Pinmux_Lock)
                  00013338    00000014     libuart_xwr68xx.aer4f : uartsci.oer4f (.text:UartSci_disableTxDMA)
                  0001334c    00000014                           : uartsci.oer4f (.text:UartSci_enableTxDMA)
                  00013360    00000014     libosal_xwr68xx.aer4f : DebugP_tirtos.oer4f (.text:_DebugP_assert)
                  00013374    00000014     mss_main.oer4f (.text:gestureInferenceCircle)
                  00013388    00000014     libmmwavelink_xwr68xx.aer4f : rl_controller.oer4f (.text:rlAppendDummy)
                  0001339c    00000014     rtsv7R4_T_le_v3D16_eabi.lib : _lock.obj (.text)
                  000133b0    00000014                                 : strcpy.obj (.text)
                  000133c4    00000014     mss_mmw_per4ft.oer4ft (.text:ti_sysbios_heaps_HeapMem_Object__get__S)
                  000133d8    00000008     --HOLE-- [fill = 0]
                  000133e0    00000014     sysbios.aer4ft : BIOS.obj (.text:ti_sysbios_knl_Event_Instance_init__E)
                  000133f4    00000014     mss_mmw_per4ft.oer4ft (.text:ti_sysbios_knl_Swi_Object__get__S)
                  00013408    00000012     libcrc_xwr68xx.aer4f : crc.oer4f (.text:CRC_initConfigParams)
                  0001341a    00000012     libmmwave_xwr68xx.aer4f : mmwave_dualcore.oer4f (.text:MMWave_deviceGetDeviceInfo)
                  0001342c    00000012     libosal_xwr68xx.aer4f : MemoryP_tirtos.oer4f (.text:MemoryP_ctrlAlloc)
                  0001343e    00000012                           : SemaphoreP_tirtos.oer4f (.text:SemaphoreP_pend)
                  00013450    00000012     sysbios.aer4ft : BIOS.obj (.text:ti_sysbios_hal_Hwi_Module_startup__E)
                  00013462    00000012     mss_mmw_per4ft.oer4ft (.text:xdc_runtime_Startup_exec__I)
                  00013474    00000010     libcrc_xwr68xx.aer4f : crc.oer4f (.text:CRC_getSignatureRegister)
                  00013484    00000010     mss_main.oer4f (.text:MmwDemo_switchPressFxn)
                  00013494    0000000c     --HOLE-- [fill = 0]
                  000134a0    00000010     sysbios.aer4ft : BIOS.obj (.text:ti_sysbios_BIOS_setThreadType__E)
                  000134b0    00000010                    : BIOS.obj (.text:ti_sysbios_BIOS_start__E)
                  000134c0    00000010                    : BIOS.obj (.text:ti_sysbios_family_arm_v7a_Pmu_disableInterruptI__E)
                  000134d0    00000010                    : BIOS.obj (.text:ti_sysbios_family_arm_v7a_Pmu_enableInterruptI__E)
                  000134e0    00000010                    : BIOS.obj (.text:ti_sysbios_family_arm_v7a_Pmu_getNumCounters__E)
                  000134f0    00000010                    : BIOS.obj (.text:ti_sysbios_family_arm_v7a_Pmu_startCounterI__E)
                  00013500    00000010                    : BIOS.obj (.text:ti_sysbios_family_arm_v7a_Pmu_stopCounterI__E)
                  00013510    00000010                    : BIOS.obj (.text:ti_sysbios_gates_GateMutex_Instance_finalize__E)
                  00013520    00000010     mss_mmw_per4ft.oer4ft (.text:ti_sysbios_heaps_HeapBuf_Object__get__S)
                  00013530    00000010     sysbios.aer4ft : BIOS.obj (.text:ti_sysbios_knl_Semaphore_Instance_finalize__E)
                  00013540    00000010                    : BIOS.obj (.text:ti_sysbios_knl_Swi_disable__E)
                  00013550    00000010     mss_mmw_per4ft.oer4ft (.text:ti_sysbios_knl_Task_Object__get__S)
                  00013560    00000010     sysbios.aer4ft : BIOS.obj (.text:ti_sysbios_knl_Task_disable__E)
                  00013570    00000010                    : BIOS.obj (.text:xdc_runtime_Memory_free__E)
                  00013580    00000010     mss_mmw_per4ft.oer4ft (.text:xdc_runtime_Text_visitRope__I)
                  00013590    0000000e     rtsv7R4_T_le_v3D16_eabi.lib : copy_decompress_none.obj (.text:decompress:none)
                  0001359e    00000002     --HOLE-- [fill = 0]
                  000135a0    0000000e     sysbios.aer4ft : BIOS.obj (.text:ti_sysbios_knl_Queue_empty__E)
                  000135ae    00000002     --HOLE-- [fill = 0]
                  000135b0    0000000c                    : BIOS.obj (.text:ti_sysbios_family_arm_TaskSupport_checkStack__E)
                  000135bc    00000004     --HOLE-- [fill = 0]
                  000135c0    0000000c                    : BIOS.obj (.text:ti_sysbios_family_arm_TaskSupport_getStackAlignment__E)
                  000135cc    00000004     --HOLE-- [fill = 0]
                  000135d0    0000000c                    : BIOS.obj (.text:ti_sysbios_family_arm_exc_Exception_Module_startup__E)
                  000135dc    00000004     --HOLE-- [fill = 0]
                  000135e0    0000000c                    : BIOS.obj (.text:ti_sysbios_family_arm_v7r_vim_Hwi_switchFromBootStack__E)
                  000135ec    00000004     --HOLE-- [fill = 0]
                  000135f0    0000000c                    : BIOS.obj (.text:xdc_runtime_Startup_rtsDone__E)
                  000135fc    00000004     --HOLE-- [fill = 0]
                  00013600    0000000c                    : BIOS.obj (.text:xdc_runtime_SysStd_exit__E)
                  0001360c    00000004     --HOLE-- [fill = 0]
                  00013610    00000008                    : BIOS.obj (.text:ti_sysbios_gates_GateHwi_enter__E)
                  00013618    00000008     --HOLE-- [fill = 0]
                  00013620    00000006                    : BIOS.obj (.text:ti_sysbios_family_arm_v7r_vim_Hwi_startup__E)
                  00013626    0000000a     --HOLE-- [fill = 0]
                  00013630    00000006                    : BIOS.obj (.text:ti_sysbios_gates_GateHwi_leave__E)
                  00013636    0000000a     --HOLE-- [fill = 0]
                  00013640    00000006                    : BIOS.obj (.text:ti_sysbios_heaps_HeapMem_isBlocking__E)
                  00013646    0000000a     --HOLE-- [fill = 0]
                  00013650    00000006                    : BIOS.obj (.text:ti_sysbios_knl_Queue_Instance_init__E)
                  00013656    0000000a     --HOLE-- [fill = 0]
                  00013660    00000006                    : BIOS.obj (.text:xdc_runtime_System_Module_startup__E)
                  00013666    0000000a     --HOLE-- [fill = 0]
                  00013670    00000004                    : BIOS.obj (.text:ti_sysbios_gates_GateHwi_query__E)
                  00013674    0000000c     --HOLE-- [fill = 0]
                  00013680    00000004                    : BIOS.obj (.text:ti_sysbios_gates_GateMutex_query__E)
                  00013684    0000000c     --HOLE-- [fill = 0]
                  00013690    00000004                    : BIOS.obj (.text:ti_sysbios_knl_Task_startup__E)
                  00013694    0000000c     --HOLE-- [fill = 0]
                  000136a0    00000004                    : BIOS.obj (.text:ti_sysbios_timers_rti_Timer_getMaxTicks__E)
                  000136a4    0000000c     --HOLE-- [fill = 0]
                  000136b0    00000004                    : BIOS.obj (.text:xdc_runtime_SysStd_putch__E)
                  000136b4    0000000c     --HOLE-- [fill = 0]
                  000136c0    00000004                    : BIOS.obj (.text:xdc_runtime_SysStd_ready__E)
                  000136c4    0000000c     --HOLE-- [fill = 0]
                  000136d0    00000002                    : BIOS.obj (.text:ti_sysbios_BIOS_linkedWithIncorrectBootLibrary__E)
                  000136d2    0000000e     --HOLE-- [fill = 0]
                  000136e0    00000002                    : BIOS.obj (.text:ti_sysbios_gates_GateHwi_Instance_init__E)

.const     0    000136e8    00002e76     
                  000136e8    00001b6f     mss_mmw_per4ft.oer4ft (.const:xdc_runtime_Text_charTab__A)
                  00015257    00000001     --HOLE-- [fill = 0]
                  00015258    0000034e     cli.oer4f (.const:.string)
                  000155a6    00000002     mss_mmw_per4ft.oer4ft (.const:ti_sysbios_family_arm_exc_Exception_Module__id__C)
                  000155a8    000002b8     libmmwavelink_xwr68xx.aer4f : rl_sensor.oer4f (.const:$O1$$)
                  00015860    000001de     mss_cli.oer4f (.const:.string)
                  00015a3e    00000101     rtsv7R4_T_le_v3D16_eabi.lib : ctype.obj (.const:.string:_ctypes_)
                  00015b3f    00000001     --HOLE-- [fill = 0]
                  00015b40    000000d8     mss_mmw_per4ft.oer4ft (.const:xdc_runtime_Text_nodeTab__A)
                  00015c18    000000a0     cli_mmwave.oer4f (.const:.string)
                  00015cb8    00000098     rtsv7R4_T_le_v3D16_eabi.lib : strtod.obj (.const:$O1$$)
                  00015d50    00000080     mss_mmw_per4ft.oer4ft (.const:ti_sysbios_family_arm_v7r_vim_Hwi_channelMap__A)
                  00015dd0    00000078     libmmwavelink_xwr68xx.aer4f : rl_driver.oer4f (.const:$O2$$)
                  00015e48    00000058     mss_mmw_per4ft.oer4ft (.const:.string)
                  00015ea0    00000044     mss_mmw_per4ft.oer4ft (.const:ti_sysbios_knl_Task_Object__PARAMS__C)
                  00015ee4    0000003c     libuart_xwr68xx.aer4f : UART.oer4f (.const:UART_defaultParams)
                  00015f20    00000030     rtsv7R4_T_le_v3D16_eabi.lib : e_exp.obj (.const:$O1$$)
                  00015f50    00000030     mss_mmw_per4ft.oer4ft (.const:ti_sysbios_family_arm_v7r_vim_Hwi_Object__PARAMS__C)
                  00015f80    0000002c     mss_mmw_per4ft.oer4ft (.const:xdc_runtime_Startup_sfxnTab__A)
                  00015fac    00000028     mss_mmw_per4ft.oer4ft (.const:ti_sysbios_heaps_HeapMem_Module__FXNS__C)
                  00015fd4    00000024     libmailbox_xwr68xx.aer4f : mailbox.oer4f (.const:Mailbox_defaultCfg)
                  00015ff8    00000024     mss_mmw_per4ft.oer4ft (.const:ti_sysbios_gates_GateHwi_Module__FXNS__C)
                  0001601c    00000024     mss_mmw_per4ft.oer4ft (.const:ti_sysbios_gates_GateMutex_Module__FXNS__C)
                  00016040    00000024     mss_mmw_per4ft.oer4ft (.const:ti_sysbios_heaps_HeapMem_Object__PARAMS__C)
                  00016064    00000024     mss_mmw_per4ft.oer4ft (.const:ti_sysbios_knl_Semaphore_Object__PARAMS__C)
                  00016088    00000020     cli_mmwave.oer4f (.const:$P$T0$1)
                  000160a8    00000020     mss_mmw_per4ft.oer4ft (.const:ti_sysbios_family_arm_v7r_vim_Hwi_Object__DESC__C)
                  000160c8    00000020     mss_mmw_per4ft.oer4ft (.const:ti_sysbios_gates_GateHwi_Object__DESC__C)
                  000160e8    00000020     mss_mmw_per4ft.oer4ft (.const:ti_sysbios_gates_GateMutex_Object__DESC__C)
                  00016108    00000020     mss_mmw_per4ft.oer4ft (.const:ti_sysbios_heaps_HeapMem_Object__DESC__C)
                  00016128    00000020     mss_mmw_per4ft.oer4ft (.const:ti_sysbios_knl_Event_Object__DESC__C)
                  00016148    00000020     mss_mmw_per4ft.oer4ft (.const:ti_sysbios_knl_Queue_Object__DESC__C)
                  00016168    00000020     mss_mmw_per4ft.oer4ft (.const:ti_sysbios_knl_Semaphore_Object__DESC__C)
                  00016188    00000020     mss_mmw_per4ft.oer4ft (.const:ti_sysbios_knl_Task_Object__DESC__C)
                  000161a8    0000001c     mss_main.oer4f (.const:$P$T0$1)
                  000161c4    00000018     mss_mmw_per4ft.oer4ft (.const:ti_sysbios_gates_GateHwi_Object__PARAMS__C)
                  000161dc    00000018     mss_mmw_per4ft.oer4ft (.const:ti_sysbios_gates_GateMutex_Object__PARAMS__C)
                  000161f4    00000018     mss_mmw_per4ft.oer4ft (.const:ti_sysbios_knl_Event_Object__PARAMS__C)
                  0001620c    00000018     mss_mmw_per4ft.oer4ft (.const:ti_sysbios_knl_Queue_Object__PARAMS__C)
                  00016224    00000016     mss_mmw_per4ft.oer4ft (.const:xdc_runtime_Startup_sfxnRts__A)
                  0001623a    00000002     mss_mmw_per4ft.oer4ft (.const:ti_sysbios_family_arm_v7a_Pmu_Module__id__C)
                  0001623c    00000010     mss_mmw_per4ft.oer4ft (.const:ti_sysbios_family_arm_v7r_vim_Hwi_intReqEnaSet__A)
                  0001624c    00000010     mss_mmw_per4ft.oer4ft (.const:ti_sysbios_family_arm_v7r_vim_Hwi_wakeEnaSet__A)
                  0001625c    00000008     mss_mmw_per4ft.oer4ft (.const:ti_sysbios_knl_Idle_funcList__A)
                  00016264    00000008     mss_mmw_per4ft.oer4ft (.const:ti_sysbios_knl_Idle_funcList__C)
                  0001626c    00000008     mss_mmw_per4ft.oer4ft (.const:xdc_runtime_Startup_firstFxns__A)
                  00016274    00000008     mss_mmw_per4ft.oer4ft (.const:xdc_runtime_Startup_firstFxns__C)
                  0001627c    00000008     mss_mmw_per4ft.oer4ft (.const:xdc_runtime_Startup_lastFxns__C)
                  00016284    00000004     cli.oer4f (.const:.string:$P$T0$1)
                  00016288    00000004     mss_mmw_per4ft.oer4ft (.const:ti_sysbios_family_arm_TaskSupport_stackAlignment__C)
                  0001628c    00000004     mss_mmw_per4ft.oer4ft (.const:ti_sysbios_family_arm_exc_Exception_E_dataAbort__C)
                  00016290    00000004     mss_mmw_per4ft.oer4ft (.const:ti_sysbios_family_arm_exc_Exception_E_prefetchAbort__C)
                  00016294    00000004     mss_mmw_per4ft.oer4ft (.const:ti_sysbios_family_arm_exc_Exception_E_swi__C)
                  00016298    00000004     mss_mmw_per4ft.oer4ft (.const:ti_sysbios_family_arm_exc_Exception_E_undefinedInstruction__C)
                  0001629c    00000004     mss_mmw_per4ft.oer4ft (.const:ti_sysbios_family_arm_exc_Exception_excHookFuncs__A)
                  000162a0    00000004     mss_mmw_per4ft.oer4ft (.const:ti_sysbios_family_arm_exc_Exception_excHookFuncs__C)
                  000162a4    00000004     mss_mmw_per4ft.oer4ft (.const:ti_sysbios_family_arm_v7a_Pmu_A_invalidCounterId__C)
                  000162a8    00000004     mss_mmw_per4ft.oer4ft (.const:ti_sysbios_family_arm_v7a_Pmu_Module__diagsEnabled__C)
                  000162ac    00000004     mss_mmw_per4ft.oer4ft (.const:ti_sysbios_family_arm_v7a_Pmu_Module__diagsIncluded__C)
[...]
0001639c  ti_sysbios_knl_Event_A_nullEventMasks__C                             
000163a0  ti_sysbios_knl_Event_A_pendTaskDisabled__C                           
000163a4  ti_sysbios_knl_Event_Instance_State_pendQ__O                         
000163a8  ti_sysbios_knl_Event_LM_pend__C                                      
000163ac  ti_sysbios_knl_Event_LM_post__C                                      
000163b0  ti_sysbios_knl_Event_Module__diagsEnabled__C                         
000163b4  ti_sysbios_knl_Event_Module__diagsIncluded__C                        
000163b8  ti_sysbios_knl_Event_Module__diagsMask__C                            
000163bc  ti_sysbios_knl_Event_Module__loggerFxn4__C                           
000163c0  ti_sysbios_knl_Event_Module__loggerFxn8__C                           
000163c4  ti_sysbios_knl_Event_Module__loggerObj__C                            
000163c8  ti_sysbios_knl_Semaphore_A_badContext__C                             
000163cc  ti_sysbios_knl_Semaphore_A_noEvents__C                               
000163d0  ti_sysbios_knl_Semaphore_A_overflow__C                               
000163d4  ti_sysbios_knl_Semaphore_A_pendTaskDisabled__C                       
000163d8  ti_sysbios_knl_Semaphore_Instance_State_pendQ__O                     
000163dc  ti_sysbios_knl_Semaphore_LM_pend__C                                  
000163e0  ti_sysbios_knl_Semaphore_LM_post__C                                  
000163e4  ti_sysbios_knl_Semaphore_Module__diagsEnabled__C                     
000163e8  ti_sysbios_knl_Semaphore_Module__diagsIncluded__C                    
000163ec  ti_sysbios_knl_Semaphore_Module__diagsMask__C                        
000163f0  ti_sysbios_knl_Semaphore_Module__loggerFxn2__C                       
000163f4  ti_sysbios_knl_Semaphore_Module__loggerFxn4__C                       
000163f8  ti_sysbios_knl_Semaphore_Module__loggerObj__C                        
000163fc  ti_sysbios_knl_Swi_LD_end__C                                         
00016400  ti_sysbios_knl_Swi_LM_begin__C                                       
00016404  ti_sysbios_knl_Swi_LM_post__C                                        
00016408  ti_sysbios_knl_Swi_Module__diagsEnabled__C                           
0001640c  ti_sysbios_knl_Swi_Module__diagsIncluded__C                          
00016410  ti_sysbios_knl_Swi_Module__diagsMask__C                              
00016414  ti_sysbios_knl_Swi_Module__loggerFxn1__C                             
00016418  ti_sysbios_knl_Swi_Module__loggerFxn4__C                             
0001641c  ti_sysbios_knl_Swi_Module__loggerObj__C                              
00016420  ti_sysbios_knl_Swi_Object__count__C                                  
00016424  ti_sysbios_knl_Task_A_badPriority__C                                 
00016428  ti_sysbios_knl_Task_A_badTaskState__C                                
0001642c  ti_sysbios_knl_Task_A_badThreadType__C                               
00016430  ti_sysbios_knl_Task_A_badTimeout__C                                  
00016434  ti_sysbios_knl_Task_A_noPendElem__C                                  
00016438  ti_sysbios_knl_Task_A_sleepTaskDisabled__C                           
0001643c  ti_sysbios_knl_Task_E_spOutOfBounds__C                               
00016440  ti_sysbios_knl_Task_E_stackOverflow__C                               
00016444  ti_sysbios_knl_Task_LD_block__C                                      
00016448  ti_sysbios_knl_Task_LD_exit__C                                       
0001644c  ti_sysbios_knl_Task_LD_ready__C                                      
00016450  ti_sysbios_knl_Task_LM_sleep__C                                      
00016454  ti_sysbios_knl_Task_LM_switch__C                                     
00016458  ti_sysbios_knl_Task_Module_State_inactiveQ__O                        
0001645c  ti_sysbios_knl_Task_Module__diagsEnabled__C                          
00016460  ti_sysbios_knl_Task_Module__diagsIncluded__C                         
00016464  ti_sysbios_knl_Task_Module__diagsMask__C                             
00016468  ti_sysbios_knl_Task_Module__loggerFxn2__C                            
0001646c  ti_sysbios_knl_Task_Module__loggerFxn4__C                            
00016470  ti_sysbios_knl_Task_Module__loggerObj__C                             
00016474  ti_sysbios_knl_Task_Object__count__C                                 
00016478  ti_sysbios_knl_Task_allBlockedFunc__C                                
0001647c  ti_sysbios_knl_Task_defaultStackHeap__C                              
00016480  ti_sysbios_knl_Task_defaultStackSize__C                              
00016484  ti_sysbios_knl_Task_numConstructedTasks__C                           
00016488  ti_sysbios_timers_rti_Timer_E_cannotSupport__C                       
0001648c  ti_sysbios_timers_rti_Timer_Module__diagsEnabled__C                  
00016490  ti_sysbios_timers_rti_Timer_Module__diagsIncluded__C                 
00016494  ti_sysbios_timers_rti_Timer_Module__diagsMask__C                     
00016498  ti_sysbios_timers_rti_Timer_numTimerDevices__C                       
0001649c  ti_sysbios_timers_rti_Timer_startupNeeded__C                         
000164a0  xdc_runtime_Assert_E_assertFailed__C                                 
000164a4  xdc_runtime_Core_A_initializedParams__C                              
000164a8  xdc_runtime_Core_Module__diagsEnabled__C                             
000164ac  xdc_runtime_Core_Module__diagsIncluded__C                            
000164b0  xdc_runtime_Core_Module__diagsMask__C                                
000164b4  xdc_runtime_Error_E_memory__C                                        
000164b8  xdc_runtime_Error_Module__diagsEnabled__C                            
000164bc  xdc_runtime_Error_Module__diagsIncluded__C                           
000164c0  xdc_runtime_Error_Module__diagsMask__C                               
000164c4  xdc_runtime_Error_Module__loggerFxn8__C                              
000164c8  xdc_runtime_Error_Module__loggerObj__C                               
000164cc  xdc_runtime_Error_policyFxn__C                                       
000164d0  xdc_runtime_Error_policy__C                                          
000164d4  xdc_runtime_Error_raiseHook__C                                       
000164d8  xdc_runtime_IGateProvider_Interface__BASE__C                         
000164dc  xdc_runtime_IHeap_Interface__BASE__C                                 
000164e0  xdc_runtime_IModule_Interface__BASE__C                               
000164e4  xdc_runtime_Log_L_error__C                                           
000164e8  xdc_runtime_Memory_defaultHeapInstance__C                            
000164ec  xdc_runtime_Startup_execImpl__C                                      
000164f0  xdc_runtime_Startup_maxPasses__C                                     
000164f4  xdc_runtime_Startup_sfxnRts__C                                       
000164f8  xdc_runtime_Startup_sfxnTab__C                                       
000164fc  xdc_runtime_System_Module__gateObj__C                                
00016500  xdc_runtime_System_abortFxn__C                                       
00016504  xdc_runtime_System_exitFxn__C                                        
00016508  xdc_runtime_System_extendFxn__C                                      
0001650c  xdc_runtime_System_maxAtexitHandlers__C                              
00016510  xdc_runtime_Text_charTab__C                                          
00016514  xdc_runtime_Text_nameEmpty__C                                        
00016518  xdc_runtime_Text_nameStatic__C                                       
0001651c  xdc_runtime_Text_nameUnknown__C                                      
00016520  xdc_runtime_Text_nodeTab__C                                          
00016524  xdc_runtime_Text_visitRopeFxn__C                                     
00016528  ti_sysbios_family_arm_v7r_tms570_Core_Module__id__C                  
0001652a  ti_sysbios_family_arm_v7r_vim_Hwi_Module__id__C                      
0001652c  ti_sysbios_family_arm_v7r_vim_Hwi_Module__loggerDefined__C           
0001652e  ti_sysbios_gates_GateMutex_Module__id__C                             
00016530  ti_sysbios_hal_Hwi_Module__id__C                                     
00016532  ti_sysbios_heaps_HeapMem_Module__id__C                               
00016534  ti_sysbios_knl_Clock_Module__id__C                                   
00016536  ti_sysbios_knl_Clock_Module__loggerDefined__C                        
00016538  ti_sysbios_knl_Event_Module__id__C                                   
0001653a  ti_sysbios_knl_Event_Module__loggerDefined__C                        
0001653c  ti_sysbios_knl_Semaphore_Module__id__C                               
0001653e  ti_sysbios_knl_Semaphore_Module__loggerDefined__C                    
00016540  ti_sysbios_knl_Swi_Module__id__C                                     
00016542  ti_sysbios_knl_Swi_Module__loggerDefined__C                          
00016544  ti_sysbios_knl_Task_Module__id__C                                    
00016546  ti_sysbios_knl_Task_Module__loggerDefined__C                         
00016548  ti_sysbios_timers_rti_Timer_Module__id__C                            
0001654a  ti_sysbios_timers_rti_Timer_continueOnSuspend__C                     
0001654c  xdc_runtime_Core_Module__id__C                                       
0001654e  xdc_runtime_Error_Module__loggerDefined__C                           
00016550  xdc_runtime_Error_maxDepth__C                                        
00016552  xdc_runtime_Main_Module__id__C                                       
00016554  xdc_runtime_Memory_Module__id__C                                     
00016556  xdc_runtime_Text_charCnt__C                                          
00016558  xdc_runtime_Text_isLoaded__C                                         
0001655a  xdc_runtime_Text_registryModsLastId__C                               
0001655c  xdc_runtime_Text_unnamedModsLastId__C                                
00016560  __TI_static_base__                                                   
0001945c  __TI_Handler_Table_Base                                              
00019468  __TI_Handler_Table_Limit                                             
00019480  __TI_CINIT_Base                                                      
000194a0  __TI_CINIT_Limit                                                     
08000000  ti_sysbios_heaps_HeapMem_Instance_State_0_buf__A                     
0800a000  circleCount                                                          
0800a004  peopleDetectorState                                                  
0800a008  peopleDetectorStateFlt                                               
0800a00c  peopleDetectorStatePrev                                              
0800a010  gestureTimeStamp                                                     
0800a018  gestureCnt                                                           
0800a020  gestureCntPrev                                                       
0800a028  fltGestureCnt                                                        
0800a030  numDetectionsPerBucket                                               
0800a040  circleData                                                           
0800a068  circleDataNew                                                        
0800a090  circleDataInt                                                        
0800a0b8  gestureProbabilityLog                                                
0800a130  featureVecPosLog                                                     
0800a218  energyLog                                                            
0800a418  gMmwMssMCB                                                           
0800a7a4  gANN_struct_t                                                        
0800ced8  rl_txMsg                                                             
0800cfd8  rl_rxMsg                                                             
0800d2bc  hardCodedConfigIndex                                                 
0800d2c0  hardCodedConfigCommands                                              
0800d334  gCLI                                                                 
0800d4d8  ti_sysbios_family_arm_v7r_vim_Hwi_Module_State_0_dispatchTable__A    
0800d6d8  gCLI_mmwave_freq_scale_factor                                        
0800d6e0  gCLIMMWaveOpenCfg                                                    
0800d704  partInfoStringArray                                                  
0800d744  gCLIMMWaveExtensionTable                                             
0800d7ec  gCLIMMWaveControlCfg                                                 
0800d8b8  _ftable                                                              
0800d9a8  ti_sysbios_knl_Swi_Module_State_0_readyQ__A                          
0800da28  ti_sysbios_knl_Task_Module_State_0_readyQ__A                         
0800daa8  _device                                                              
0800db20  ti_sysbios_knl_Task_Object__table__V                                 
0800db7c  gUartSciHwCfg                                                        
0800dbd4  _stream                                                              
0800dc24  gMailboxMCB                                                          
0800dc74  ti_sysbios_knl_Task_Module__state__V                                 
0800dcbc  SOC_TranslateAddr_LUT                                                
0800dcfc  ti_sysbios_gates_GateMutex_Object__table__V                          
0800dd3c  ti_sysbios_timers_rti_Timer_Object__table__V                         
0800dd78  ti_sysbios_family_arm_v7r_vim_Hwi_Module__state__V                   
0800ddac  ti_sysbios_knl_Swi_Object__table__V                                  
0800dddc  ti_sysbios_family_arm_v7r_vim_Hwi_Object__table__V                   
0800de08  ti_sysbios_knl_Clock_Module__state__V                                
0800de34  gUartSciFxnTable                                                     
0800de5c  UART_config                                                          
0800de80  ti_sysbios_BIOS_Module__state__V                                     
0800dea4  xdc_runtime_Error_IgnoreBlock                                        
0800dec4  xdc_runtime_System_Module_State_0_atexitHandlers__A                  
0800dee4  ti_sysbios_knl_Swi_Module__state__V                                  
0800df00  gMailboxMssBssHwCfg                                                  
0800df18  gMailboxMssDssHwCfg                                                  
0800df30  ti_sysbios_heaps_HeapMem_Object__table__V                            
0800df48  ti_sysbios_timers_rti_Timer_Module_State_0_device__A                 
0800df60  gSOCHwAttrib                                                         
0800df74  ti_sysbios_family_arm_exc_Exception_Module__state__V                 
0800df88  __TI_ft_end                                                          
0800df8c  __aeabi_stdin                                                        
0800df90  __aeabi_stdout                                                       
0800df94  __aeabi_stderr                                                       
0800df98  ti_sysbios_timers_rti_Timer_Module_State_0_intFreqs__A               
0800dfa8  ti_sysbios_timers_rti_Timer_Module__state__V                         
0800dfb8  __TI_cleanup_ptr                                                     
0800dfbc  __TI_dtors_ptr                                                       
0800dfc0  __TI_enable_exit_profile_output                                      
0800dfc4  gESMHwCfgAttrs                                                       
0800dfd0  ti_sysbios_family_arm_v7a_Pmu_Module__state__V                       
0800dfdc  _lock                                                                
0800dfe0  _unlock                                                              
0800dfe4  gGPIOHwAtrrib                                                        
0800dfec  ti_sysbios_family_arm_v7r_vim_Hwi_Module__root__V                    
0800dff4  ti_sysbios_gates_GateHwi_Module__root__V                             
0800dffc  ti_sysbios_gates_GateMutex_Module__root__V                           
0800e004  ti_sysbios_hal_Hwi_Object__table__V                                  
0800e00c  ti_sysbios_heaps_HeapMem_Module__root__V                             
0800e014  ti_sysbios_knl_Event_Module__root__V                                 
0800e01c  ti_sysbios_knl_Queue_Module__root__V                                 
0800e024  ti_sysbios_knl_Semaphore_Module__root__V                             
0800e02c  ti_sysbios_knl_Task_Module__root__V                                  
0800e034  ti_sysbios_timers_rti_Timer_Module_State_0_handles__A                
0800e03c  xdc_runtime_Registry_Module__state__V                                
0800e044  xdc_runtime_Startup_Module__state__V                                 
0800e04c  xdc_runtime_System_Module__state__V                                  
0800e054  gCRCRegister                                                         
0800e058  gPinmuxRegs                                                          
0800e060  errno                                                                
0800e06c  main_func_sp                                                         
0800e074  ti_sysbios_family_arm_exc_Exception_Module_State_0_excContext__A     
0800e078  ti_sysbios_family_arm_exc_Exception_Module_State_0_excStackBuffers__A
0800e07c  ti_sysbios_family_arm_exc_Exception_Module_State_0_excStack__A       
0800e080  ti_sysbios_gates_GateHwi_Object__table__V                            
0800e084  ti_sysbios_heaps_HeapBuf_Module__state__V                            
0800e088  ti_sysbios_knl_Task_Module_State_0_idleTask__A                       
0800e08c  xdc_runtime_Memory_Module__state__V                                  
0800e090  ti_sysbios_family_arm_exc_Exception_Module_State_0_excActive__A      
0800e092  xdc_runtime_Error_Module__state__V                                   
0800e098  ti_sysbios_family_arm_exc_Exception_Module_State_0_excStack_0__A     
0800f098  ti_sysbios_knl_Task_Instance_State_0_stack__A                        
0800f898  gGPIOMCB                                                             
0800fa2c  __CIOBUF_                                                            
0800fb4c  gMMWave_MCB                                                          
0800fc48  __TI_tmpnams                                                         
0800fce8  gEsmMCB                                                              
0800fd58  gMMWave_DualcoreMCB                                                  
0800fd60  parmbuf                                                              
0800fd68  __stack                                                              
08010d68  __STACK_END                                                          
08010d68  ti_sysbios_family_arm_v7r_vim_Hwi_Module_State_0_fiqStack__A         
fffffdec  ti_sysbios_family_arm_v7r_vim_Hwi_vim                                
ffffffff  __TI_pprof_out_hndl                                                  
ffffffff  __TI_prof_data_size                                                  
ffffffff  __TI_prof_data_start                                                 
ffffffff  __binit__                                                            
ffffffff  __c_args__                                                           
ffffffff  binit                                                                
UNDEFED   SHT$$INIT_ARRAY$$Base                                                
UNDEFED   SHT$$INIT_ARRAY$$Limit                                               

[958 symbols]
