******************************************************************************
               TMS320C6x Linker PC v8.1.3                      
******************************************************************************
>> Linked Mon May 20 11:09:42 2019

OUTPUT FILE NAME:   <multi_gesture_68xx_dss.xe674>
ENTRY POINT SYMBOL: "_c_int00"  address: 007fe100


MEMORY CONFIGURATION

         name            origin    length      used     unused   attr    fill
----------------------  --------  ---------  --------  --------  ----  --------
PAGE 0:
  L2SRAM_UMAP1          007e0000   00020000  00020000  00000000  RWIX
  L2SRAM_UMAP0          00800000   00020000  0001d621  000029df  RWIX
  L1PSRAM               00e00000   00004000  00001820  000027e0  RWIX
  L1DSRAM               00f00000   00004000  00004000  00000000  RWIX
  L3SRAM                20000000   000c0000  000020c0  000bdf40  RWIX
  HWA_RAM               21030000   00010000  00000000  00010000  RWIX
  HSRAM                 21080000   00008000  00008000  00000000  RWIX

PAGE 1:
  L3SRAM                20000000   000c0000  000c0000  00000000  RWIX


SEGMENT ALLOCATION MAP

run origin  load origin   length   init length attrs members
----------  ----------- ---------- ----------- ----- -------
007e0000    007e0000    00024be0   00024be0    r-x
  007e0000    007e0000    00000200   00000200    r-x .vecs
  007e0200    007e0200    0001fe00   0001fe00    r-x .text.1
  00800000    00800000    00004be0   00004be0    r-x .text.2
00804be0    00804be0    00011c00   00000000    rw-
  00804be0    00804be0    0000cc00   00000000    rw- .l2data
  008117e0    008117e0    00005000   00000000    rw- systemHeap
008167e0    008167e0    00002b31   00002b31    r--
  008167e0    008167e0    00002b31   00002b31    r-- .const
00819314    00819314    00000004   00000000    rw-
  00819314    00819314    00000004   00000000    rw- .bss
00819318    00819318    000029e4   00000000    rw-
  00819318    00819318    000029e4   00000000    rw- .far
0081bd00    0081bd00    00001618   000011fc    rw-
  0081bd00    0081bd00    000011fc   000011fc    rw- .fardata
  0081cf00    0081cf00    00000418   00000000    rw- .stack
0081d318    0081d318    000001d4   000001d4    r--
  0081d318    0081d318    000001d4   000001d4    r-- .switch
0081d4f0    0081d4f0    00000120   00000000    rw-
  0081d4f0    0081d4f0    00000120   00000000    rw- .cio
0081d610    0081d610    00000010   00000010    rw-
  0081d610    0081d610    00000010   00000010    rw- .neardata
0081d620    0081d620    00000010   00000010    r--
  0081d620    0081d620    00000010   00000010    r-- .ovly
00e00000    20000000    00001820   00001820    r-x
  00e00000    20000000    00001820   00001820    r-x .fastCode
00f00000    00f00000    00004000   00000000    rw-
  00f00000    00f00000    00004000   00000000    rw- .l1data
20001820    20001820    000008a0   000008a0    r-x
  20001820    20001820    000008a0   000008a0    r-x .overlay
21080000    21080000    00008000   00000000    rw-
  21080000    21080000    00008000   00000000    rw- .demoSharedMem
20000000    20000000    000c0000   00000000    rw-
  20000000    20000000    000c0000   00000000    rw- .l3data


SECTION ALLOCATION MAP

 output                                  attributes/
section   page    origin      length       input sections
--------  ----  ----------  ----------   ----------------
.vecs      0    007e0000    00000200     
                  007e0000    00000200     dss_mmw_pe674.oe674 (.vecs)

.text.1    0    007e0200    0001fe00     
                  007e0200    00000bc0     dss_main.oe674 (.text:MmwDemo_parseProfileAndChirpConfig)
                  007e0dc0    000008a0     ti.targets.rts6000.ae674 : System.oe674 (.text:xdc_runtime_System_doPrint__I)
                  007e1660    00000760     dss_main.oe674 (.text:MmwDemo_mboxReadTask)
                  007e1dc0    00000700     sysbios.ae674 : BIOS.obj (.text:ti_sysbios_family_c64p_Exception_handler__I)
                  007e24c0    00000660     dss_data_path.oe674 (.text:MmwDemo_dataPathConfigEdma)
                  007e2b20    000005c0     dss_data_path.oe674 (.text:MmwDemo_dataPathConfigBuffers)
                  007e30e0    000005c0     rts6740_elf.lib : divd.obj (.text:__c6xabi_divd)
                  007e36a0    00000540     dss_main.oe674 (.text:MmwDemo_dssDataPathConfig)
                  007e3be0    00000520     sysbios.ae674 : BIOS.obj (.text:ti_sysbios_knl_Semaphore_pend__E)
                  007e4100    00000500     libcbuff_xwr68xx.ae674 : cbuff.oe674 (.text:CBUFF_init)
                  007e4600    00000500     libhsiheader_xwr68xx.ae674 : hsiheader.oe674 (.text:HSIHeader_createHeader)
                  007e4b00    000004e0     sysbios.ae674 : BIOS.obj (.text:ti_sysbios_knl_Event_pend__E)
                  007e4fe0    000004c0     libcbuff_xwr68xx.ae674 : cbuff.oe674 (.text:CBUFF_createSession)
                  007e54a0    000004c0     sysbios.ae674 : BIOS.obj (.text:ti_sysbios_heaps_HeapMem_allocUnprotected__E)
                  007e5960    000004a0     libmmwave_xwr68xx.ae674 : mmwave_dualcore.oe674 (.text:MMWave_deviceExecuteFxn)
                  007e5e00    00000460     dss_data_path.oe674 (.text:MmwDemo_gen_twiddle_fft16x16_fast)
                  007e6260    00000460     sysbios.ae674 : BIOS.obj (.text:ti_sysbios_heaps_HeapMem_freeUnprotected__E)
                  007e66c0    00000440                   : BIOS.obj (.text:ti_sysbios_knl_Task_Instance_finalize__E)
                  007e6b00    00000420     libmailbox_xwr68xx.ae674 : mailbox.oe674 (.text:Mailbox_open)
                  007e6f20    000003a0     libadcbuf_xwr68xx.ae674 : adcbuf_mmwave.oe674 (.text:ADCBUF_MMWave_control)
                  007e72c0    000003a0     dss_data_path.oe674 (.text:MmwDemo_dcRangeSignatureCompensation)
                  007e7660    00000360     libcbuff_xwr68xx.ae674 : cbuff.oe674 (.text:CBUFF_validateHWSessionCfg)
                  007e79c0    00000360     libcrc_xwr68xx.ae674 : crc.oe674 (.text:CRC_open)
                  007e7d20    00000360     libmmwavelink_xwr68xx.ae674 : rl_driver.oe674 (.text:rlDriverRxHdrRead)
                  007e8080    00000340     libcbuff_xwr68xx.ae674 : cbuff_lvds.oe674 (.text:CBUFF_openLVDS)
                  007e83c0    00000340     dss_main.oe674 (.text:MmwDemo_dssDataPathTask)
                  007e8700    00000340     sysbios.ae674 : BIOS.obj (.text:ti_sysbios_knl_Task_Instance_init__E)
                  007e8a40    00000320     libcbuff_xwr68xx.ae674 : cbuff_lvds.oe674 (.text:CBUFF_initLVDS)
                  007e8d60    00000300                            : cbuff.oe674 (.text:CBUFF_activateSession)
                  007e9060    00000300     dss_main.oe674 (.text:MmwDemo_dssDataPathReconfig)
                  007e9360    000002e0     libcbuff_xwr68xx.ae674 : cbuff_edma.oe674 (.text:CBUFF_configEDMA)
                  007e9640    000002e0     libmmwavelink_xwr68xx.ae674 : rl_driver.oe674 (.text:rlDriverCmdInvoke)
                  007e9920    000002c0     gesture.oe674 (.text:ComputeAngleStats)
                  007e9be0    000002c0     libedma_xwr68xx.ae674 : edma.oe674 (.text:EDMA_configChannel)
                  007e9ea0    000002c0     dss_data_path.oe674 (.text:MmwDemo_genWindow)
                  007ea160    000002c0     sysbios.ae674 : BIOS.obj (.text:ti_sysbios_knl_Task_sleep__E)
                  007ea420    000002a0     libcrc_xwr68xx.ae674 : crc.oe674 (.text:CRC_computeSignature)
                  007ea6c0    000002a0     libedma_xwr68xx.ae674 : edma.oe674 (.text:EDMA_open)
                  007ea960    000002a0     dss_main.oe674 (.text:MmwDemo_dssDataPathInit)
                  007eac00    000002a0     rts6740_elf.lib : divf.obj (.text:__c6xabi_divf)
                  007eaea0    00000280     gesture.oe674 (.text:Computefeatures_DOABased)
                  007eb120    00000280     gesture.oe674 (.text:Computefeatures_RDIBased)
                  007eb3a0    00000280     sysbios.ae674 : BIOS.obj (.text:ti_sysbios_knl_Clock_workFunc__E)
                  007eb620    00000260     dss_data_path.oe674 (.text:MmwDemo_processChirp)
                  007eb880    00000260     rts6740_elf.lib : imath64.obj (.text:__c6xabi_divull)
                  007ebae0    00000260     libmmwavelink_xwr68xx.ae674 : rl_driver.oe674 (.text:rlDriverMsgRead)
                  007ebd40    00000260     ti.targets.rts6000.ae674 : Startup.oe674 (.text:xdc_runtime_Startup_startMods__I)
                  007ebfa0    00000240     libedma_xwr68xx.ae674 : edma.oe674 (.text:EDMA_configErrorMonitoring)
                  007ec1e0    00000240     libmmwave_xwr68xx.ae674 : mmwave_link.oe674 (.text:MMWave_startLink)
                  007ec420    00000240     dss_main.oe674 (.text:MmwDemo_dssDataPathProcessEvents)
                  007ec660    00000240     libmmwavelink_xwr68xx.ae674 : rl_driver.oe674 (.text:rlDriverCmdSendRetry)
                  007ec8a0    00000240                                 : rl_driver.oe674 (.text:rlDriverInit)
                  007ecae0    00000240     rts6740_elf.lib : setvbuf.obj (.text:setvbuf)
                  007ecd20    00000240     sysbios.ae674 : BIOS.obj (.text:ti_sysbios_knl_Event_post__E)
                  007ecf60    00000240                   : BIOS.obj (.text:ti_sysbios_knl_Task_schedule__I)
                  007ed1a0    00000240     ti.targets.rts6000.ae674 : Core-mem.oe674 (.text:xdc_runtime_Core_createObject__I)
                  007ed3e0    00000240     dss_mmw_pe674.oe674 (.text:xdc_runtime_System_printfExtend__I)
                  007ed620    00000220     libcbuff_xwr68xx.ae674 : cbuff.oe674 (.text:CBUFF_deinit)
                  007ed840    00000220                            : cbuff_transfer.oe674 (.text:CBUFF_setupNonInterleaved_ADC)
                  007eda60    00000220     libedma_xwr68xx.ae674 : edma.oe674 (.text:EDMA_transferComplete_isr)
                  007edc80    00000220     libmailbox_xwr68xx.ae674 : mailbox.oe674 (.text:Mailbox_write)
                  007edea0    00000220     dss_data_path.oe674 (.text:MmwDemo_EDMA_CQTransferCompletionCallbackFxn)
                  007ee0c0    00000220     dss_main.oe674 (.text:MmwDemo_parseAdcBufCfg)
                  007ee2e0    00000220     rts6740_elf.lib : fputc.obj (.text:fputc)
                  007ee500    00000220     sysbios.ae674 : BIOS.obj (.text:ti_sysbios_heaps_HeapMem_Instance_init__E)
                  007ee720    00000220                   : BIOS.obj (.text:ti_sysbios_utils_Load_updateThreadContexts__E)
                  007ee940    00000200     libcbuff_xwr68xx.ae674 : cbuff_transfer.oe674 (.text:CBUFF_setupNonInterleaved_MultiChirp_CP_ADC_CQ_USER)
                  007eeb40    00000200     libmmwave_xwr68xx.ae674 : mmwave_link.oe674 (.text:MMWave_initMMWaveLink)
                  007eed40    00000200     dss_lvds_stream.oe674 (.text:MmwDemo_LVDSStreamHwConfig)
                  007eef40    00000200     sysbios.ae674 : c64p_Hwi_disp_always.obj (.text:_ti_sysbios_family_c64p_Hwi_dispatchAlways)
                  007ef140    00000200                   : BIOS.obj (.text:ti_sysbios_family_c64p_Hwi_dispatchCore__I)
                  007ef340    00000200                   : BIOS.obj (.text:ti_sysbios_knl_Semaphore_post__E)
                  007ef540    00000200     ti.targets.rts6000.ae674 : Error.oe674 (.text:xdc_runtime_Error_policyDefault__E)
                  007ef740    000001e0     libadcbuf_xwr68xx.ae674 : adcbuf_mmwave.oe674 (.text:ADCBUF_MMWave_open)
                  007ef920    000001e0     libcbuff_xwr68xx.ae674 : cbuff_transfer.oe674 (.text:CBUFF_setupNonInterleaved_MultiChirp_CP_ADC)
                  007efb00    000001e0                            : cbuff_transfer.oe674 (.text:CBUFF_setupNonInterleaved_MultiChirp_CP_ADC_CQ)
                  007efce0    000001e0                            : cbuff_transfer.oe674 (.text:CBUFF_setupTransfer)
                  007efec0    000001e0     libedma_xwr68xx.ae674 : edma.oe674 (.text:EDMA_init)
                  007f00a0    000001e0     libhsiheader_xwr68xx.ae674 : hsiheader.oe674 (.text:HSIHeader_init)
                  007f0280    000001e0     dss_data_path.oe674 (.text:MmwDemo_gen_twiddle_fft32x32_fast)
                  007f0460    000001e0     rts6740_elf.lib : log.obj (.text:log)
                  007f0640    000001e0     libmmwavelink_xwr68xx.ae674 : rl_driver.oe674 (.text:rlDriverRdVerifyMsg)
                  007f0820    000001e0     sysbios.ae674 : BIOS.obj (.text:ti_sysbios_knl_Task_postInit__I)
                  007f0a00    000001e0                   : BIOS.obj (.text:ti_sysbios_knl_Task_startCore__E)
                  007f0be0    000001e0     ti.targets.rts6000.ae674 : Text.oe674 (.text:xdc_runtime_Text_putSite__E)
                  007f0dc0    000001c0     libcbuff_xwr68xx.ae674 : cbuff_transfer.oe674 (.text:CBUFF_setupNonInterleaved_MultiChirp_ADC_CP)
                  007f0f80    000001c0     libmmwave_xwr68xx.ae674 : mmwave_dualcore.oe674 (.text:MMWave_deviceInitFxn)
                  007f1140    000001c0     libmailbox_xwr68xx.ae674 : mailbox.oe674 (.text:Mailbox_read)
                  007f1300    000001c0     dss_main.oe674 (.text:MmwDemo_dssChirpIntHandler)
                  007f14c0    000001c0     dss_main.oe674 (.text:MmwDemo_edmaBlockCopy)
                  007f1680    000001c0     dss_data_path.oe674 (.text:MmwDemo_genDftSinCosTable)
                  007f1840    000001c0     libsoc_xwr68xx.ae674 : soc.oe674 (.text:SOC_deregisterSysIntListener)
                  007f1a00    000001c0     rts6740_elf.lib : frexp.obj (.text:frexp)
                  007f1bc0    000001c0     sysbios.ae674 : BIOS.obj (.text:ti_sysbios_timers_rti_Timer_getFreq__E)
                  007f1d80    000001a0     libadcbuf_xwr68xx.ae674 : adcbuf_mmwave.oe674 (.text:ADCBUFTestPatternConfig)
                  007f1f20    000001a0     libedma_xwr68xx.ae674 : edma.oe674 (.text:EDMA_paramConfig_assist)
                  007f20c0    000001a0     dss_config_edma_util.oe674 (.text:EDMAutil_configType2b)
                  007f2260    000001a0     rts6740_elf.lib : trgdrv.obj (.text:HOSTrename)
                  007f2400    000001a0     dss_main.oe674 (.text:MmwDemo_dssSendProcessOutputToMSS)
                  007f25a0    000001a0     rts6740_elf.lib : lowlev.obj (.text:getdevice)
                  007f2740    000001a0     libmmwavelink_xwr68xx.ae674 : rl_driver.oe674 (.text:rlDriverDeInit)
                  007f28e0    000001a0                                 : rl_driver.oe674 (.text:rlDriverMsgWrite)
                  007f2a80    000001a0     sysbios.ae674 : BIOS.obj (.text:ti_sysbios_family_c64p_EventCombiner_dispatch__E)
                  007f2c20    000001a0     ti.targets.rts6000.ae674 : Core-smem.oe674 (.text:xdc_runtime_Core_constructObject__I)
                  007f2dc0    00000180     libadcbuf_xwr68xx.ae674 : adcbuf_mmwave.oe674 (.text:ADCBUFCmdParamCheck)
                  007f2f40    00000180     libcbuff_xwr68xx.ae674 : cbuff_transfer.oe674 (.text:CBUFF_setupNonInterleaved_CP_ADC)
                  007f30c0    00000180                            : cbuff_transfer.oe674 (.text:CBUFF_setupNonInterleaved_CP_ADC_CQ_USER)
                  007f3240    00000180     libmmwave_xwr68xx.ae674 : mmwave_fullcfg.oe674 (.text:MMWave_flushCfg)
                  007f33c0    00000180                             : mmwave_fullcfg.oe674 (.text:MMWave_getChirpHandle)
                  007f3540    00000180                             : mmwave.oe674 (.text:MMWave_start)
                  007f36c0    00000180     sysbios.ae674 : c64p_Exception_asm.obj (.text)
                  007f3840    00000180                   : BIOS.obj (.text:ti_sysbios_family_c64p_Exception_internalHandler__I)
                  007f39c0    00000180                   : BIOS.obj (.text:ti_sysbios_knl_Task_exit__E)
                  007f3b40    00000180                   : BIOS.obj (.text:ti_sysbios_utils_Load_logLoads__I)
                  007f3cc0    00000180                   : BIOS.obj (.text:ti_sysbios_utils_Load_startup__E)
                  007f3e40    00000160     libcbuff_xwr68xx.ae674 : cbuff_transfer.oe674 (.text:CBUFF_setupNonInterleaved_ADC_CP)
                  007f3fa0    00000160                            : cbuff_transfer.oe674 (.text:CBUFF_setupNonInterleaved_CP_ADC_CQ)
                  007f4100    00000160     libedma_xwr68xx.ae674 : edma.oe674 (.text:EDMA_getErrorStatusInfo)
                  007f4260    00000160     dss_config_edma_util.oe674 (.text:EDMAutil_configType1)
                  007f43c0    00000160     dss_config_edma_util.oe674 (.text:EDMAutil_configType2a)
                  007f4520    00000160     dss_config_edma_util.oe674 (.text:EDMAutil_configType3)
                  007f4680    00000160     libmmwave_xwr68xx.ae674 : mmwave_link.oe674 (.text:MMWave_asyncEventHandler)
                  007f47e0    00000160                             : mmwave_link.oe674 (.text:MMWave_computeCRC)
                  007f4940    00000160     libmailbox_xwr68xx.ae674 : mailbox.oe674 (.text:Mailbox_close)
                  007f4aa0    00000160     dss_lvds_stream.oe674 (.text:MmwDemo_LVDSStreamSwConfig)
                  007f4c00    00000160     dss_main.oe674 (.text:MmwDemo_dssDataPathOutputLogging)
                  007f4d60    00000160     dss_main.oe674 (.text:MmwDemo_dssDataPathStop)
                  007f4ec0    00000160     libsoc_xwr68xx.ae674 : soc.oe674 (.text:SOC_registerSysIntListener)
                  007f5020    00000160     libmmwavelink_xwr68xx.ae674 : rl_driver.oe674 (.text:rlDriverMsgReadCmdCtx)
                  007f5180    00000160                                 : rl_driver.oe674 (.text:rlDriverWaitForResponse)
                  007f52e0    00000160     sysbios.ae674 : BIOS.obj (.text:ti_sysbios_knl_Task_checkStacks__E)
                  007f5440    00000160                   : BIOS.obj (.text:ti_sysbios_timers_rti_Timer_postInit__I)
                  007f55a0    00000160                   : BIOS.obj (.text:ti_sysbios_utils_Load_idleFxn__E)
                  007f5700    00000160                   : BIOS.obj (.text:ti_sysbios_utils_Load_updateLoads__E)
                  007f5860    00000160     ti.targets.rts6000.ae674 : Text.oe674 (.text:xdc_runtime_Text_putMod__E)
                  007f59c0    00000140     libcbuff_xwr68xx.ae674 : cbuff.oe674 (.text:CBUFF_ISR)
                  007f5b00    00000140                            : cbuff.oe674 (.text:CBUFF_deactivateSession)
                  007f5c40    00000140                            : cbuff.oe674 (.text:CBUFF_deregisterFrameDone)
                  007f5d80    00000140     libedma_xwr68xx.ae674 : edma_low_level.oe674 (.text:EDMA3Init)
                  007f5ec0    00000140                           : edma.oe674 (.text:EDMA_clearErrors)
                  007f6000    00000140     libmmwave_xwr68xx.ae674 : mmwave_fullcfg.oe674 (.text:MMWave_addChirp)
                  007f6140    00000140                             : mmwave.oe674 (.text:MMWave_init)
                  007f6280    00000140     dss_data_path.oe674 (.text:MmwDemo_checkDynamicConfigErrors)
                  007f63c0    00000140     dss_main.oe674 (.text:MmwDemo_dssMmwaveEventCallbackFxn)
                  007f6500    00000140     rts6740_elf.lib : fclose.obj (.text:__TI_closefile)
                  007f6640    00000140                     : fflush.obj (.text:fflush)
                  007f6780    00000140     libmmwavelink_xwr68xx.ae674 : rl_device.oe674 (.text:rlDevicePowerOn)
                  007f68c0    00000140                                 : rl_driver.oe674 (.text:rlDriverMsgCmdReply)
                  007f6a00    00000140     sysbios.ae674 : BIOS.obj (.text:ti_sysbios_gates_GateMutex_enter__E)
                  007f6b40    00000140                   : BIOS.obj (.text:ti_sysbios_knl_Task_Module_startup__E)
                  007f6c80    00000140                   : BIOS.obj (.text:ti_sysbios_knl_Task_blockI__E)
                  007f6dc0    00000140                   : BIOS.obj (.text:ti_sysbios_timers_rti_Timer_Module_startup__E)
                  007f6f00    00000140     ti.targets.rts6000.ae674 : Core-mem.oe674 (.text:xdc_runtime_Core_deleteObject__I)
                  007f7040    00000140                              : Text.oe674 (.text:xdc_runtime_Text_putLab__E)
                  007f7180    00000120     libadcbuf_xwr68xx.ae674 : adcbuf_mmwave.oe674 (.text:ADCBUF_MMWave_getChanBufAddr)
                  007f72a0    00000120     libcbuff_xwr68xx.ae674 : cbuff_transfer.oe674 (.text:CBUFF_setupNonInterleaved_ADC_USER)
                  007f73c0    00000120     libedma_xwr68xx.ae674 : edma.oe674 (.text:EDMA_configParamSet)
                  007f74e0    00000120     dss_lvds_stream.oe674 (.text:MmwDemo_LVDSStream_EDMAAllocateCBUFFHwChannel)
                  007f7600    00000120     dss_lvds_stream.oe674 (.text:MmwDemo_LVDSStream_EDMAAllocateCBUFFSwChannel)
                  007f7720    00000120     dss_data_path.oe674 (.text:MmwDemo_dataPathConfigCQEdma)
                  007f7840    00000120     boot.ae674 : autoinit.oe674 (.text:_auto_init_elf)
                  007f7960    00000120     rts6740_elf.lib : fseek.obj (.text:fseek)
                  007f7a80    00000120     libmmwavelink_xwr68xx.ae674 : rl_driver.oe674 (.text:rlDriverAsyncEventHandler)
                  007f7ba0    00000120     sysbios.ae674 : BIOS.obj (.text:ti_sysbios_family_c64p_EventCombiner_disableEvent__E)
                  007f7cc0    00000120                   : BIOS.obj (.text:ti_sysbios_family_c64p_EventCombiner_dispatchPlug__E)
                  007f7de0    00000120                   : BIOS.obj (.text:ti_sysbios_family_c64p_EventCombiner_enableEvent__E)
                  007f7f00    00000120                   : BIOS.obj (.text:ti_sysbios_knl_Semaphore_Instance_init__E)
                  007f8020    00000100     libcbuff_xwr68xx.ae674 : cbuff_transfer.oe674 (.text:CBUFF_addLinkedList)
                  007f8120    00000100                            : cbuff_edma.oe674 (.text:CBUFF_closeEDMA)
                  007f8220    00000100                            : cbuff_transfer.oe674 (.text:CBUFF_configUserBufferEDMA)
                  007f8320    00000100                            : cbuff_transfer.oe674 (.text:CBUFF_displayLinkedList)
                  007f8420    00000100                            : cbuff_edma.oe674 (.text:CBUFF_setupEDMAShadowLink)
                  007f8520    00000100     rts6740_elf.lib : trgdrv.obj (.text:HOSTlseek)
                  007f8620    00000100     libhsiheader_xwr68xx.ae674 : hsiheader.oe674 (.text:HSIHeader_deleteHeader)
                  007f8720    00000100     libmmwave_xwr68xx.ae674 : mmwave_fullcfg.oe674 (.text:MMWave_addBpmChirp)
                  007f8820    00000100                             : mmwave_fullcfg.oe674 (.text:MMWave_addProfile)
                  007f8920    00000100                             : mmwave_fullcfg.oe674 (.text:MMWave_getChirpCfg)
                  007f8a20    00000100     libmailbox_xwr68xx.ae674 : mailbox.oe674 (.text:Mailbox_readFlush)
                  007f8b20    00000100     dss_lvds_stream.oe674 (.text:MmwDemo_LVDSStreamDeleteHwSession)
                  007f8c20    00000100     dss_lvds_stream.oe674 (.text:MmwDemo_LVDSStreamDeleteSwSession)
                  007f8d20    00000100     dss_lvds_stream.oe674 (.text:MmwDemo_LVDSStreamInit)
                  007f8e20    00000100     dss_lvds_stream.oe674 (.text:MmwDemo_LVDSStream_EDMAFreeCBUFFHwChannel)
                  007f8f20    00000100     dss_lvds_stream.oe674 (.text:MmwDemo_LVDSStream_EDMAFreeCBUFFSwChannel)
                  007f9020    00000100     dss_lvds_stream.oe674 (.text:MmwDemo_LVDSStream_EDMAInit)
                  007f9120    00000100     libsoc_xwr68xx.ae674 : soc_xwr68xx_dss.oe674 (.text:SOC_deviceInit)
                  007f9220    00000100                          : soc_xwr68xx.oe674 (.text:SOC_translateAddress)
                  007f9320    00000100     rts6740_elf.lib : _io_perm.obj (.text:__TI_wrt_ok)
                  007f9420    00000100     libmmwavelink_xwr68xx.ae674 : rl_device.oe674 (.text:rlDevicePowerOff)
                  007f9520    00000100                                 : rl_driver.oe674 (.text:rlDriverClientCbCheck)
                  007f9620    00000100                                 : rl_driver.oe674 (.text:rlDriverOsiCbCheck)
                  007f9720    00000100                                 : rl_driver.oe674 (.text:rlDriverValidateHdr)
                  007f9820    00000100     sysbios.ae674 : BIOS.obj (.text:ti_sysbios_knl_Task_unblockI__E)
                  007f9920    00000100                   : BIOS.obj (.text:ti_sysbios_timers_rti_Timer_initDevice__I)
                  007f9a20    00000100                   : BIOS.obj (.text:ti_sysbios_timers_rti_Timer_start__E)
                  007f9b20    00000100     ti.targets.rts6000.ae674 : Error.oe674 (.text:xdc_runtime_Error_print__E)
                  007f9c20    00000100                              : Memory.oe674 (.text:xdc_runtime_Memory_alloc__E)
                  007f9d20    00000100                              : Startup.oe674 (.text:xdc_runtime_Startup_exec__E)
                  007f9e20    000000e0     libadcbuf_xwr68xx.ae674 : adcbuf_mmwave.oe674 (.text:ADCBUFChannelEnSetOffset)
                  007f9f00    000000e0                             : adcbuf_mmwave.oe674 (.text:ADCBUF_MMWave_getCQBufAddr)
                  007f9fe0    000000e0     libcbuff_xwr68xx.ae674 : cbuff_transfer.oe674 (.text:CBUFF_configCQEDMA)
                  007fa0c0    000000e0                            : cbuff_lvds.oe674 (.text:CBUFF_initLVDSLinkListParams)
                  007fa1a0    000000e0     libcrc_xwr68xx.ae674 : crc.oe674 (.text:CRC_getTransactionId)
                  007fa280    000000e0     libosal_xwr68xx.ae674 : DebugP_tirtos.oe674 (.text:DebugP_log2)
                  007fa360    000000e0                           : DebugP_tirtos.oe674 (.text:DebugP_log3)
                  007fa440    000000e0     libedma_xwr68xx.ae674 : edma.oe674 (.text:EDMA_isTransferComplete)
                  007fa520    000000e0     dss_config_edma_util.oe674 (.text:EDMA_setup_shadow_link)
                  007fa600    000000e0     libedma_xwr68xx.ae674 : edma.oe674 (.text:EDMA_transferController_error_isr)
                  007fa6e0    000000e0     dss_config_edma_util.oe674 (.text:EDMAutil_triggerType3)
                  007fa7c0    000000e0     rts6740_elf.lib : trgdrv.obj (.text:HOSTopen)
                  007fa8a0    000000e0                     : trgdrv.obj (.text:HOSTwrite)
                  007fa980    000000e0     libmmwave_xwr68xx.ae674 : mmwave_dualcore.oe674 (.text:MMWave_deviceStartFxn)
                  007faa60    000000e0                             : mmwave_fullcfg.oe674 (.text:MMWave_getProfileCfg)
                  007fab40    000000e0     libmailbox_xwr68xx.ae674 : mailbox.oe674 (.text:Mailbox_boxFullISRMssDss)
                  007fac20    000000e0                              : mailbox.oe674 (.text:Mailbox_init)
                  007fad00    000000e0     dss_data_path.oe674 (.text:MmwDemo_dataPathConfigFFTs)
                  007fade0    000000e0     dss_main.oe674 (.text:MmwDemo_dssDataPathStart)
                  007faec0    000000e0     rts6740_elf.lib : divi.obj (.text:__divi)
                  007fafa0    000000e0                     : lowlev.obj (.text:close)
                  007fb080    000000e0                     : memset.obj (.text:memset)
                  007fb160    000000e0     libmmwavelink_xwr68xx.ae674 : rl_device.oe674 (.text:rlDeviceGetVersion)
                  007fb240    000000e0                                 : rl_driver.oe674 (.text:rlDriverCalChkSum)
                  007fb320    000000e0                                 : rl_driver.oe674 (.text:rlDriverHostIrqHandler)
                  007fb400    000000e0                                 : rl_driver.oe674 (.text:rlDriverMsgReadSpawnCtx)
                  007fb4e0    000000e0                                 : rl_driver.oe674 (.text:rlDriverProcRdMsg)
                  007fb5c0    000000e0     sysbios.ae674 : BIOS.obj (.text:ti_sysbios_family_c64p_Cache_Module_startup__E)
                  007fb6a0    000000e0                   : BIOS.obj (.text:ti_sysbios_family_c64p_Cache_getL2InitSize__I)
                  007fb780    000000e0                   : BIOS.obj (.text:ti_sysbios_utils_Load_updateCurrentThreadTime__E)
                  007fb860    000000c0     gesture.oe674 (.text:AutoScale)
                  007fb920    000000c0     libcbuff_xwr68xx.ae674 : cbuff.oe674 (.text:CBUFF_deleteSession)
                  007fb9e0    000000c0     libcrc_xwr68xx.ae674 : crc.oe674 (.text:CRC_getSignature)
                  007fbaa0    000000c0     libosal_xwr68xx.ae674 : DebugP_tirtos.oe674 (.text:DebugP_log0)
                  007fbb60    000000c0                           : DebugP_tirtos.oe674 (.text:DebugP_log1)
                  007fbc20    000000c0     libedma_xwr68xx.ae674 : edma.oe674 (.text:EDMA_error_isr)
                  007fbce0    000000c0                           : edma.oe674 (.text:EDMA_startDmaTransfer)
                  007fbda0    000000c0     rts6740_elf.lib : trgdrv.obj (.text:HOSTread)
                  007fbe60    000000c0                     : trgdrv.obj (.text:HOSTunlink)
                  007fbf20    000000c0     libmmwave_xwr68xx.ae674 : mmwave_dualcore.oe674 (.text:MMWave_deviceEventFxn)
                  007fbfe0    000000c0                             : mmwave_fullcfg.oe674 (.text:MMWave_getNumChirps)
                  007fc0a0    000000c0                             : mmwave_link.oe674 (.text:MMWave_initCRC)
                  007fc160    000000c0                             : mmwave_link.oe674 (.text:MMWave_spawn)
                  007fc220    000000c0     libmailbox_xwr68xx.ae674 : mailbox.oe674 (.text:Mailbox_boxFullISRProcessing)
                  007fc2e0    000000c0     dss_lvds_stream.oe674 (.text:MmwDemo_LVDSStream_SwTriggerFrameDone)
                  007fc3a0    000000c0     dss_main.oe674 (.text:MmwDemo_dssFrameStartIntHandler)
                  007fc460    000000c0     libsoc_xwr68xx.ae674 : soc.oe674 (.text:SOC_enableLVDS)
                  007fc520    000000c0     dss_main.oe674 (.text:_MmwDemo_dssAssert)
                  007fc5e0    000000c0     rts6740_elf.lib : fflush.obj (.text:__TI_doflush)
                  007fc6a0    000000c0                     : divu.obj (.text:__divu)
                  007fc760    000000c0                     : remi.obj (.text:__remi)
                  007fc820    000000c0                     : exit.obj (.text:exit)
                  007fc8e0    000000c0     libmmwavelink_xwr68xx.ae674 : rl_driver.oe674 (.text:rlDriverExecuteGetApi)
                  007fc9a0    000000c0     sysbios.ae674 : BIOS.obj (.text:ti_sysbios_family_c64p_Cache_getL1DInitSize__I)
                  007fca60    000000c0                   : BIOS.obj (.text:ti_sysbios_family_c64p_Cache_getL1PInitSize__I)
                  007fcb20    000000c0                   : BIOS.obj (.text:ti_sysbios_heaps_HeapMem_getStats__E)
                  007fcbe0    000000c0                   : BIOS.obj (.text:ti_sysbios_knl_Clock_logTick__E)
                  007fcca0    000000c0     dss_mmw_pe674.oe674 (.text:ti_sysbios_knl_Task_create)
                  007fcd60    000000c0     sysbios.ae674 : BIOS.obj (.text:ti_sysbios_timers_rti_Timer_startup__E)
                  007fce20    000000c0                   : BIOS.obj (.text:ti_sysbios_utils_Load_logCPULoad__I)
                  007fcee0    000000c0                   : BIOS.obj (.text:ti_sysbios_utils_Load_taskCreateHook__E)
                  007fcfa0    000000c0                   : BIOS.obj (.text:ti_sysbios_utils_Load_taskSwitchHook__E)
                  007fd060    000000c0     rts6740_elf.lib : tls.obj (.text:tls:init:__TI_tls_init)
                  007fd120    000000c0     ti.targets.rts6000.ae674 : Assert.oe674 (.text:xdc_runtime_Assert_raise__I)
                  007fd1e0    000000c0                              : Error.oe674 (.text:xdc_runtime_Error_setX__E)
                  007fd2a0    000000a0     libcbuff_xwr68xx.ae674 : cbuff_transfer.oe674 (.text:CBUFF_addCQLLEntry)
                  007fd340    000000a0                            : cbuff_transfer.oe674 (.text:CBUFF_addUserBufferLLEntry)
                  007fd3e0    000000a0                            : cbuff.oe674 (.text:CBUFF_setVC)
                  007fd480    000000a0                            : cbuff_transfer.oe674 (.text:CBUFF_shutdownTransfer)
                  007fd520    000000a0     libedma_xwr68xx.ae674 : edma_low_level.oe674 (.text:EDMA3EnableChInShadowReg)
                  007fd5c0    000000a0                           : edma.oe674 (.text:EDMA_disableChannel)
                  007fd660    000000a0                           : edma.oe674 (.text:EDMA_enableChannel)
                  007fd700    000000a0     rts6740_elf.lib : trgdrv.obj (.text:HOSTclose)
                  007fd7a0    000000a0     libmmwave_xwr68xx.ae674 : mmwave.oe674 (.text:MMWave_execute)
                  007fd840    000000a0                             : mmwave_link.oe674 (.text:MMWave_executeLink)
                  007fd8e0    000000a0                             : mmwave_link.oe674 (.text:MMWave_initLink)
                  007fd980    000000a0                             : mmwave_link.oe674 (.text:MMWave_mboxOpen)
                  007fda20    000000a0                             : mmwave.oe674 (.text:MMWave_sync)
                  007fdac0    000000a0     libmailbox_xwr68xx.ae674 : mailbox.oe674 (.text:Mailbox_boxEmptyISRProcessing)
                  007fdb60    000000a0     dss_lvds_stream.oe674 (.text:MmwDemo_LVDSStream_HwTriggerFrameDone)
                  007fdc00    000000a0     dss_data_path.oe674 (.text:MmwDemo_dataPathWait1DInputData)
                  007fdca0    000000a0     dss_data_path.oe674 (.text:MmwDemo_dataPathWait1DOutputData)
                  007fdd40    000000a0     dss_data_path.oe674 (.text:MmwDemo_dataPathWait2DInputData)
                  007fdde0    000000a0     dss_data_path.oe674 (.text:MmwDemo_dataPathWait2DOutputData)
                  007fde80    000000a0     libsoc_xwr68xx.ae674 : soc.oe674 (.text:SOC_SystemISR)
                  007fdf20    000000a0                          : soc_xwr68xx_dss.oe674 (.text:SOC_triggerDSStoMSSsoftwareInterrupt)
                  007fdfc0    000000a0     rts6740_elf.lib : fopen.obj (.text:__TI_cleanup)
                  007fe060    000000a0                     : remu.obj (.text:__remu)
                  007fe100    000000a0     boot.ae674 : boot.oe674 (.text:_c_int00)
                  007fe1a0    000000a0     gesture.oe674 (.text:addDopplerCompensation16)
                  007fe240    000000a0     rts6740_elf.lib : memcpy64.obj (.text:memcpy)
                  007fe2e0    000000a0                     : modf.obj (.text:modf)
                  007fe380    000000a0     libmmwavelink_xwr68xx.ae674 : rl_controller.oe674 (.text:rlAppendSubBlock)
                  007fe420    000000a0                                 : rl_driver.oe674 (.text:rlDriverExecuteSetApi)
                  007fe4c0    000000a0                                 : rl_driver.oe674 (.text:rlDriverVerifyCRC)
                  007fe560    000000a0                                 : rl_controller.oe674 (.text:rlGetSubBlock)
                  007fe600    000000a0     sysbios.ae674 : BIOS.obj (.text:ti_sysbios_family_c64p_Hwi_Module_startup__E)
                  007fe6a0    000000a0                   : BIOS.obj (.text:ti_sysbios_family_c64p_Hwi_eventMap__E)
                  007fe740    000000a0                   : BIOS.obj (.text:ti_sysbios_family_c64p_Hwi_getStackInfo__E)
                  007fe7e0    000000a0                   : BIOS.obj (.text:ti_sysbios_heaps_HeapMem_alloc__E)
                  007fe880    000000a0                   : BIOS.obj (.text:ti_sysbios_knl_Task_allBlockedFunction__I)
                  007fe920    000000a0                   : BIOS.obj (.text:ti_sysbios_timers_rti_Timer_setPeriodMicroSecs__E)
                  007fe9c0    000000a0                   : BIOS.obj (.text:ti_sysbios_utils_Load_addTask__E)
                  007fea60    000000a0                   : BIOS.obj (.text:ti_sysbios_utils_Load_taskDeleteHook__E)
                  007feb00    000000a0     ti.targets.rts6000.ae674 : Core-params.oe674 (.text:xdc_runtime_Core_assignParams__I)
                  007feba0    000000a0                              : System.oe674 (.text:xdc_runtime_System_formatNum__I)
                  007fec40    000000a0                              : System.oe674 (.text:xdc_runtime_System_putchar__I)
                  007fece0    000000a0                              : Text.oe674 (.text:xdc_runtime_Text_printVisFxn__I)
                  007fed80    000000a0                              : Text.oe674 (.text:xdc_runtime_Text_xprintf__I)
                  007fee20    00000080     libadcbuf_xwr68xx.ae674 : ADCBuf.oe674 (.text:ADCBuf_init)
                  007feea0    00000080     libcbuff_xwr68xx.ae674 : cbuff_lvds.oe674 (.text:CBUFF_closeLVDS)
                  007fef20    00000080                            : cbuff_transfer.oe674 (.text:CBUFF_setupHeader)
                  007fefa0    00000080                            : cbuff_transfer.oe674 (.text:CBUFF_setup_USER)
                  007ff020    00000080     libedma_xwr68xx.ae674 : edma_low_level.oe674 (.text:EDMA3MapChToEvtQ)
                  007ff0a0    00000080                           : edma.oe674 (.text:EDMA_chainChannels)
                  007ff120    00000080                           : edma.oe674 (.text:EDMA_getTransferControllerErrorStatusInfo)
                  007ff1a0    00000080                           : edma.oe674 (.text:EDMA_linkParamSets)
                  007ff220    00000080     libhsiheader_xwr68xx.ae674 : hsiheader.oe674 (.text:HSIHeader_processUserBuffer)
                  007ff2a0    00000080     libmmwave_xwr68xx.ae674 : mmwave_link.oe674 (.text:MMWave_mboxWrite)
                  007ff320    00000080     libmailbox_xwr68xx.ae674 : mailbox.oe674 (.text:Mailbox_writeReset)
                  007ff3a0    00000080     dss_main.oe674 (.text:MmwDemo_cfgUpdate)
                  007ff420    00000080     dss_data_path.oe674 (.text:MmwDemo_dataPathComputeDerivedConfig)
                  007ff4a0    00000080     libosal_xwr68xx.ae674 : SemaphoreP_tirtos.oe674 (.text:SemaphoreP_create)
                  007ff520    00000080     rts6740_elf.lib : trgmsg.obj (.text:__TI_readmsg)
                  007ff5a0    00000080                     : trgmsg.obj (.text:__TI_writemsg)
                  007ff620    00000080                     : fixdu.obj (.text:__c6xabi_fixdu)
                  007ff6a0    00000080                     : llshift.obj (.text:__c6xabi_llshl)
                  007ff720    00000080     sysbios.ae674 : c62_TaskSupport_asm.obj (.text:_ti_sysbios_family_c62_TaskSupport_swap__E)
                  007ff7a0    00000080     gesture.oe674 (.text:find_max16)
                  007ff820    00000080     gesture.oe674 (.text:find_max)
                  007ff8a0    00000080     mmwDemo_monitor.oe674 (.text:mmwDemo_cfgAnalogMonitor)
                  007ff920    00000080     libmmwavelink_xwr68xx.ae674 : rl_driver.oe674 (.text:rlDeviceIdentifyCmdDir)
                  007ff9a0    00000080                                 : rl_driver.oe674 (.text:rlDriverOsiInit)
                  007ffa20    00000080     dss_mmw_pe674.oe674 (.text:ti_sysbios_BIOS_atExitFunc__I)
                  007ffaa0    00000080     dss_mmw_pe674.oe674 (.text:ti_sysbios_BIOS_registerRTSLock__I)
                  007ffb20    00000080     sysbios.ae674 : BIOS.obj (.text:ti_sysbios_family_c64p_Cache_marInit__I)
                  007ffba0    00000080                   : BIOS.obj (.text:ti_sysbios_family_c64p_Exception_Module_startup__E)
                  007ffc20    00000080     dss_mmw_pe674.oe674 (.text:ti_sysbios_gates_GateHwi_Object__create__S)
                  007ffca0    00000080     dss_mmw_pe674.oe674 (.text:ti_sysbios_gates_GateMutex_Object__create__S)
                  007ffd20    00000080     sysbios.ae674 : BIOS.obj (.text:ti_sysbios_hal_Hwi_checkStack)
                  007ffda0    00000080                   : BIOS.obj (.text:ti_sysbios_hal_Hwi_initStack)
                  007ffe20    00000080     dss_mmw_pe674.oe674 (.text:ti_sysbios_heaps_HeapMem_Object__create__S)
                  007ffea0    00000080     sysbios.ae674 : BIOS.obj (.text:ti_sysbios_heaps_HeapMem_free__E)
                  007fff20    00000060     libadcbuf_xwr68xx.ae674 : adcbuf_mmwave.oe674 (.text:ADCBUF_MMWave_close)
                  007fff80    00000010     dss_data_path.oe674 ($Tramp$S$$MmwDemo_interFrameProcessing)
                  007fff90    00000010     dss_data_path.oe674 ($Tramp$S$$MmwDemo_interChirpProcessing)
                  007fffa0    00000010     libmmwavealg_xwr68xx.ae674 : mmwavelib_log2abs.oe674 ($Tramp$S$$mmwavelib_log2Abs16)
                  007fffb0    00000010     dsplib.ae64P : DSP_fft16x16_sa.oe64P ($Tramp$S$$DSP_fft16x16)
                  007fffc0    00000010     dss_data_path.oe674 ($Tramp$S$$MmwDemo_dataPathInitEdma)
                  007fffd0    00000010     mathlib.ae674 : sinsp.oe674 ($Tramp$S$$sinsp)
                  007fffe0    00000010                   : cossp.oe674 ($Tramp$S$$cossp)
                  007ffff0    00000010     --HOLE-- [fill = 00000000]

.text.2    0    00800000    00004be0     
                  00800000    00000080     sysbios.ae674 : BIOS.obj (.text:ti_sysbios_heaps_HeapMem_init__I)
                  00800080    00000080     dss_mmw_pe674.oe674 (.text:ti_sysbios_knl_Clock_doTick__I)
                  00800100    00000080     dss_mmw_pe674.oe674 (.text:ti_sysbios_knl_Event_create)
                  00800180    00000080     sysbios.ae674 : BIOS.obj (.text:ti_sysbios_knl_Idle_run__E)
                  00800200    00000080     dss_mmw_pe674.oe674 (.text:ti_sysbios_knl_Semaphore_create)
                  00800280    00000080     sysbios.ae674 : BIOS.obj (.text:ti_sysbios_knl_Task_processVitalTaskFlag__I)
                  00800300    00000080     dss_mmw_pe674.oe674 (.text:ti_sysbios_rts_MemAlloc_alloc)
                  00800380    00000080     sysbios.ae674 : BIOS.obj (.text:ti_sysbios_timers_rti_Timer_setPeriod__E)
                  00800400    00000080                   : BIOS.obj (.text:ti_sysbios_timers_rti_Timer_stop__E)
                  00800480    00000080                   : BIOS.obj (.text:ti_sysbios_utils_Load_removeTask__E)
                  00800500    00000080     rts6740_elf.lib : lowlev.obj (.text:unlink)
                  00800580    00000080     ti.targets.rts6000.ae674 : Core-label.oe674 (.text:xdc_runtime_Core_assignLabel__I)
                  00800600    00000080                              : SysStd.oe674 (.text:xdc_runtime_SysStd_abort__E)
                  00800680    00000080                              : System.oe674 (.text:xdc_runtime_System_atexit__E)
                  00800700    00000080                              : System.oe674 (.text:xdc_runtime_System_avprintf__E)
                  00800780    00000080                              : System.oe674 (.text:xdc_runtime_System_processAtExit__E)
                  00800800    00000080                              : System.oe674 (.text:xdc_runtime_System_vprintf__E)
                  00800880    00000060     libadcbuf_xwr68xx.ae674 : ADCBuf.oe674 (.text:ADCBuf_open)
                  008008e0    00000060     libcbuff_xwr68xx.ae674 : cbuff.oe674 (.text:CBUFF_ErrorISR)
                  00800940    00000060     libcrc_xwr68xx.ae674 : crc.oe674 (.text:CRC_getCRCDataSelectBitValue)
                  008009a0    00000060                          : crc.oe674 (.text:CRC_getCRCTypeBitValue)
                  00800a00    00000060                          : crc.oe674 (.text:CRC_isTransactionIdValid)
                  00800a60    00000060                          : crc.oe674 (.text:CRC_resetSignature)
                  00800ac0    00000060     libedma_xwr68xx.ae674 : edma_low_level.oe674 (.text:EDMA3ClrEvt)
                  00800b20    00000060                           : edma_low_level.oe674 (.text:EDMA3ClrIntr)
                  00800b80    00000060                           : edma_low_level.oe674 (.text:EDMA3ClrMissEvt)
                  00800be0    00000060                           : edma_low_level.oe674 (.text:EDMA3DisableEvtIntr)
                  00800c40    00000060                           : edma_low_level.oe674 (.text:EDMA3EnableDmaEvt)
                  00800ca0    00000060                           : edma_low_level.oe674 (.text:EDMA3EnableEvtIntr)
                  00800d00    00000060                           : edma_low_level.oe674 (.text:EDMA3SetEvt)
                  00800d60    00000060                           : edma.oe674 (.text:EDMA_configTransferControllerError)
                  00800dc0    00000060                           : edma.oe674 (.text:EDMA_isError)
                  00800e20    00000060                           : edma.oe674 (.text:EDMA_setDestinationAddress)
                  00800e80    00000060                           : edma.oe674 (.text:EDMA_setSourceAddress)
                  00800ee0    00000060                           : edma.oe674 (.text:EDMA_validate_channelIdchannelType)
                  00800f40    00000060     libhsiheader_xwr68xx.ae674 : hsiheader.oe674 (.text:HSIHeader_processCQ)
                  00800fa0    00000060     libmmwave_xwr68xx.ae674 : mmwave_listlib.oe674 (.text:MMWave_listCat)
                  00801000    00000060                             : mmwave_listlib.oe674 (.text:MMWave_listRemoveNode)
                  00801060    00000060                             : mmwave_osal.oe674 (.text:MMWave_osalMutexCreate)
                  008010c0    00000060                             : mmwave_osal.oe674 (.text:MMWave_osalSemCreate)
                  00801120    00000060     libmailbox_xwr68xx.ae674 : mailbox.oe674 (.text:Mailbox_Config_init)
                  00801180    00000060     dss_data_path.oe674 (.text:MmwDemo_dataPathObjInit)
                  008011e0    00000060     dss_data_path.oe674 (.text:MmwDemo_dssDataPathStartCQEdma)
                  00801240    00000060     dss_main.oe674 (.text:MmwDemo_dssMMWaveCtrlTask)
                  008012a0    00000060     dss_main.oe674 (.text:MmwDemo_dssMmwaveOpenCallbackFxn)
                  00801300    00000060     dss_main.oe674 (.text:MmwDemo_measurementResultOutput)
                  00801360    00000060     dss_main.oe674 (.text:MmwDemo_triggerDss2MssISR)
                  008013c0    00000060     dss_data_path.oe674 (.text:MmwDemo_waitEndOfChirps)
                  00801420    00000060     libsoc_xwr68xx.ae674 : soc_xwr68xx.oe674 (.text:SOC_setMMWaveDSSLinkState)
                  00801480    00000060                          : soc_xwr68xx.oe674 (.text:SOC_setMMWaveMSSLinkState)
                  008014e0    00000060                          : soc.oe674 (.text:SOC_unhaltBSS)
                  00801540    00000060                          : soc_xwr68xx_dss.oe674 (.text:SOC_waitBSSPowerUp)
                  008015a0    00000060     rts6740_elf.lib : llshift.obj (.text:__c6xabi_llshru)
                  00801600    00000060                     : imath64.obj (.text:_subcull)
                  00801660    00000060     sysbios.ae674 : c64p_Hwi_asm_switch.obj (.text:_ti_sysbios_family_c64p_Hwi_switchAndDispatch__I)
                  008016c0    00000060     rts6740_elf.lib : lowlev.obj (.text:lseek)
                  00801720    00000060     mmwDemo_monitor.oe674 (.text:mmwDemo_cfgRxSaturationMonitor)
                  00801780    00000060     mmwDemo_monitor.oe674 (.text:mmwDemo_cfgRxSigImgMonitor)
                  008017e0    00000060     libmmwavelink_xwr68xx.ae674 : rl_device.oe674 (.text:rlDeviceGetMssVersion)
                  00801840    00000060                                 : rl_driver.oe674 (.text:rlDriverConstructInMsg)
                  008018a0    00000060                                 : rl_sensor.oe674 (.text:rlEnableContMode)
                  00801900    00000060                                 : rl_monitoring.oe674 (.text:rlRfAnaMonConfig)
                  00801960    00000060                                 : rl_sensor.oe674 (.text:rlRfRunTimeCalibConfig)
                  008019c0    00000060                                 : rl_monitoring.oe674 (.text:rlRfRxIfSatMonConfig)
                  00801a20    00000060                                 : rl_monitoring.oe674 (.text:rlRfRxSigImgMonConfig)
                  00801a80    00000060                                 : rl_sensor.oe674 (.text:rlSensorStart)
                  00801ae0    00000060     dss_mmw_pe674.oe674 (.text:ti_sysbios_BIOS_errorRaiseHook__I)
                  00801b40    00000060     dss_mmw_pe674.oe674 (.text:ti_sysbios_BIOS_removeRTSLock__I)
                  00801ba0    00000060     dss_mmw_pe674.oe674 (.text:ti_sysbios_BIOS_startFunc__I)
                  00801c00    00000060     sysbios.ae674 : BIOS.obj (.text:ti_sysbios_family_c62_TaskSupport_start__E)
                  00801c60    00000060                   : BIOS.obj (.text:ti_sysbios_family_c64p_Cache_setMar__E)
                  00801cc0    00000060                   : BIOS.obj (.text:ti_sysbios_family_c64p_Cache_setSize__E)
                  00801d20    00000060                   : BIOS.obj (.text:ti_sysbios_family_c64p_EventCombiner_Module_startup__E)
                  00801d80    00000060                   : BIOS.obj (.text:ti_sysbios_family_c64p_EventCombiner_unused__E)
                  00801de0    00000060     dss_mmw_pe674.oe674 (.text:ti_sysbios_gates_GateMutex_Object__delete__S)
                  00801e40    00000060     sysbios.ae674 : BIOS.obj (.text:ti_sysbios_knl_Clock_Module_startup__E)
                  00801ea0    00000060     dss_mmw_pe674.oe674 (.text:ti_sysbios_knl_Queue_construct)
                  00801f00    00000060     dss_mmw_pe674.oe674 (.text:ti_sysbios_knl_Semaphore_Object__delete__S)
                  00801f60    00000060     dss_mmw_pe674.oe674 (.text:ti_sysbios_knl_Semaphore_construct)
                  00801fc0    00000060     sysbios.ae674 : BIOS.obj (.text:ti_sysbios_knl_Task_enter__I)
                  00802020    00000060                   : BIOS.obj (.text:ti_sysbios_knl_Task_getMode__E)
                  00802080    00000060                   : BIOS.obj (.text:ti_sysbios_knl_Task_restoreHwi__E)
                  008020e0    00000060                   : BIOS.obj (.text:ti_sysbios_knl_Task_restore__E)
                  00802140    00000060     rts6740_elf.lib : lowlev.obj (.text:write)
                  008021a0    00000060     ti.targets.rts6000.ae674 : Memory.oe674 (.text:xdc_runtime_Memory_valloc__E)
                  00802200    00000060                              : Text.oe674 (.text:xdc_runtime_Text_cordText__E)
                  00802260    00000040     libcbuff_xwr68xx.ae674 : cbuff.oe674 (.text:CBUFF_FrameStartISR)
                  008022a0    00000040                            : cbuff_lvds.oe674 (.text:CBUFF_finalizeLVDSLinkListParams)
                  008022e0    00000040     libcrc_xwr68xx.ae674 : crc.oe674 (.text:CRC_getSignatureRegister)
                  00802320    00000040                          : crc.oe674 (.text:CRC_releaseTransactionId)
                  00802360    00000040     libadcbuf_xwr68xx.ae674 : adcbuf_mmwave.oe674 (.text:CSL_FEXTR)
                  008023a0    00000040     libcbuff_xwr68xx.ae674 : cbuff.oe674 (.text:CSL_FEXTR)
                  008023e0    00000040                            : cbuff_lvds.oe674 (.text:CSL_FEXTR)
                  00802420    00000040     libhsiheader_xwr68xx.ae674 : hsiheader.oe674 (.text:CSL_FEXTR)
                  00802460    00000040     libmmwave_xwr68xx.ae674 : mmwave.oe674 (.text:CSL_FEXTR)
                  008024a0    00000040     libsoc_xwr68xx.ae674 : soc.oe674 (.text:CSL_FEXTR)
                  008024e0    00000040                          : soc_xwr68xx.oe674 (.text:CSL_FEXTR)
                  00802520    00000040     libadcbuf_xwr68xx.ae674 : adcbuf_mmwave.oe674 (.text:CSL_FINSR)
                  00802560    00000040     libcbuff_xwr68xx.ae674 : cbuff.oe674 (.text:CSL_FINSR)
                  008025a0    00000040                            : cbuff_lvds.oe674 (.text:CSL_FINSR)
                  008025e0    00000040                            : cbuff_transfer.oe674 (.text:CSL_FINSR)
                  00802620    00000040     libcrc_xwr68xx.ae674 : crc.oe674 (.text:CSL_FINSR)
                  00802660    00000040     libmailbox_xwr68xx.ae674 : mailbox.oe674 (.text:CSL_FINSR)
                  008026a0    00000040     libsoc_xwr68xx.ae674 : soc.oe674 (.text:CSL_FINSR)
                  008026e0    00000040                          : soc_xwr68xx.oe674 (.text:CSL_FINSR)
                  00802720    00000040                          : soc_xwr68xx_dss.oe674 (.text:CSL_FINSR)
                  00802760    00000040     libedma_xwr68xx.ae674 : edma_low_level.oe674 (.text:EDMA3DisableDmaEvt)
                  008027a0    00000040                           : edma_low_level.oe674 (.text:EDMA3MapQdmaChToPaRAM)
                  008027e0    00000040                           : edma_low_level.oe674 (.text:EDMA3SetPaRAM)
                  00802820    00000040                           : edma_low_level.oe674 (.text:EDMA3SetQdmaTrigWord)
                  00802860    00000040     libosal_xwr68xx.ae674 : HwiP_tirtos.oe674 (.text:HwiP_create)
                  008028a0    00000040                           : HwiP_tirtos.oe674 (.text:HwiP_delete)
                  008028e0    00000040     libmmwave_xwr68xx.ae674 : mmwave_dualcore.oe674 (.text:MMWave_deviceSyncFxn)
                  00802920    00000040                             : mmwave.oe674 (.text:MMWave_encodeError)
                  00802960    00000040                             : mmwave_listlib.oe674 (.text:MMWave_listAdd)
                  008029a0    00000040                             : mmwave_listlib.oe674 (.text:MMWave_listRemove)
                  008029e0    00000040                             : mmwave_osal.oe674 (.text:MMWave_osalMutexLock)
                  00802a20    00000040                             : mmwave_osal.oe674 (.text:MMWave_osalSemWait)
                  00802a60    00000040     libmailbox_xwr68xx.ae674 : mailbox.oe674 (.text:Mailbox_boxEmptyISRBss)
                  00802aa0    00000040                              : mailbox.oe674 (.text:Mailbox_boxEmptyISRMssDss)
                  00802ae0    00000040                              : mailbox.oe674 (.text:Mailbox_boxFullISRBss)
                  00802b20    00000040     dss_data_path.oe674 (.text:MmwDemo_dataPathInit1Dstate)
                  00802b60    00000040     dss_main.oe674 (.text:MmwDemo_dssMmwaveConfigCallbackFxn)
                  00802ba0    00000040     dss_main.oe674 (.text:MmwDemo_dssMmwaveStartCallbackFxn)
                  00802be0    00000040     dss_data_path.oe674 (.text:MmwDemo_edmaErrorCallbackFxn)
                  00802c20    00000040     dss_data_path.oe674 (.text:MmwDemo_edmaTransferControllerErrorCallbackFxn)
                  00802c60    00000040     dss_main.oe674 (.text:MmwDemo_mboxWrite)
                  00802ca0    00000040     dss_data_path.oe674 (.text:MmwDemo_pow2roundup)
                  00802ce0    00000040     libsoc_xwr68xx.ae674 : soc_xwr68xx_dss.oe674 (.text:SOC_getInAddr_LUTType)
                  00802d20    00000040                          : soc_xwr68xx_dss.oe674 (.text:SOC_getOutAddr_LUTType)
                  00802d60    00000040                          : soc_xwr68xx.oe674 (.text:SOC_isMMWaveDSSOperational)
                  00802da0    00000040                          : soc_xwr68xx.oe674 (.text:SOC_isMMWaveMSSOperational)
                  00802de0    00000040                          : soc_xwr68xx_dss.oe674 (.text:SOC_microDelay)
                  00802e20    00000040     rts6740_elf.lib : frcmpyd_div.obj (.text:__TI_frcmpyd_div)
                  00802e60    00000040                     : strasg.obj (.text:__strasgi_64plus)
                  00802ea0    00000040                     : args_main.obj (.text:_args_main)
                  00802ee0    00000040     sysbios.ae674 : c62_TaskSupport_asm.obj (.text:_ti_sysbios_family_c62_TaskSupport_buildTaskStack)
                  00802f20    00000040     dss_mmw_pe674.oe674 (.text:free)
                  00802f60    00000040     gesture.oe674 (.text:gestureInit)
                  00802fa0    00000040     rts6740_elf.lib : log10.obj (.text:log10)
                  00802fe0    00000040     libmmwavelink_xwr68xx.ae674 : rl_controller.oe674 (.text:rlAppendDummy)
                  00803020    00000040                                 : rl_device.oe674 (.text:rlDeviceGetRfVersion)
                  00803060    00000040                                 : rl_driver.oe674 (.text:rlDriverCalCRC)
                  008030a0    00000040     dss_mmw_pe674.oe674 (.text:ti_sysbios_BIOS_exitFunc__I)
                  008030e0    00000040     dss_mmw_pe674.oe674 (.text:ti_sysbios_BIOS_rtsLock__I)
                  00803120    00000040     dss_mmw_pe674.oe674 (.text:ti_sysbios_BIOS_rtsUnlock__I)
                  00803160    00000040     sysbios.ae674 : BIOS.obj (.text:ti_sysbios_family_c64p_Exception_externalHandler__I)
                  008031a0    00000040                   : BIOS.obj (.text:ti_sysbios_family_c64p_Exception_nmiHandler__I)
                  008031e0    00000040                   : BIOS.obj (.text:ti_sysbios_family_c64p_Hwi_disableIER__E)
                  00803220    00000040                   : BIOS.obj (.text:ti_sysbios_family_c64p_Hwi_dispatchC__I)
                  00803260    00000040                   : BIOS.obj (.text:ti_sysbios_family_c64p_Hwi_enableIER__E)
                  008032a0    00000040                   : BIOS.obj (.text:ti_sysbios_family_c64p_Hwi_getEventId__E)
                  008032e0    00000040     dss_mmw_pe674.oe674 (.text:ti_sysbios_gates_GateHwi_Handle__label__S)
                  00803320    00000040     dss_mmw_pe674.oe674 (.text:ti_sysbios_gates_GateHwi_Object__delete__S)
                  00803360    00000040     dss_mmw_pe674.oe674 (.text:ti_sysbios_gates_GateMutex_Handle__label__S)
                  008033a0    00000040     sysbios.ae674 : BIOS.obj (.text:ti_sysbios_gates_GateMutex_Instance_finalize__E)
                  008033e0    00000040                   : BIOS.obj (.text:ti_sysbios_gates_GateMutex_Instance_init__E)
                  00803420    00000040                   : BIOS.obj (.text:ti_sysbios_gates_GateMutex_leave__E)
                  00803460    00000040     dss_mmw_pe674.oe674 (.text:ti_sysbios_heaps_HeapMem_Handle__label__S)
                  008034a0    00000040     dss_mmw_pe674.oe674 (.text:ti_sysbios_heaps_HeapMem_Object__delete__S)
                  008034e0    00000040     dss_mmw_pe674.oe674 (.text:ti_sysbios_heaps_HeapMem_Object__get__S)
                  00803520    00000040     sysbios.ae674 : BIOS.obj (.text:ti_sysbios_knl_Clock_addI__E)
                  00803560    00000040                   : BIOS.obj (.text:ti_sysbios_knl_Event_Instance_init__E)
                  008035a0    00000040                   : BIOS.obj (.text:ti_sysbios_knl_Event_checkEvents__I)
                  008035e0    00000040                   : BIOS.obj (.text:ti_sysbios_knl_Event_pendTimeout__I)
                  00803620    00000040                   : BIOS.obj (.text:ti_sysbios_knl_Semaphore_Instance_finalize__E)
                  00803660    00000040     dss_mmw_pe674.oe674 (.text:ti_sysbios_knl_Semaphore_destruct)
                  008036a0    00000040     sysbios.ae674 : BIOS.obj (.text:ti_sysbios_knl_Semaphore_pendTimeout__I)
                  008036e0    00000040     dss_mmw_pe674.oe674 (.text:ti_sysbios_knl_Task_Object__get__S)
                  00803720    00000040     sysbios.ae674 : BIOS.obj (.text:ti_sysbios_knl_Task_sleepTimeout__I)
                  00803760    00000040                   : BIOS.obj (.text:ti_sysbios_knl_Task_unblock__E)
                  008037a0    00000040                   : BIOS.obj (.text:ti_sysbios_timers_rti_Timer_ackInterrupt__E)
                  008037e0    00000040                   : BIOS.obj (.text:ti_sysbios_timers_rti_Timer_checkOverflow__I)
                  00803820    00000040                   : BIOS.obj (.text:ti_sysbios_utils_Load_getTaskLoad__E)
                  00803860    00000040     ti.targets.rts6000.ae674 : Error.oe674 (.text:xdc_runtime_Error_check__E)
                  008038a0    00000040                              : Error.oe674 (.text:xdc_runtime_Error_init__E)
                  008038e0    00000040                              : Registry.oe674 (.text:xdc_runtime_Registry_findById__E)
                  00803920    00000040                              : System.oe674 (.text:xdc_runtime_System_abort__E)
                  00803960    00000040     dss_mmw_pe674.oe674 (.text:xdc_runtime_System_aprintf__E)
                  008039a0    00000040     ti.targets.rts6000.ae674 : System.oe674 (.text:xdc_runtime_System_exit__E)
                  008039e0    00000040     dss_mmw_pe674.oe674 (.text:xdc_runtime_System_printf__E)
                  00803a20    00000020     libadcbuf_xwr68xx.ae674 : adcbuf_mmwave.oe674 (.text:ADCBUF_MMWave_init)
                  00803a40    00000020                             : ADCBuf.oe674 (.text:ADCBuf_Params_init)
                  00803a60    00000020                             : ADCBuf.oe674 (.text:ADCBuf_control)
                  00803a80    00000020                             : ADCBuf.oe674 (.text:ADCBuf_getChanBufAddr)
                  00803aa0    00000020     libcbuff_xwr68xx.ae674 : cbuff_lvds.oe674 (.text:CBUFF_deinitLVDS)
                  00803ac0    00000020     libcrc_xwr68xx.ae674 : crc.oe674 (.text:CRC_initConfigParams)
                  00803ae0    00000020     libsoc_xwr68xx.ae674 : soc_xwr68xx_dss.oe674 (.text:CSL_FEXTR)
                  00803b00    00000020     libedma_xwr68xx.ae674 : edma_low_level.oe674 (.text:EDMA3ChannelToParamMap)
                  00803b20    00000020                           : edma_low_level.oe674 (.text:EDMA3ClrCCErr)
                  00803b40    00000020                           : edma_low_level.oe674 (.text:EDMA3DisableQdmaEvt)
                  00803b60    00000020                           : edma_low_level.oe674 (.text:EDMA3EnableQdmaEvt)
                  00803b80    00000020                           : edma_low_level.oe674 (.text:EDMA3ErrIntrHighStatusGet)
                  00803ba0    00000020                           : edma_low_level.oe674 (.text:EDMA3GetCCErrStatus)
                  00803bc0    00000020                           : edma_low_level.oe674 (.text:EDMA3GetErrIntrStatus)
                  00803be0    00000020                           : edma_low_level.oe674 (.text:EDMA3GetIntrStatus)
                  00803c00    00000020                           : edma_low_level.oe674 (.text:EDMA3IntrStatusHighGet)
                  00803c20    00000020                           : edma_low_level.oe674 (.text:EDMA3QdmaClrMissEvt)
                  00803c40    00000020                           : edma_low_level.oe674 (.text:EDMA3QdmaGetErrIntrStatus)
                  00803c60    00000020                           : edma.oe674 (.text:EDMA_getNumInstances)
                  00803c80    00000020                           : edma_low_level.oe674 (.text:EDMAsetRegion)
                  00803ca0    00000020     libosal_xwr68xx.ae674 : HwiP_tirtos.oe674 (.text:HwiP_Params_init)
                  00803cc0    00000020                           : HwiP_tirtos.oe674 (.text:HwiP_disable)
                  00803ce0    00000020                           : HwiP_tirtos.oe674 (.text:HwiP_disableInterrupt)
                  00803d00    00000020                           : HwiP_tirtos.oe674 (.text:HwiP_enableInterrupt)
                  00803d20    00000020                           : HwiP_tirtos.oe674 (.text:HwiP_restore)
                  00803d40    00000020     libmmwave_xwr68xx.ae674 : mmwave.oe674 (.text:MMWave_decodeErrorLevel)
                  00803d60    00000020                             : mmwave_dualcore.oe674 (.text:MMWave_deviceGetDeviceInfo)
                  00803d80    00000020                             : mmwave_dualcore.oe674 (.text:MMWave_deviceMailboxCallbackFxn)
                  00803da0    00000020                             : mmwave_link.oe674 (.text:MMWave_disableDevice)
                  00803dc0    00000020                             : mmwave_link.oe674 (.text:MMWave_enableDevice)
                  00803de0    00000020                             : mmwave_listlib.oe674 (.text:MMWave_listGetHead)
                  00803e00    00000020                             : mmwave_listlib.oe674 (.text:MMWave_listGetNext)
                  00803e20    00000020                             : mmwave_link.oe674 (.text:MMWave_maskHostIRQ)
                  00803e40    00000020                             : mmwave_link.oe674 (.text:MMWave_mboxCallbackFxn)
                  00803e60    00000020                             : mmwave_link.oe674 (.text:MMWave_mboxClose)
                  00803e80    00000020                             : mmwave_link.oe674 (.text:MMWave_mboxRead)
                  00803ea0    00000020                             : mmwave_osal.oe674 (.text:MMWave_osalMutexDelete)
                  00803ec0    00000020                             : mmwave_osal.oe674 (.text:MMWave_osalMutexUnlock)
                  00803ee0    00000020                             : mmwave_osal.oe674 (.text:MMWave_osalSemDelete)
                  00803f00    00000020                             : mmwave_osal.oe674 (.text:MMWave_osalSemSignal)
                  00803f20    00000020                             : mmwave_link.oe674 (.text:MMWave_registerInterruptHandler)
                  00803f40    00000020                             : mmwave_link.oe674 (.text:MMWave_unmaskHostIRQ)
                  00803f60    00000020                             : mmwave_link.oe674 (.text:MMWave_waitIRQStatus)
                  00803f80    00000020     libosal_xwr68xx.ae674 : MemoryP_tirtos.oe674 (.text:MemoryP_ctrlAlloc)
                  00803fa0    00000020                           : MemoryP_tirtos.oe674 (.text:MemoryP_ctrlFree)
                  00803fc0    00000020     dss_main.oe674 (.text:MmwDemo_dssMmwaveCloseCallbackFxn)
                  00803fe0    00000020     dss_main.oe674 (.text:MmwDemo_dssMmwaveStopCallbackFxn)
                  00804000    00000020     dss_main.oe674 (.text:MmwDemo_mboxCallback)
                  00804020    00000020     dss_main.oe674 (.text:MmwDemo_sleep)
                  00804040    00000020     libosal_xwr68xx.ae674 : SemaphoreP_tirtos.oe674 (.text:SemaphoreP_Params_init)
                  00804060    00000020                           : SemaphoreP_tirtos.oe674 (.text:SemaphoreP_delete)
                  00804080    00000020                           : SemaphoreP_tirtos.oe674 (.text:SemaphoreP_pend)
                  008040a0    00000020                           : SemaphoreP_tirtos.oe674 (.text:SemaphoreP_post)
                  008040c0    00000020                           : DebugP_tirtos.oe674 (.text:_DebugP_assert)
                  008040e0    00000020     rts6740_elf.lib : errno.obj (.text:__c6xabi_errno_addr)
                  00804100    00000020                     : push.obj (.text:__pop_rts)
                  00804120    00000020                     : push.obj (.text:__push_rts)
                  00804140    00000020     ti.targets.rts6000.ae674 : xdc_noinit.oe674 (.text:__xdc__init)
                  00804160    00000020     rts6740_elf.lib : _lock.obj (.text:_nop)
                  00804180    00000020                     : _lock.obj (.text:_register_lock)
                  008041a0    00000020                     : _lock.obj (.text:_register_unlock)
                  008041c0    00000020     sysbios.ae674 : c62_TaskSupport_asm.obj (.text:_ti_sysbios_family_c62_TaskSupport_glue)
                  008041e0    00000020     rts6740_elf.lib : exit.obj (.text:abort)
                  00804200    00000020                     : fputc.obj (.text:putchar)
                  00804220    00000020     libmmwavelink_xwr68xx.ae674 : rl_driver.oe674 (.text:rlDriverGetHandle)
                  00804240    00000020                                 : rl_driver.oe674 (.text:rlDriverGetPlatformId)
                  00804260    00000020                                 : rl_driver.oe674 (.text:rlDriverIsDeviceMapValid)
                  00804280    00000020                                 : rl_controller.oe674 (.text:rlGetSubBlockId)
                  008042a0    00000020                                 : rl_controller.oe674 (.text:rlGetSubBlockLen)
                  008042c0    00000020     dss_mmw_pe674.oe674 (.text:ti_sysbios_BIOS_RtsGateProxy_enter__E)
                  008042e0    00000020     dss_mmw_pe674.oe674 (.text:ti_sysbios_BIOS_RtsGateProxy_leave__E)
                  00804300    00000020     sysbios.ae674 : BIOS.obj (.text:ti_sysbios_BIOS_getCpuFreq__E)
                  00804320    00000020                   : BIOS.obj (.text:ti_sysbios_BIOS_linkedWithIncorrectBootLibrary__E)
                  00804340    00000020     dss_mmw_pe674.oe674 (.text:ti_sysbios_BIOS_nullFunc__I)
                  00804360    00000020     sysbios.ae674 : BIOS.obj (.text:ti_sysbios_BIOS_setThreadType__E)
                  00804380    00000020                   : BIOS.obj (.text:ti_sysbios_BIOS_start__E)
                  008043a0    00000020     dss_mmw_pe674.oe674 (.text:ti_sysbios_family_c62_TaskSupport_Module__startupDone__S)
                  008043c0    00000020     sysbios.ae674 : BIOS.obj (.text:ti_sysbios_family_c62_TaskSupport_checkStack__E)
                  008043e0    00000020                   : BIOS.obj (.text:ti_sysbios_family_c62_TaskSupport_getStackAlignment__E)
                  00804400    00000020     dss_mmw_pe674.oe674 (.text:ti_sysbios_family_c64p_Hwi_Module__startupDone__F)
                  00804420    00000020     sysbios.ae674 : BIOS.obj (.text:ti_sysbios_family_c64p_Hwi_clearInterrupt__E)
                  00804440    00000020                   : BIOS.obj (.text:ti_sysbios_family_c64p_Hwi_disableInterrupt__E)
                  00804460    00000020                   : BIOS.obj (.text:ti_sysbios_family_c64p_Hwi_enableInterrupt__E)
                  00804480    00000020                   : BIOS.obj (.text:ti_sysbios_family_c64p_Hwi_getIsrStackAddress__I)
                  008044a0    00000020                   : BIOS.obj (.text:ti_sysbios_family_c64p_Hwi_startup__E)
                  008044c0    00000020                   : BIOS.obj (.text:ti_sysbios_family_c64p_Hwi_switchFromBootStack__E)
                  008044e0    00000020                   : BIOS.obj (.text:ti_sysbios_family_c64p_TimestampProvider_Module_startup__E)
                  00804500    00000020                   : BIOS.obj (.text:ti_sysbios_family_c64p_TimestampProvider_get32__E)
                  00804520    00000020                   : BIOS.obj (.text:ti_sysbios_gates_GateHwi_Instance_init__E)
                  00804540    00000020                   : BIOS.obj (.text:ti_sysbios_gates_GateHwi_enter__E)
                  00804560    00000020                   : BIOS.obj (.text:ti_sysbios_gates_GateHwi_leave__E)
                  00804580    00000020                   : BIOS.obj (.text:ti_sysbios_gates_GateHwi_query__E)
                  008045a0    00000020                   : BIOS.obj (.text:ti_sysbios_gates_GateMutex_query__E)
                  008045c0    00000020                   : BIOS.obj (.text:ti_sysbios_hal_Hwi_Module_startup__E)
                  008045e0    00000020     dss_mmw_pe674.oe674 (.text:ti_sysbios_heaps_HeapMem_Module_GateProxy_enter__E)
                  00804600    00000020     dss_mmw_pe674.oe674 (.text:ti_sysbios_heaps_HeapMem_Module_GateProxy_leave__E)
                  00804620    00000020     sysbios.ae674 : BIOS.obj (.text:ti_sysbios_heaps_HeapMem_isBlocking__E)
                  00804640    00000020                   : BIOS.obj (.text:ti_sysbios_heaps_HeapMem_restore__E)
                  00804660    00000020     dss_mmw_pe674.oe674 (.text:ti_sysbios_knl_Clock_TimerProxy_getMaxTicks__E)
                  00804680    00000020     sysbios.ae674 : BIOS.obj (.text:ti_sysbios_knl_Clock_removeI__E)
                  008046a0    00000020                   : BIOS.obj (.text:ti_sysbios_knl_Clock_startI__E)
                  008046c0    00000020                   : BIOS.obj (.text:ti_sysbios_knl_Idle_loop__E)
                  008046e0    00000020                   : BIOS.obj (.text:ti_sysbios_knl_Queue_Instance_init__E)
                  00804700    00000020     dss_mmw_pe674.oe674 (.text:ti_sysbios_knl_Queue_Object__get__S)
                  00804720    00000020     sysbios.ae674 : BIOS.obj (.text:ti_sysbios_knl_Queue_dequeue__E)
                  00804740    00000020     dss_mmw_pe674.oe674 (.text:ti_sysbios_knl_Queue_destruct)
                  00804760    00000020     sysbios.ae674 : BIOS.obj (.text:ti_sysbios_knl_Queue_empty__E)
                  00804780    00000020                   : BIOS.obj (.text:ti_sysbios_knl_Queue_enqueue__E)
                  008047a0    00000020                   : BIOS.obj (.text:ti_sysbios_knl_Queue_put__E)
                  008047c0    00000020                   : BIOS.obj (.text:ti_sysbios_knl_Queue_remove__E)
                  008047e0    00000020     dss_mmw_pe674.oe674 (.text:ti_sysbios_knl_Semaphore_Params__init__S)
                  00804800    00000020     dss_mmw_pe674.oe674 (.text:ti_sysbios_knl_Semaphore_delete)
                  00804820    00000020     dss_mmw_pe674.oe674 (.text:ti_sysbios_knl_Task_Params__init__S)
                  00804840    00000020     sysbios.ae674 : BIOS.obj (.text:ti_sysbios_knl_Task_disable__E)
                  00804860    00000020                   : BIOS.obj (.text:ti_sysbios_knl_Task_enabled__E)
                  00804880    00000020                   : BIOS.obj (.text:ti_sysbios_knl_Task_startup__E)
                  008048a0    00000020     dss_mmw_pe674.oe674 (.text:ti_sysbios_timers_rti_Timer_Module__startupDone__F)
                  008048c0    00000020     sysbios.ae674 : BIOS.obj (.text:ti_sysbios_timers_rti_Timer_getMaxTicks__E)
                  008048e0    00000020                   : BIOS.obj (.text:ti_sysbios_timers_rti_Timer_periodicStub__E)
                  00804900    00000020                   : BIOS.obj (.text:ti_sysbios_utils_Load_getCPULoad__E)
                  00804920    00000020                   : BIOS.obj (.text:ti_sysbios_utils_Load_taskRegHook__E)
                  00804940    00000020     ti.targets.rts6000.ae674 : Error.oe674 (.text:xdc_runtime_Error_getSite__E)
                  00804960    00000020                              : Error.oe674 (.text:xdc_runtime_Error_raiseX__E)
                  00804980    00000020                              : Gate.oe674 (.text:xdc_runtime_Gate_enterSystem__E)
                  008049a0    00000020                              : Gate.oe674 (.text:xdc_runtime_Gate_leaveSystem__E)
                  008049c0    00000020     dss_mmw_pe674.oe674 (.text:xdc_runtime_IHeap_alloc)
                  008049e0    00000020     dss_mmw_pe674.oe674 (.text:xdc_runtime_IHeap_free)
                  00804a00    00000020     ti.targets.rts6000.ae674 : Memory.oe674 (.text:xdc_runtime_Memory_calloc__E)
                  00804a20    00000020                              : Memory.oe674 (.text:xdc_runtime_Memory_free__E)
                  00804a40    00000020                              : Memory.oe674 (.text:xdc_runtime_Memory_getMaxDefaultTypeAlign__E)
                  00804a60    00000020     dss_mmw_pe674.oe674 (.text:xdc_runtime_Startup_exec__I)
                  00804a80    00000020     dss_mmw_pe674.oe674 (.text:xdc_runtime_Startup_reset__I)
                  00804aa0    00000020     ti.targets.rts6000.ae674 : Startup.oe674 (.text:xdc_runtime_Startup_rtsDone__E)
                  00804ac0    00000020                              : SysStd.oe674 (.text:xdc_runtime_SysStd_exit__E)
                  00804ae0    00000020                              : SysStd.oe674 (.text:xdc_runtime_SysStd_putch__E)
                  00804b00    00000020                              : SysStd.oe674 (.text:xdc_runtime_SysStd_ready__E)
                  00804b20    00000020     dss_mmw_pe674.oe674 (.text:xdc_runtime_System_Module_GateProxy_enter__E)
                  00804b40    00000020     dss_mmw_pe674.oe674 (.text:xdc_runtime_System_Module_GateProxy_leave__E)
                  00804b60    00000020     ti.targets.rts6000.ae674 : System.oe674 (.text:xdc_runtime_System_Module_startup__E)
                  00804b80    00000020                              : System.oe674 (.text:xdc_runtime_System_vsnprintf__E)
                  00804ba0    00000020                              : Text.oe674 (.text:xdc_runtime_Text_ropeText__E)
                  00804bc0    00000020     dss_mmw_pe674.oe674 (.text:xdc_runtime_Text_visitRope__I)

.l2data    0    00804be0    0000cc00     UNINITIALIZED
                  00804be0    0000c000     dss_data_path.oe674 (.l2data)
                  00810be0    00000c00     dss_main.oe674 (.l2data)

systemHeap 
*          0    008117e0    00005000     UNINITIALIZED
                  008117e0    00005000     dss_mmw_pe674.oe674 (systemHeap)

.const     0    008167e0    00002b31     
                  008167e0    00000be8     dss_main.oe674 (.const:.string)
                  008173c8    00000800     dss_data_path.oe674 (.const:twiddleTableCommon)
                  00817bc8    00000518     sysbios.ae674 : BIOS.obj (.const:.string)
                  008180e0    0000039c     dss_lvds_stream.oe674 (.const:.string)
                  0081847c    00000164     dss_config_edma_util.oe674 (.const:.string)
                  008185e0    00000108     libcbuff_xwr68xx.ae674 : cbuff_transfer.oe674 (.const:.string)
                  008186e8    000000f0     dss_data_path.oe674 (.const:.string)
                  008187d8    00000074     dss_mmw_pe674.oe674 (.const:.string)
                  0081884c    00000070     libmmwavelink_xwr68xx.ae674 : rl_driver.oe674 (.const)
                  008188bc    0000006c                                 : rl_driver.oe674 (.const:.string)
                  00818928    00000058     libedma_xwr68xx.ae674 : edma.oe674 (.const:.string)
                  00818980    00000058     ti.targets.rts6000.ae674 : Error.oe674 (.const:.string)
                  008189d8    0000004c     libmailbox_xwr68xx.ae674 : mailbox.oe674 (.const:.string)
                  00818a24    00000044     dss_mmw_pe674.oe674 (.const:ti_sysbios_knl_Task_Object__PARAMS__C)
                  00818a68    00000040     libmmwavealg_xwr68xx.ae674 : mmwavelib_log2abs.oe674 (.const:.string:c_Log2LookUp)
                  00818aa8    00000040     libcbuff_xwr68xx.ae674 : cbuff_lvds.oe674 (.const:.string)
                  00818ae8    00000040     ti.targets.rts6000.ae674 : Text.oe674 (.const:.string)
                  00818b28    0000003c     libsoc_xwr68xx.ae674 : soc_xwr68xx_dss.oe674 (.const:.string)
                  00818b64    00000004     ti.targets.rts6000.ae674 : Assert.oe674 (.const:.string)
                  00818b68    00000038     libedma_xwr68xx.ae674 : edma_xwr1xxx.oe674 (.const:gEdmaHwAttrs)
                  00818ba0    00000034     libmmwave_xwr68xx.ae674 : mmwave_dualcore.oe674 (.const:.string)
[...]
008190f0  ti_sysbios_knl_Clock_LW_delayed__C                           
008190f4  ti_sysbios_knl_Clock_Module_State_clockQ__O                  
008190f8  ti_sysbios_knl_Clock_Module__diagsEnabled__C                 
008190fc  ti_sysbios_knl_Clock_Module__diagsIncluded__C                
00819100  ti_sysbios_knl_Clock_Module__diagsMask__C                    
00819104  ti_sysbios_knl_Clock_Module__loggerFxn1__C                   
00819108  ti_sysbios_knl_Clock_Module__loggerFxn2__C                   
0081910c  ti_sysbios_knl_Clock_Module__loggerObj__C                    
00819110  ti_sysbios_knl_Event_A_badContext__C                         
00819114  ti_sysbios_knl_Event_A_eventInUse__C                         
00819118  ti_sysbios_knl_Event_A_nullEventId__C                        
0081911c  ti_sysbios_knl_Event_A_nullEventMasks__C                     
00819120  ti_sysbios_knl_Event_A_pendTaskDisabled__C                   
00819124  ti_sysbios_knl_Event_Instance_State_pendQ__O                 
00819128  ti_sysbios_knl_Event_LM_pend__C                              
0081912c  ti_sysbios_knl_Event_LM_post__C                              
00819130  ti_sysbios_knl_Event_Module__diagsEnabled__C                 
00819134  ti_sysbios_knl_Event_Module__diagsIncluded__C                
00819138  ti_sysbios_knl_Event_Module__diagsMask__C                    
0081913c  ti_sysbios_knl_Event_Module__loggerFxn4__C                   
00819140  ti_sysbios_knl_Event_Module__loggerFxn8__C                   
00819144  ti_sysbios_knl_Event_Module__loggerObj__C                    
00819148  ti_sysbios_knl_Semaphore_A_badContext__C                     
0081914c  ti_sysbios_knl_Semaphore_A_noEvents__C                       
00819150  ti_sysbios_knl_Semaphore_A_overflow__C                       
00819154  ti_sysbios_knl_Semaphore_A_pendTaskDisabled__C               
00819158  ti_sysbios_knl_Semaphore_Instance_State_pendQ__O             
0081915c  ti_sysbios_knl_Semaphore_LM_pend__C                          
00819160  ti_sysbios_knl_Semaphore_LM_post__C                          
00819164  ti_sysbios_knl_Semaphore_Module__diagsEnabled__C             
00819168  ti_sysbios_knl_Semaphore_Module__diagsIncluded__C            
0081916c  ti_sysbios_knl_Semaphore_Module__diagsMask__C                
00819170  ti_sysbios_knl_Semaphore_Module__loggerFxn2__C               
00819174  ti_sysbios_knl_Semaphore_Module__loggerFxn4__C               
00819178  ti_sysbios_knl_Semaphore_Module__loggerObj__C                
0081917c  ti_sysbios_knl_Task_A_badPriority__C                         
00819180  ti_sysbios_knl_Task_A_badTaskState__C                        
00819184  ti_sysbios_knl_Task_A_badThreadType__C                       
00819188  ti_sysbios_knl_Task_A_badTimeout__C                          
0081918c  ti_sysbios_knl_Task_A_noPendElem__C                          
00819190  ti_sysbios_knl_Task_A_sleepTaskDisabled__C                   
00819194  ti_sysbios_knl_Task_E_spOutOfBounds__C                       
00819198  ti_sysbios_knl_Task_E_stackOverflow__C                       
0081919c  ti_sysbios_knl_Task_LD_block__C                              
008191a0  ti_sysbios_knl_Task_LD_exit__C                               
008191a4  ti_sysbios_knl_Task_LD_ready__C                              
008191a8  ti_sysbios_knl_Task_LM_sleep__C                              
008191ac  ti_sysbios_knl_Task_LM_switch__C                             
008191b0  ti_sysbios_knl_Task_Module_State_inactiveQ__O                
008191b4  ti_sysbios_knl_Task_Module__diagsEnabled__C                  
008191b8  ti_sysbios_knl_Task_Module__diagsIncluded__C                 
008191bc  ti_sysbios_knl_Task_Module__diagsMask__C                     
008191c0  ti_sysbios_knl_Task_Module__loggerFxn2__C                    
008191c4  ti_sysbios_knl_Task_Module__loggerFxn4__C                    
008191c8  ti_sysbios_knl_Task_Module__loggerObj__C                     
008191cc  ti_sysbios_knl_Task_Object__count__C                         
008191d0  ti_sysbios_knl_Task_Object__heap__C                          
008191d4  ti_sysbios_knl_Task_allBlockedFunc__C                        
008191d8  ti_sysbios_knl_Task_defaultStackHeap__C                      
008191dc  ti_sysbios_knl_Task_defaultStackSize__C                      
008191e0  ti_sysbios_knl_Task_numConstructedTasks__C                   
008191e4  ti_sysbios_timers_rti_Timer_E_cannotSupport__C               
008191e8  ti_sysbios_timers_rti_Timer_Module__diagsEnabled__C          
008191ec  ti_sysbios_timers_rti_Timer_Module__diagsIncluded__C         
008191f0  ti_sysbios_timers_rti_Timer_Module__diagsMask__C             
008191f4  ti_sysbios_timers_rti_Timer_numTimerDevices__C               
008191f8  ti_sysbios_timers_rti_Timer_startupNeeded__C                 
008191fc  ti_sysbios_utils_Load_LS_cpuLoad__C                          
00819200  ti_sysbios_utils_Load_LS_taskLoad__C                         
00819204  ti_sysbios_utils_Load_Module_State_taskList__O               
00819208  ti_sysbios_utils_Load_Module__diagsEnabled__C                
0081920c  ti_sysbios_utils_Load_Module__diagsIncluded__C               
00819210  ti_sysbios_utils_Load_Module__diagsMask__C                   
00819214  ti_sysbios_utils_Load_Module__loggerFxn1__C                  
00819218  ti_sysbios_utils_Load_Module__loggerFxn4__C                  
0081921c  ti_sysbios_utils_Load_Module__loggerObj__C                   
00819220  ti_sysbios_utils_Load_postUpdate__C                          
00819224  ti_sysbios_utils_Load_windowInMs__C                          
00819228  xdc_runtime_Assert_E_assertFailed__C                         
0081922c  xdc_runtime_Core_A_initializedParams__C                      
00819230  xdc_runtime_Core_Module__diagsEnabled__C                     
00819234  xdc_runtime_Core_Module__diagsIncluded__C                    
00819238  xdc_runtime_Core_Module__diagsMask__C                        
0081923c  xdc_runtime_Error_E_memory__C                                
00819240  xdc_runtime_Error_Module__diagsEnabled__C                    
00819244  xdc_runtime_Error_Module__diagsIncluded__C                   
00819248  xdc_runtime_Error_Module__diagsMask__C                       
0081924c  xdc_runtime_Error_Module__loggerFxn8__C                      
00819250  xdc_runtime_Error_Module__loggerObj__C                       
00819254  xdc_runtime_Error_policyFxn__C                               
00819258  xdc_runtime_Error_policy__C                                  
0081925c  xdc_runtime_Error_raiseHook__C                               
00819260  xdc_runtime_IGateProvider_Interface__BASE__C                 
00819264  xdc_runtime_IHeap_Interface__BASE__C                         
00819268  xdc_runtime_IModule_Interface__BASE__C                       
0081926c  xdc_runtime_Log_L_error__C                                   
00819270  xdc_runtime_Main_Module__diagsEnabled__C                     
00819274  xdc_runtime_Main_Module__diagsIncluded__C                    
00819278  xdc_runtime_Main_Module__diagsMask__C                        
0081927c  xdc_runtime_Main_Module__loggerFxn1__C                       
00819280  xdc_runtime_Main_Module__loggerFxn2__C                       
00819284  xdc_runtime_Main_Module__loggerFxn4__C                       
00819288  xdc_runtime_Main_Module__loggerObj__C                        
0081928c  xdc_runtime_Memory_defaultHeapInstance__C                    
00819290  xdc_runtime_Startup_execImpl__C                              
00819294  xdc_runtime_Startup_maxPasses__C                             
00819298  xdc_runtime_Startup_sfxnRts__C                               
0081929c  xdc_runtime_Startup_sfxnTab__C                               
008192a0  xdc_runtime_System_Module__gateObj__C                        
008192a4  xdc_runtime_System_abortFxn__C                               
008192a8  xdc_runtime_System_exitFxn__C                                
008192ac  xdc_runtime_System_extendFxn__C                              
008192b0  xdc_runtime_System_maxAtexitHandlers__C                      
008192b4  xdc_runtime_Text_charTab__C                                  
008192b8  xdc_runtime_Text_nameEmpty__C                                
008192bc  xdc_runtime_Text_nameStatic__C                               
008192c0  xdc_runtime_Text_nameUnknown__C                              
008192c4  xdc_runtime_Text_visitRopeFxn__C                             
008192c8  xdc_runtime_Text_nodeTab__A                                  
008192cc  ti_sysbios_family_c64p_Cache_Module__id__C                   
008192ce  ti_sysbios_family_c64p_EventCombiner_Module__id__C           
008192d0  ti_sysbios_family_c64p_Exception_Module__id__C               
008192d2  ti_sysbios_family_c64p_Exception_useInternalBuffer__C        
008192d4  ti_sysbios_family_c64p_Hwi_Module__id__C                     
008192d6  ti_sysbios_family_c64p_Hwi_Module__loggerDefined__C          
008192d8  ti_sysbios_gates_GateMutex_Module__id__C                     
008192da  ti_sysbios_hal_Hwi_Module__id__C                             
008192dc  ti_sysbios_heaps_HeapMem_Module__id__C                       
008192de  ti_sysbios_knl_Clock_Module__id__C                           
008192e0  ti_sysbios_knl_Clock_Module__loggerDefined__C                
008192e2  ti_sysbios_knl_Event_Module__id__C                           
008192e4  ti_sysbios_knl_Event_Module__loggerDefined__C                
008192e6  ti_sysbios_knl_Semaphore_Module__id__C                       
008192e8  ti_sysbios_knl_Semaphore_Module__loggerDefined__C            
008192ea  ti_sysbios_knl_Task_Module__id__C                            
008192ec  ti_sysbios_knl_Task_Module__loggerDefined__C                 
008192ee  ti_sysbios_timers_rti_Timer_Module__id__C                    
008192f0  ti_sysbios_timers_rti_Timer_continueOnSuspend__C             
008192f2  ti_sysbios_utils_Load_Module__id__C                          
008192f4  ti_sysbios_utils_Load_Module__loggerDefined__C               
008192f6  ti_sysbios_utils_Load_autoAddTasks__C                        
008192f8  ti_sysbios_utils_Load_updateInIdle__C                        
008192fa  xdc_runtime_Core_Module__id__C                               
008192fc  xdc_runtime_Error_Module__loggerDefined__C                   
008192fe  xdc_runtime_Error_maxDepth__C                                
00819300  xdc_runtime_Main_Module__id__C                               
00819302  xdc_runtime_Main_Module__loggerDefined__C                    
00819304  xdc_runtime_Memory_Module__id__C                             
00819306  xdc_runtime_Text_charCnt__C                                  
00819308  xdc_runtime_Text_isLoaded__C                                 
0081930a  xdc_runtime_Text_registryModsLastId__C                       
0081930c  xdc_runtime_Text_unnamedModsLastId__C                        
00819310  xdc_runtime_Text_charTab__A                                  
00819314  __TI_STATIC_BASE                                             
00819314  dopplerdbg                                                   
00819318  gDOA2D                                                       
0081a318  gMmwDssMCB                                                   
0081b3f0  ti_sysbios_knl_Task_Instance_State_0_stack__A                
0081b710  __TI_tmpnams                                                 
0081b850  gMMWave_MCB                                                  
0081b950  azimelevLog                                                  
0081ba18  maxIdxLog                                                    
0081bae0  gHSIHeaderMCB                                                
0081bb70  gDOAIn                                                       
0081bbf0  gDOAOut                                                      
0081bc70  gfeatures                                                    
0081bcb8  edmaDbg                                                      
0081bcc8  energyInNonZeroVelBinsPerBucket                              
0081bcd8  gCycleLog                                                    
0081bce8  gMMWave_DualcoreMCB                                          
0081bcf8  ti_sysbios_knl_Task_Instance_State_0_hookEnv__A              
0081bd00  xdc_runtime_Error_IgnoreBlock                                
0081bd20  ti_sysbios_BIOS_Module__state__V                             
0081bd44  ti_sysbios_family_c64p_Cache_Module__state__V                
0081bd48  ti_sysbios_family_c64p_EventCombiner_Module__state__V        
0081c148  ti_sysbios_family_c64p_Exception_Module__state__V            
0081c178  ti_sysbios_family_c64p_Hwi_Module__root__V                   
0081c180  ti_sysbios_family_c64p_Hwi_Module__state__V                  
0081c1ec  ti_sysbios_gates_GateHwi_Module__root__V                     
0081c1f4  ti_sysbios_gates_GateMutex_Module__root__V                   
0081c1fc  ti_sysbios_hal_Hwi_Module__root__V                           
0081c204  ti_sysbios_heaps_HeapMem_Module__root__V                     
0081c20c  ti_sysbios_knl_Clock_Module__root__V                         
0081c214  ti_sysbios_knl_Clock_Module__state__V                        
0081c240  ti_sysbios_knl_Event_Module__root__V                         
0081c248  ti_sysbios_knl_Queue_Module__root__V                         
0081c250  ti_sysbios_knl_Semaphore_Module__root__V                     
0081c258  ti_sysbios_knl_Task_Module__root__V                          
0081c260  ti_sysbios_knl_Task_Module__state__V                         
0081c2a8  ti_sysbios_rts_ti_ThreadLocalStorage_Module__state__V        
0081c2b4  ti_sysbios_timers_rti_Timer_Module__root__V                  
0081c2bc  ti_sysbios_timers_rti_Timer_Module__state__V                 
0081c2cc  ti_sysbios_utils_Load_Module__state__V                       
0081c364  xdc_runtime_Error_Module__state__V                           
0081c368  xdc_runtime_Memory_Module__state__V                          
0081c36c  xdc_runtime_Registry_Module__state__V                        
0081c374  xdc_runtime_Startup_Module__state__V                         
0081c37c  xdc_runtime_System_Module__state__V                          
0081c384  xdc_runtime_Text_Module__state__V                            
0081c38c  __xdc__init__addr                                            
0081c574  rl_txMsg                                                     
0081c674  rl_rxMsg                                                     
0081c774  _lock                                                        
0081c778  _ftable                                                      
0081c9f8  ti_sysbios_knl_Task_Module_State_0_readyQ__A                 
0081caf0  gCBUFFHwAttribute                                            
0081cb68  ti_sysbios_family_c64p_Hwi_Object__table__V                  
0081cbe0  ti_sysbios_knl_Task_Object__table__V                         
0081cc3c  gMailboxMCB                                                  
0081cc8c  _unlock                                                      
0081cc90  SOC_TranslateAddr_LUT                                        
0081ccd0  ti_sysbios_gates_GateMutex_Object__table__V                  
0081cd10  ti_sysbios_timers_rti_Timer_Object__table__V                 
0081cd4c  __TI_ft_end                                                  
0081cd50  gCBUFFInterfaceFxn                                           
0081cd88  gMailboxDssMssHwCfg                                          
0081cda0  gMailboxDssBssHwCfg                                          
0081cdb8  ti_sysbios_utils_Load_Module_State_0_taskEnv__A              
0081cdd4  __errno                                                      
0081cdd4  errno                                                        
0081cdf0  ADCBuf_config                                                
0081ce20  gInterleavedTransferFxn                                      
0081ce38  gMultipleChirpNonInterleavedTransferFxn                      
0081ce50  gNonInterleavedTransferFxn                                   
0081ce68  gSOCHwAttrib                                                 
0081ce80  ti_sysbios_heaps_HeapMem_Object__table__V                    
0081ce98  ti_sysbios_timers_rti_Timer_Module_State_0_device__A         
0081ceb0  ti_sysbios_timers_rti_Timer_Module_State_0_intFreqs__A       
0081cec0  __TI_cleanup_ptr                                             
0081cec4  __TI_dtors_ptr                                               
0081cec8  __TI_enable_exit_profile_output                              
0081ced0  ti_sysbios_hal_Hwi_Object__table__V                          
0081ced8  ti_sysbios_timers_rti_Timer_Module_State_0_handles__A        
0081cee0  ti_sysbios_gates_GateHwi_Object__table__V                    
0081cee8  ti_sysbios_knl_Task_Module_State_0_idleTask__A               
0081cef0  ti_sysbios_utils_Load_Module_State_0_runningTask__A          
0081cef8  ti_sysbios_utils_Load_Module_State_0_taskStartTime__A        
0081cf00  _stack                                                       
0081d318  __TI_STACK_END                                               
0081d4f0  __CIOBUF_                                                    
0081d610  gestureCntr                                                  
0081d618  gCRCRegister                                                 
0081d61c  regionId                                                     
0081d620  _MmwDemo_fastCode_L1PSRAM_copy_table                         
0081d620  __TI_table__MmwDemo_fastCode_L1PSRAM_copy_table              
00e00000  DSP_fft32x32                                                 
00e00380  DSP_fft16x16                                                 
00e00680  mmwavelib_log2Abs16                                          
00e008c0  mmwavelib_windowing16x16_evenlen                             
00e00aa0  mmwavelib_vecsum                                             
00e00b40  mmwavelib_windowing16x32                                     
00e00be0  mmwavelib_vecsubc                                            
00e00c40  cossp                                                        
00e00d74  sinsp                                                        
00e00e80  MmwDemo_interFrameProcessing                                 
00e01600  MmwDemo_interChirpProcessing                                 
00f00000  gMmwL1                                                       
20000000  _L3data_start                                                
20000000  gMmwL3                                                       
20001820  SOC_init                                                     
20001ca0  main                                                         
20001da0  MmwDemo_dataPathInitEdma                                     
21080000  gHSRAM                                                       
ffffffff  __TI_pprof_out_hndl                                          
ffffffff  __TI_prof_data_size                                          
ffffffff  __TI_prof_data_start                                         
ffffffff  __binit__                                                    
ffffffff  __c_args__                                                   
ffffffff  binit                                                        
UNDEFED   __TI_CINIT_Base                                              
UNDEFED   __TI_CINIT_Limit                                             
UNDEFED   __TI_Handler_Table_Base                                      
UNDEFED   __TI_Handler_Table_Limit                                     
UNDEFED   __TI_INITARRAY_Base                                          
UNDEFED   __TI_INITARRAY_Limit                                         
UNDEFED   __TI_TLS_INIT_Base                                           
UNDEFED   __TI_TLS_INIT_Limit                                          

[1009 symbols]
