******************************************************************************
                  TI ARM Linker PC v16.9.6                     
******************************************************************************
>> Linked Mon May 06 14:24:14 2019

OUTPUT FILE NAME:   <multi_gesture_68xx_mss.xer4f>
ENTRY POINT SYMBOL: "_c_int00"  address: 0000ede4


MEMORY CONFIGURATION

         name            origin    length      used     unused   attr    fill
----------------------  --------  ---------  --------  --------  ----  --------
PAGE 0:
  VECTORS               00000000   00000100  0000003c  000000c4     X
  PROG_RAM              00000100   0007ff00  00018e78  00067088  R  X
  DATA_RAM              08000000   00030000  000114e8  0001eb18  RW  
  L3_RAM                51000000   000c0000  00000000  000c0000  RW  
  HWA_RAM               52030000   00010000  00000000  00010000  RW  
  HS_RAM                52080000   00008000  00000000  00008000  RW  

PAGE 1:
  L3_RAM                51000000   000c0000  00000000  000c0000  RW  


SEGMENT ALLOCATION MAP

run origin  load origin   length   init length attrs members
----------  ----------- ---------- ----------- ----- -------
00000000    00000000    0000003c   0000003c    r--
  00000000    00000000    0000003c   0000003c    r-- .vecs
00000100    00000100    00018e80   00018e80    r-x
  00000100    00000100    000130c2   000130c2    r-x .text
  000131c8    000131c8    00002e76   00002e76    r-- .const
  00016040    00016040    00002f40   00002f40    r-- .cinit
08000000    08000000    000114e8   00000000    rw-
  08000000    08000000    0000a000   00000000    rw- systemHeap
  0800a000    0800a000    00004018   00000000    rw- .data
  0800e018    0800e018    00001cd0   00000000    rw- .bss
  0800fce8    0800fce8    00001000   00000000    rw- .stack
  08010ce8    08010ce8    00000800   00000000    rw- .myFiqStack


SECTION ALLOCATION MAP

 output                                  attributes/
section   page    origin      length       input sections
--------  ----  ----------  ----------   ----------------
.vecs      0    00000000    0000003c     
                  00000000    0000003c     mss_mmw_per4ft.oer4ft (.vecs)

.text      0    00000100    000130c2     
                  00000100    0000107a     rtsv7R4_T_le_v3D16_eabi.lib : _printfi.obj (.text)
                  0000117a    00000002     libmmwave_xwr68xx.aer4f : mmwave_link.oer4f (.text:MMWave_maskHostIRQ)
                  0000117c    0000064e     mss_cli.oer4f (.text:MmwDemo_CLIInit)
                  000017ca    00000006     libosal_xwr68xx.aer4f : HwiP_tirtos.oer4f (.text:HwiP_restore)
                  000017d0    000004e1     sysbios.aer4ft : BIOS.obj (.text:xdc_runtime_System_doPrint__I)
                  00001cb1    00000001     --HOLE-- [fill = 0]
                  00001cb2    00000002     mss_main.oer4f (.text:MmwDemo_mssMmwaveCloseCallbackFxn)
                  00001cb4    000004bc     mss_main.oer4f (.text:MmwDemo_mssInitTask)
                  00002170    000003d0     cli_mmwave.oer4f (.text:CLI_MMWaveVersion)
                  00002540    00000394     sysbios.aer4ft : BIOS.obj (.text:ti_sysbios_knl_Event_pend__E)
                  000028d4    0000000c     cli_mmwave.oer4f (.text:CLI_getMMWaveExtensionConfig)
                  000028e0    00000310     sysbios.aer4ft : BIOS.obj (.text:ti_sysbios_knl_Semaphore_pend__E)
                  00002bf0    00000300     libsoc_xwr68xx.aer4f : soc_xwr68xx_mss.oer4f (.text:SOC_deviceInit)
                  00002ef0    000002f0     mss_main.oer4f (.text:MmwDemo_mboxReadTask)
                  000031e0    000002b8     rtsv7R4_T_le_v3D16_eabi.lib : ull_div32.obj (.text)
                  00003498    00000008     libosal_xwr68xx.aer4f : HwiP_tirtos.oer4f (.text:HwiP_disable)
                  000034a0    000002a4     sysbios.aer4ft : BIOS.obj (.text:ti_sysbios_heaps_HeapMem_freeUnprotected__E)
                  00003744    00000284     libmmwave_xwr68xx.aer4f : mmwave_dualcore.oer4f (.text:MMWave_deviceExecuteFxn)
                  000039c8    00000008                             : mmwave.oer4f (.text:MMWave_decodeErrorLevel)
                  000039d0    00000280     sysbios.aer4ft : BIOS.obj (.text:ti_sysbios_family_arm_exc_Exception_excDumpContext__I)
                  00003c50    00000268                    : BIOS.obj (.text:ti_sysbios_knl_Task_Instance_finalize__E)
                  00003eb8    00000260     libmailbox_xwr68xx.aer4f : mailbox.oer4f (.text:Mailbox_open)
                  00004118    00000258     rtsv7R4_T_le_v3D16_eabi.lib : e_exp.obj (.text)
                  00004370    00000254     cli_mmwave.oer4f (.text:CLI_MMWaveProfileCfg)
                  000045c4    00000244     mss_main.oer4f (.text:MmwDemo_mssCtrlPathTask)
                  00004808    00000008     libmmwave_xwr68xx.aer4f : mmwave_link.oer4f (.text:MMWave_mboxCallbackFxn)
                  00004810    00000228     sysbios.aer4ft : BIOS.obj (.text:ti_sysbios_heaps_HeapMem_allocUnprotected__E)
                  00004a38    00000008     libosal_xwr68xx.aer4f : SemaphoreP_tirtos.oer4f (.text:SemaphoreP_Params_init)
                  00004a40    00000220     sysbios.aer4ft : BIOS.obj (.text:ti_sysbios_knl_Task_sleep__E)
                  00004c60    00000214     libuart_xwr68xx.aer4f : uartsci.oer4f (.text:UartSci_open)
                  00004e74    00000210     mss_main.oer4f (.text:MmwDemo_mssDataPathConfig)
                  00005084    00000204     cli_mmwave.oer4f (.text:CLI_MMWaveChirpCfg)
                  00005288    00000200     libcrc_xwr68xx.aer4f : crc.oer4f (.text:CRC_open)
                  00005488    000001f8     cli.oer4f (.text:CLI_task)
                  00005680    000001f0     libdma_xwr68xx.aer4f : dma.oer4f (.text:DMA_setChannelParams)
                  00005870    000001e4     rtsv7R4_T_le_v3D16_eabi.lib : strtod.obj (.text)
                  00005a54    0000000c     libmmwave_xwr68xx.aer4f : mmwave_dualcore.oer4f (.text:MMWave_deviceMailboxCallbackFxn)
                  00005a60    000001e4     sysbios.aer4ft : BIOS.obj (.text:ti_sysbios_family_arm_v7r_vim_Hwi_dispatchIRQC__I)
                  00005c44    0000000c     libmmwave_xwr68xx.aer4f : mmwave_osal.oer4f (.text:MMWave_osalMutexUnlock)
                  00005c50    000001dc     sysbios.aer4ft : BIOS.obj (.text:ti_sysbios_knl_Task_Module_startup__E)
                  00005e2c    000001c8     rtsv7R4_T_le_v3D16_eabi.lib : fopen.obj (.text)
                  00005ff4    0000000c     libmmwave_xwr68xx.aer4f : mmwave_osal.oer4f (.text:MMWave_osalSemSignal)
                  00006000    000001c8     sysbios.aer4ft : BIOS.obj (.text:ti_sysbios_knl_Task_Instance_init__E)
                  000061c8    000001b0     mss_main.oer4f (.text:MmwDemo_bpmConfig)
                  00006378    000001a8     cli_mmwave.oer4f (.text:CLI_MMWaveSubFrameCfg)
                  00006520    000001a4     libmmwave_xwr68xx.aer4f : mmwave_dualcore.oer4f (.text:MMWave_serializeCfg)
                  000066c4    0000000c     mss_main.oer4f (.text:MmwDemo_mboxCallback)
                  000066d0    0000019c     sysbios.aer4ft : BIOS.obj (.text:xdc_runtime_Error_policyDefault__E)
                  0000686c    00000184     libmmwavelink_xwr68xx.aer4f : rl_driver.oer4f (.text:rlDriverCmdInvoke)
                  000069f0    00000184     sysbios.aer4ft : BIOS.obj (.text:ti_sysbios_timers_rti_Timer_Module_startup__E)
                  00006b74    00000180     libmmwavelink_xwr68xx.aer4f : rl_driver.oer4f (.text:rlDriverRxHdrRead)
                  00006cf4    0000000c     libuart_xwr68xx.aer4f : UART.oer4f (.text:UART_Params_init)
                  00006d00    0000017c     sysbios.aer4ft : BIOS.obj (.text:ti_sysbios_family_arm_exc_Exception_excHandler__I)
                  00006e7c    00000004     libosal_xwr68xx.aer4f : HwiP_tirtos.oer4f (.text:HwiP_disableInterrupt)
                  00006e80    0000017c     sysbios.aer4ft : BIOS.obj (.text:ti_sysbios_knl_Semaphore_post__E)
                  00006ffc    00000004     libmmwave_xwr68xx.aer4f : mmwave_link.oer4f (.text:MMWave_disableDevice)
                  00007000    00000174     sysbios.aer4ft : BIOS.obj (.text:ti_sysbios_knl_Event_post__E)
                  00007174    00000170     libgpio_xwr68xx.aer4f : gpio.oer4f (.text:GPIO_setConfig)
                  000072e4    0000000c     libuart_xwr68xx.aer4f : uartsci_dma.oer4f (.text:UartSci_isDMAEnabled)
                  000072f0    00000160     sysbios.aer4ft : BIOS.obj (.text:ti_sysbios_family_arm_v7r_vim_Hwi_reconfig__E)
                  00007450    00000158     mss_main.oer4f (.text:main)
                  000075a8    00000150     mss_cli.oer4f (.text:MmwDemo_CLICalibDcRangeSig)
                  000076f8    0000014c     cli_mmwave.oer4f (.text:CLI_MMWaveFrameCfg)
                  00007844    0000014c     libmmwave_xwr68xx.aer4f : mmwave_link.oer4f (.text:MMWave_initMMWaveLink)
                  00007990    0000014a     libuart_xwr68xx.aer4f : uartsci.oer4f (.text:UartSci_ISR)
                  00007ada    00000006     libmmwavelink_xwr68xx.aer4f : rl_controller.oer4f (.text:rlGetSubBlockId)
                  00007ae0    00000140     sysbios.aer4ft : BIOS.obj (.text:ti_sysbios_heaps_HeapMem_Instance_init__E)
                  00007c20    00000140                    : BIOS.obj (.text:xdc_runtime_Core_createObject__I)
                  00007d60    0000013c                    : BIOS.obj (.text:ti_sysbios_knl_Clock_workFunc__E)
                  00007e9c    00000004     libmmwave_xwr68xx.aer4f : mmwave_link.oer4f (.text:MMWave_enableDevice)
                  00007ea0    00000134     sysbios.aer4ft : BIOS.obj (.text:xdc_runtime_Startup_startMods__I)
                  00007fd4    0000012c     mss_main.oer4f (.text:postProcessing)
                  00008100    00000128     libmmwave_xwr68xx.aer4f : mmwave_link.oer4f (.text:MMWave_openLink)
                  00008228    00000128     libmmwavelink_xwr68xx.aer4f : rl_driver.oer4f (.text:rlDriverMsgRead)
                  00008350    00000124     cli_mmwave.oer4f (.text:CLI_MMWaveAdvFrameCfg)
                  00008474    00000124     cli_mmwave.oer4f (.text:CLI_MMWaveContModeCfg)
                  00008598    00000120     mss_cli.oer4f (.text:MmwDemo_CLICompRangeBiasAndRxChanPhaseCfg)
                  000086b8    00000008     libmmwavelink_xwr68xx.aer4f : rl_driver.oer4f (.text:rlDriverConstructOutMsg)
                  000086c0    00000118     sysbios.aer4ft : BIOS.obj (.text:ti_sysbios_family_arm_v7r_vim_Hwi_Instance_init__E)
                  000087d8    00000008     libmmwavelink_xwr68xx.aer4f : rl_driver.oer4f (.text:rlDriverGetHandle)
                  000087e0    00000118     sysbios.aer4ft : BIOS.obj (.text:ti_sysbios_knl_Swi_run__I)
                  000088f8    00000114     libmmwavelink_xwr68xx.aer4f : rl_driver.oer4f (.text:rlDriverCmdSendRetry)
                  00008a0c    0000010c     libmmwave_xwr68xx.aer4f : mmwave_dualcore.oer4f (.text:MMWave_deviceInitFxn)
                  00008b18    00000008     sysbios.aer4ft : BIOS.obj (.text:ti_sysbios_family_arm_v7a_Pmu_getEnabled__E)
                  00008b20    0000010c                    : BIOS.obj (.text:xdc_runtime_Core_constructObject__I)
                  00008c2c    00000108     libmailbox_xwr68xx.aer4f : mailbox.oer4f (.text:Mailbox_write)
                  00008d34    00000108     mss_main.oer4f (.text:MmwDemo_mssMmwaveEventCallbackFxn)
                  00008e3c    00000004     libmmwave_xwr68xx.aer4f : mmwave_listlib.oer4f (.text:MMWave_listGetHead)
                  00008e40    00000104     sysbios.aer4ft : BIOS.obj (.text:ti_sysbios_timers_rti_Timer_getFreq__E)
                  00008f44    00000100     cli_mmwave.oer4f (.text:CLI_MMWaveBPMCfgAdvanced)
                  00009044    00000100     libmmwave_xwr68xx.aer4f : mmwave_link.oer4f (.text:MMWave_startLink)
                  00009144    000000fc     libcrc_xwr68xx.aer4f : crc.oer4f (.text:CRC_computeSignature)
                  00009240    000000fc     libdma_xwr68xx.aer4f : dma.oer4f (.text:DMA_disableInterrupt)
                  0000933c    000000fc     libmmwavelink_xwr68xx.aer4f : rl_driver.oer4f (.text:rlDriverInit)
                  00009438    000000f8                                 : rl_driver.oer4f (.text:rlDriverRdVerifyMsg)
                  00009530    000000f8     mss_mmw_per4ft.oer4ft (.text:xdc_runtime_System_printfExtend__I)
                  00009628    00000006     libmmwavelink_xwr68xx.aer4f : rl_controller.oer4f (.text:rlGetSubBlockLen)
                  0000962e    00000002     mss_main.oer4f (.text:MmwDemo_mssMmwaveOpenCallbackFxn)
                  00009630    000000f0     sysbios.aer4ft : BIOS.obj (.text:ti_sysbios_family_arm_v7r_vim_Hwi_Module_startup__E)
                  00009720    000000ec     rtsv7R4_T_le_v3D16_eabi.lib : s_scalbn.obj (.text)
                  0000980c    00000004     libmmwave_xwr68xx.aer4f : mmwave_listlib.oer4f (.text:MMWave_listGetNext)
                  00009810    000000ec     sysbios.aer4ft : BIOS.obj (.text:ti_sysbios_heaps_HeapBuf_Module_startup__E)
                  000098fc    000000e8     cli.oer4f (.text:CLI_open)
                  000099e4    000000e6     inference.oer4f (.text:Inference)
                  00009aca    00000002     libuart_xwr68xx.aer4f : uartsci.oer4f (.text:UartSci_init)
                  00009acc    000000e4     libdma_xwr68xx.aer4f : dma.oer4f (.text:DMA_clearChannelInterruptFlag)
                  00009bb0    000000e4     libmmwave_xwr68xx.aer4f : mmwave_link.oer4f (.text:MMWave_asyncEventHandler)
                  00009c94    000000dc     mss_cli.oer4f (.text:MmwDemo_CLIPeakGroupingCfg)
                  00009d70    000000dc     rtsv7R4_T_le_v3D16_eabi.lib : setvbuf.obj (.text)
                  00009e4c    000000d8     libdma_xwr68xx.aer4f : dma.oer4f (.text:DMA_enableInterrupt)
                  00009f24    000000d8     libmmwave_xwr68xx.aer4f : mmwave.oer4f (.text:MMWave_init)
                  00009ffc    000000d8     mss_cli.oer4f (.text:MmwDemo_CLIChirpQualityRxSatMonCfg)
                  0000a0d4    000000d4     libmailbox_xwr68xx.aer4f : mailbox.oer4f (.text:Mailbox_read)
                  0000a1a8    000000d4     mss_main.oer4f (.text:MmwDemo_mssDataPathStop)
                  0000a27c    000000d4     libmmwavelink_xwr68xx.aer4f : rl_sensor.oer4f (.text:rlSetMultiBpmChirpConfig)
                  0000a350    000000d4     sysbios.aer4ft : BIOS.obj (.text:ti_sysbios_knl_Task_exit__E)
                  0000a424    0000000c                    : arm_IntrinsicsSupport_asm.obj (.text:_ti_sysbios_family_arm_IntrinsicsSupport_maxbitA)
                  0000a430    000000d4                    : BIOS.obj (.text:ti_sysbios_knl_Task_schedule__I)
                  0000a504    000000d0     libsoc_xwr68xx.aer4f : soc_xwr68xx_mss.oer4f (.text:SOC_controlSecureFirewall)
                  0000a5d4    000000d0     sysbios.aer4ft : exc_Exception_asm.obj (.text:ti_sysbios_family_arm_exc_Exception_excHandlerAsm__I)
                  0000a6a4    000000cc     libmmwavelink_xwr68xx.aer4f : rl_sensor.oer4f (.text:rlRfCalibDataRestore)
                  0000a770    000000cc                                 : rl_sensor.oer4f (.text:rlSetChirpConfig)
                  0000a83c    000000cc     rtsv7R4_T_le_v3D16_eabi.lib : fflush.obj (.text)
                  0000a908    00000004     libmmwave_xwr68xx.aer4f : mmwave_link.oer4f (.text:MMWave_mboxClose)
                  0000a90c    00000004                             : mmwave_link.oer4f (.text:MMWave_mboxRead)
                  0000a910    000000cc     sysbios.aer4ft : BIOS.obj (.text:ti_sysbios_knl_Task_checkStacks__E)
                  0000a9dc    000000c8     libmmwave_xwr68xx.aer4f : mmwave_fullcfg.oer4f (.text:MMWave_addChirp)
                  0000aaa4    000000c8                             : mmwave_link.oer4f (.text:MMWave_configBPM)
                  0000ab6c    000000c8                             : mmwave_fullcfg.oer4f (.text:MMWave_flushCfg)
                  0000ac34    000000c8                             : mmwave_fullcfg.oer4f (.text:MMWave_getChirpHandle)
                  0000acfc    00000004                             : mmwave_link.oer4f (.text:MMWave_registerInterruptHandler)
                  0000ad00    000000c8     sysbios.aer4ft : BIOS.obj (.text:ti_sysbios_knl_Task_postInit__I)
                  0000adc8    000000c4     cli.oer4f (.text:CLI_help)
                  0000ae8c    000000c4     mss_cli.oer4f (.text:MmwDemo_CLILvdsStreamCfg)
                  0000af50    000000c4     sysbios.aer4ft : BIOS.obj (.text:ti_sysbios_family_arm_v7a_Pmu_configureCounter__E)
                  0000b014    000000c0     mss_cli.oer4f (.text:MmwDemo_CLIChirpQualitySigImgMonCfg)
                  0000b0d4    000000c0     libmmwavelink_xwr68xx.aer4f : rl_driver.oer4f (.text:rlDriverMsgWrite)
                  0000b194    000000c0                                 : rl_sensor.oer4f (.text:rlSetFrameConfig)
                  0000b254    0000000c     rtsv7R4_T_le_v3D16_eabi.lib : copy_zero_init.obj (.text:decompress:ZI)
                  0000b260    000000c0     sysbios.aer4ft : BIOS.obj (.text:ti_sysbios_timers_rti_Timer_startup__E)
                  0000b320    000000bc     libgpio_xwr68xx.aer4f : gpio.oer4f (.text:GPIO_write)
                  0000b3dc    000000bc     libmmwave_xwr68xx.aer4f : mmwave_link.oer4f (.text:MMWave_computeCRC)
                  0000b498    000000bc     mss_cli.oer4f (.text:MmwDemo_CLIBpmCfg)
                  0000b554    000000bc     mss_cli.oer4f (.text:MmwDemo_CLICfarCfg)
                  0000b610    000000bc     rtsv7R4_T_le_v3D16_eabi.lib : open.obj (.text)
                  0000b6cc    000000b8     mss_cli.oer4f (.text:MmwDemo_CLIMeasureRangeBiasAndRxChanPhaseCfg)
                  0000b784    000000b6     libsoc_xwr68xx.aer4f : soc_mpu.o (.text)
                  0000b83a    00000002     rtsv7R4_T_le_v3D16_eabi.lib : i_div0.obj (.text)
                  0000b83c    000000b4     mss_main.oer4f (.text:MmwDemo_mssDataPathStart)
                  0000b8f0    000000b4     sysbios.aer4ft : BIOS.obj (.text:ti_sysbios_gates_GateMutex_enter__E)
                  0000b9a4    0000000c     libmmwavelink_xwr68xx.aer4f : rl_driver.oer4f (.text:rlDriverGetPlatformId)
                  0000b9b0    000000b4     sysbios.aer4ft : BIOS.obj (.text:ti_sysbios_knl_Task_startCore__E)
                  0000ba64    000000b2     libuart_xwr68xx.aer4f : uartsci_dma.oer4f (.text:UartSci_openDMA)
                  0000bb16    00000002     mss_mmw_per4ft.oer4ft (.text:ti_sysbios_BIOS_nullFunc__I)
                  0000bb18    000000b0     libmmwave_xwr68xx.aer4f : mmwave_fullcfg.oer4f (.text:MMWave_addProfile)
                  0000bbc8    000000b0     libmmwavelink_xwr68xx.aer4f : rl_sensor.oer4f (.text:rlSetProfileConfig)
                  0000bc78    00000004     libmmwave_xwr68xx.aer4f : mmwave_link.oer4f (.text:MMWave_unmaskHostIRQ)
                  0000bc7c    00000004                             : mmwave_link.oer4f (.text:MMWave_waitIRQStatus)
                  0000bc80    000000b0     sysbios.aer4ft : BIOS.obj (.text:xdc_runtime_Text_putMod__E)
                  0000bd30    000000ae     rtsv7R4_T_le_v3D16_eabi.lib : _io_perm.obj (.text)
                  0000bdde    00000002     mss_mmw_per4ft.oer4ft (.text:xdc_runtime_Startup_reset__I)
                  0000bde0    000000ac     libesm_xwr68xx.aer4f : esm.oer4f (.text:ESM_processInterrupt)
                  0000be8c    000000ac     mss_cli.oer4f (.text:MmwDemo_CLISetDataLogger)
                  0000bf38    000000a8     cli_mmwave.oer4f (.text:CLI_MMWaveExtensionHelp)
                  0000bfe0    000000a8     libmmwave_xwr68xx.aer4f : mmwave_link.oer4f (.text:MMWave_configureProfileChirp)
                  0000c088    000000a8                             : mmwave_fullcfg.oer4f (.text:MMWave_getBpmChirpHandle)
                  0000c130    000000a8     mss_cli.oer4f (.text:MmwDemo_CLIGuiMonSel)
                  0000c1d8    000000a8     libpinmux_xwr68xx.aer4f : pinmux.oer4f (.text:Pinmux_Set_OverrideCtrl)
                  0000c280    000000a8     libmmwavelink_xwr68xx.aer4f : rl_sensor.oer4f (.text:rlSetAdvFrameConfig)
                  0000c328    000000a8     mss_main.oer4f (.text:runPeopleDetection)
                  0000c3d0    000000a8     sysbios.aer4ft : BIOS.obj (.text:ti_sysbios_knl_Swi_post__E)
                  0000c478    000000a4     libdma_xwr68xx.aer4f : dma.oer4f (.text:DMA_assignChannel)
                  0000c51c    000000a4                          : dma.oer4f (.text:DMA_getChannelInterruptFlag)
                  0000c5c0    000000a4     libesm_xwr68xx.aer4f : esm.oer4f (.text:ESM_init)
                  0000c664    000000a4     libmmwave_xwr68xx.aer4f : mmwave_fullcfg.oer4f (.text:MMWave_addBpmChirp)
                  0000c708    000000a4                             : mmwave.oer4f (.text:MMWave_start)
                  0000c7ac    000000a4     mss_main.oer4f (.text:MmwDemo_waitSensorStopComplete)
                  0000c850    000000a4     libsoc_xwr68xx.aer4f : soc_xwr68xx_mss.oer4f (.text:SOC_unhaltDSS)
                  0000c8f4    0000000c     sysbios.aer4ft : BIOS.obj (.text:ti_sysbios_family_arm_v7a_Pmu_configureCounterI__I)
                  0000c900    000000a2                    : BIOS.obj (.text:xdc_runtime_Text_putSite__E)
                  0000c9a2    00000002     --HOLE-- [fill = 0]
                  0000c9a4    000000a0     auto_init.aer4ft : auto_init.oer4ft (.text)
                  0000ca44    000000a0     libmmwavelink_xwr68xx.aer4f : rl_driver.oer4f (.text:rlDriverWaitForResponse)
                  0000cae4    0000000c     mss_mmw_per4ft.oer4ft (.text:ti_sysbios_knl_Queue_Object__get__S)
                  0000caf0    000000a0     sysbios.aer4ft : BIOS.obj (.text:ti_sysbios_knl_Task_blockI__E)
                  0000cb90    0000009c     libmmwave_xwr68xx.aer4f : mmwave_link.oer4f (.text:MMWave_configLink)
                  0000cc2c    0000009c                             : mmwave_fullcfg.oer4f (.text:MMWave_getProfileHandle)
                  0000ccc8    0000009c     libuart_xwr68xx.aer4f : uartsci.oer4f (.text:UartSci_write)
                  0000cd64    0000009c     rtsv7R4_T_le_v3D16_eabi.lib : memcpy_t2.obj (.text)
                  0000ce00    0000009c     sysbios.aer4ft : BIOS.obj (.text:ti_sysbios_family_arm_v7r_vim_Hwi_initIntController__I)
                  0000ce9c    00000004     mss_main.oer4f (.text:MmwDemo_sleep)
                  0000cea0    0000009c     sysbios.aer4ft : BIOS.obj (.text:ti_sysbios_family_arm_v7r_vim_Hwi_mapChannel__I)
                  0000cf3c    00000004     libsoc_xwr68xx.aer4f : soc_xwr68xx_mss.oer4f (.text:SOC_isSecureDevice)
                  0000cf40    0000009c     sysbios.aer4ft : BIOS.obj (.text:ti_sysbios_knl_Semaphore_Instance_init__E)
                  0000cfdc    00000098     libmmwave_xwr68xx.aer4f : mmwave_fullcfg.oer4f (.text:MMWave_getChirpCfg)
                  0000d074    00000098     rtsv7R4_T_le_v3D16_eabi.lib : fclose.obj (.text)
                  0000d10c    00000098                                 : fputc.obj (.text)
                  0000d1a4    00000098     sysbios.aer4ft : vim_Hwi_asm_switch.obj (.text)
                  0000d23c    00000096     libuart_xwr68xx.aer4f : uartsci.oer4f (.text:UartSci_readChar)
                  0000d2d2    00000002     --HOLE-- [fill = 0]
                  0000d2d4    00000094     libmmwavelink_xwr68xx.aer4f : rl_driver.oer4f (.text:rlDriverDeInit)
                  0000d368    00000094                                 : rl_driver.oer4f (.text:rlDriverMsgReadCmdCtx)
                  0000d3fc    00000094     sysbios.aer4ft : vim_Hwi_asm.obj (.text:ti_sysbios_family_arm_v7r_vim_Hwi_dispatchIRQ__I)
                  0000d490    00000090     libgpio_xwr68xx.aer4f : gpio.oer4f (.text:GPIO_init)
                  0000d520    00000090     libmailbox_xwr68xx.aer4f : mailbox.oer4f (.text:Mailbox_close)
                  0000d5b0    00000090     mss_cli.oer4f (.text:MmwDemo_CLIADCBufCfg)
                  0000d640    00000090     mss_main.oer4f (.text:MmwDemo_waitSensorStartComplete)
                  0000d6d0    00000090     libuart_xwr68xx.aer4f : uartsci_dma.oer4f (.text:UartSci_initiateTxDMA)
                  0000d760    00000090                           : uartsci.oer4f (.text:UartSci_read)
                  0000d7f0    00000090     utils.oer4f (.text:soft_max)
                  0000d880    00000090     sysbios.aer4ft : BIOS.obj (.text:ti_sysbios_family_arm_v7a_Pmu_startCounter__E)
                  0000d910    00000090                    : BIOS.obj (.text:ti_sysbios_knl_Task_unblockI__E)
                  0000d9a0    0000008c     cli_mmwave.oer4f (.text:CLI_MMWaveDataOutputMode)
                  0000da2c    0000008c     mss_cli.oer4f (.text:MmwDemo_CLIAnalogMonitorCfg)
                  0000dab8    0000008c     libsoc_xwr68xx.aer4f : soc_xwr68xx.oer4f (.text:SOC_translateAddress)
                  0000db44    0000008c     libuart_xwr68xx.aer4f : uartsci_dma.oer4f (.text:UartSci_initiateRxDMA)
                  0000dbd0    0000008c     libmmwavelink_xwr68xx.aer4f : rl_device.oer4f (.text:rlDevicePowerOn)
                  0000dc5c    0000008c                                 : rl_driver.oer4f (.text:rlDriverMsgCmdReply)
                  0000dce8    00000004     mss_mmw_per4ft.oer4ft (.text:ti_sysbios_BIOS_RtsGateProxy_enter__E)
                  0000dcec    00000004     mss_mmw_per4ft.oer4ft (.text:ti_sysbios_BIOS_RtsGateProxy_leave__E)
                  0000dcf0    0000008c     sysbios.aer4ft : BIOS.obj (.text:ti_sysbios_family_arm_v7r_vim_Hwi_Instance_finalize__E)
                  0000dd7c    00000004     mss_mmw_per4ft.oer4ft (.text:ti_sysbios_family_arm_TaskSupport_Module__startupDone__S)
                  0000dd80    0000008c     sysbios.aer4ft : BIOS.obj (.text:xdc_runtime_Memory_alloc__E)
                  0000de0c    00000088     libmmwave_xwr68xx.aer4f : mmwave_fullcfg.oer4f (.text:MMWave_getProfileCfg)
                  0000de94    00000088     mss_cli.oer4f (.text:MmwDemo_CLIMultiObjBeamForming)
                  0000df1c    00000088     mss_cli.oer4f (.text:MmwDemo_CLINearFieldCorrection)
                  0000dfa4    00000088     mss_main.oer4f (.text:MmwDemo_gpioSwitchTask)
                  0000e02c    00000088     libsoc_xwr68xx.aer4f : soc.oer4f (.text:SOC_init)
                  0000e0b4    00000088     rtsv7R4_T_le_v3D16_eabi.lib : vsnprintf.obj (.text)
                  0000e13c    00000084     libmmwave_xwr68xx.aer4f : mmwave_dualcore.oer4f (.text:MMWave_deviceCfgAsyncEvent)
                  0000e1c0    00000084                             : mmwave_dualcore.oer4f (.text:MMWave_deviceEventFxn)
                  0000e244    00000084                             : mmwave_fullcfg.oer4f (.text:MMWave_getNumBpmChirp)
                  0000e2c8    00000084                             : mmwave.oer4f (.text:MMWave_open)
                  0000e34c    00000080     cli_mmwave.oer4f (.text:CLI_MMWaveChannelCfg)
                  0000e3cc    00000080     libmmwave_xwr68xx.aer4f : mmwave_fullcfg.oer4f (.text:MMWave_getBpmChirpCfg)
                  0000e44c    00000080     libuart_xwr68xx.aer4f : uartsci.oer4f (.text:UartSci_writePolling)
                  0000e4cc    00000080     mss_main.oer4f (.text:findDelta)
                  0000e54c    00000080     libmmwavelink_xwr68xx.aer4f : rl_driver.oer4f (.text:rlDriverExecuteGetApi)
                  0000e5cc    00000004     mss_mmw_per4ft.oer4ft (.text:ti_sysbios_family_arm_v7r_vim_Hwi_delete)
                  0000e5d0    00000080     sysbios.aer4ft : BIOS.obj (.text:ti_sysbios_timers_rti_Timer_initDevice__I)
                  0000e650    0000007e     libosal_xwr68xx.aer4f : HwiP_tirtos.oer4f (.text:HwiP_create)
                  0000e6ce    00000002     --HOLE-- [fill = 0]
                  0000e6d0    0000007c     libmmwave_xwr68xx.aer4f : mmwave_dualcore.oer4f (.text:MMWave_deviceOpenFxn)
                  0000e74c    0000007c     libmailbox_xwr68xx.aer4f : mailbox.oer4f (.text:Mailbox_init)
                  0000e7c8    0000007c     libuart_xwr68xx.aer4f : uartsci.oer4f (.text:UartSci_readPolling)
                  0000e844    0000007c     sysbios.aer4ft : arm_TaskSupport_asm.obj (.text:_ti_sysbios_family_arm_TaskSupport_buildTaskStack)
                  0000e8c0    0000007c                    : BIOS.obj (.text:xdc_runtime_Core_deleteObject__I)
                  0000e93c    0000007b     mss_cli.oer4f (.text:MmwDemo_CLIGetSubframe)
                  0000e9b7    00000001     --HOLE-- [fill = 0]
                  0000e9b8    0000007a     rtsv7R4_T_le_v3D16_eabi.lib : memset_t2.obj (.text)
                  0000ea32    00000002     --HOLE-- [fill = 0]
                  0000ea34    00000078     cli_mmwave.oer4f (.text:CLI_MMWaveADCCfg)
                  0000eaac    00000078     libmmwave_xwr68xx.aer4f : mmwave_fullcfg.oer4f (.text:MMWave_getNumChirps)
                  0000eb24    00000078     mss_cli.oer4f (.text:MmwDemo_CLIExtendedMaxVelocity)
                  0000eb9c    00000078     mss_main.oer4f (.text:MmwDemo_Dss2MssISR)
                  0000ec14    00000074     libmmwave_xwr68xx.aer4f : mmwave.oer4f (.text:MMWave_config)
                  0000ec88    00000074                             : mmwave_dualcore.oer4f (.text:MMWave_deviceStartFxn)
                  0000ecfc    00000074     mss_cli.oer4f (.text:MmwDemo_CLIClutterRemoval)
                  0000ed70    00000074     libsoc_xwr68xx.aer4f : soc.oer4f (.text:SOC_getDeviceRFFreqScaleFactor)
                  0000ede4    00000074     boot.aer4ft : boot.oer4ft (.text)
                  0000ee58    00000074     libmmwavelink_xwr68xx.aer4f : rl_driver.oer4f (.text:rlDriverAsyncEventHandler)
                  0000eecc    00000074                                 : rl_driver.oer4f (.text:rlDriverProcRdMsg)
                  0000ef40    00000074     rtsv7R4_T_le_v3D16_eabi.lib : getdevice.obj (.text)
                  0000efb4    00000074                                 : s_frexp.obj (.text)
                  0000f028    00000072     libmmwavelink_xwr68xx.aer4f : rl_driver.oer4f (.text:rlDriverClientCbCheck)
                  0000f09a    00000002     --HOLE-- [fill = 0]
                  0000f09c    00000070     libmmwave_xwr68xx.aer4f : mmwave_dualcore.oer4f (.text:MMWave_deviceCfgFxn)
                  0000f10c    00000070     mss_main.oer4f (.text:logFeatures)
                  0000f17c    00000004     mss_mmw_per4ft.oer4ft (.text:ti_sysbios_heaps_HeapMem_Module_GateProxy_enter__E)
                  0000f180    00000070     sysbios.aer4ft : BIOS.obj (.text:xdc_runtime_Error_print__E)
                  0000f1f0    00000070                    : BIOS.obj (.text:xdc_runtime_Text_visitRope2__I)
                  0000f260    0000006c     libdma_xwr68xx.aer4f : dma.oer4f (.text:DMA_disableChannel)
                  0000f2cc    0000006c     libgpio_xwr68xx.aer4f : gpio.oer4f (.text:GPIO_enableInt)
                  0000f338    0000006c     libmmwave_xwr68xx.aer4f : mmwave_link.oer4f (.text:MMWave_spawn)
                  0000f3a4    0000006c                             : mmwave_link.oer4f (.text:MMWave_stopLink)
                  0000f410    0000006c     libpinmux_xwr68xx.aer4f : pinmux.oer4f (.text:Pinmux_Set_FuncSel)
                  0000f47c    0000006c     mss_main.oer4f (.text:angleDelta)
                  0000f4e8    0000006c     rtsv7R4_T_le_v3D16_eabi.lib : copy_decompress_lzss.obj (.text:decompress:lzss)
                  0000f554    0000006c                                 : trgmsg.obj (.text)
                  0000f5c0    0000006a     libuart_xwr68xx.aer4f : uartsci.oer4f (.text:UartSci_control)
                  0000f62a    00000002     --HOLE-- [fill = 0]
                  0000f62c    00000068     libdma_xwr68xx.aer4f : dma.oer4f (.text:DMA_enableChannel)
                  0000f694    00000068     libmmwave_xwr68xx.aer4f : mmwave_dualcore.oer4f (.text:MMWave_deviceStopFxn)
                  0000f6fc    00000068     libmailbox_xwr68xx.aer4f : mailbox.oer4f (.text:Mailbox_readFlush)
                  0000f764    00000068     libmmwavelink_xwr68xx.aer4f : rl_driver.oer4f (.text:rlDriverExecuteSetApi)
                  0000f7cc    00000068                                 : rl_driver.oer4f (.text:rlDriverHostIrqHandler)
                  0000f834    00000068     rtsv7R4_T_le_v3D16_eabi.lib : hostlseek.obj (.text)
                  0000f89c    00000068                                 : hostrename.obj (.text)
                  0000f904    0000000a     libosal_xwr68xx.aer4f : MemoryP_tirtos.oer4f (.text:MemoryP_ctrlFree)
                  0000f90e    00000002     --HOLE-- [fill = 0]
                  0000f910    00000068     sysbios.aer4ft : BIOS.obj (.text:ti_sysbios_knl_Swi_schedule__I)
                  0000f978    00000067     mss_main.oer4f (.text:MmwDemo_mssSetHsiClk)
                  0000f9df    00000001     --HOLE-- [fill = 0]
                  0000f9e0    00000066     libmmwavelink_xwr68xx.aer4f : rl_device.oer4f (.text:rlDevicePowerOff)
                  0000fa46    00000002     --HOLE-- [fill = 0]
                  0000fa48    00000064     cli_mmwave.oer4f (.text:CLI_MMWaveLowPowerCfg)
                  0000faac    00000064     libosal_xwr68xx.aer4f : SemaphoreP_tirtos.oer4f (.text:SemaphoreP_create)
                  0000fb10    00000064     rtsv7R4_T_le_v3D16_eabi.lib : fseek.obj (.text)
                  0000fb74    00000064                                 : sprintf.obj (.text)
                  0000fbd8    00000064     sysbios.aer4ft : exc_Exception_asm.obj (.text:ti_sysbios_family_arm_exc_Exception_initCore0__I)
                  0000fc3c    00000004     mss_mmw_per4ft.oer4ft (.text:ti_sysbios_heaps_HeapMem_Module_GateProxy_leave__E)
                  0000fc40    00000064     sysbios.aer4ft : BIOS.obj (.text:ti_sysbios_family_arm_v7r_vim_Hwi_phantomIntHandler__I)
                  0000fca4    0000000a     libosal_xwr68xx.aer4f : SemaphoreP_tirtos.oer4f (.text:SemaphoreP_post)
                  0000fcae    00000002     --HOLE-- [fill = 0]
                  0000fcb0    00000064     sysbios.aer4ft : BIOS.obj (.text:ti_sysbios_knl_Clock_logTick__E)
                  0000fd14    0000000a     libuart_xwr68xx.aer4f : UART.oer4f (.text:UART_read)
                  0000fd1e    00000002     --HOLE-- [fill = 0]
                  0000fd20    00000064     sysbios.aer4ft : BIOS.obj (.text:xdc_runtime_Startup_exec__E)
                  0000fd84    00000060     cli_mmwave.oer4f (.text:CLI_MMWaveExtensionHandler)
                  0000fde4    00000060     libgpio_xwr68xx.aer4f : gpio.oer4f (.text:GPIO_setCallback)
                  0000fe44    00000060     mss_main.oer4f (.text:gestureInferenceProcessing)
                  0000fea4    0000000a     libuart_xwr68xx.aer4f : UART.oer4f (.text:UART_write)
                  0000feae    00000002     --HOLE-- [fill = 0]
                  0000feb0    00000060     sysbios.aer4ft : BIOS.obj (.text:ti_sysbios_heaps_HeapMem_alloc__E)
                  0000ff10    00000060                    : BIOS.obj (.text:xdc_runtime_Assert_raise__I)
                  0000ff70    0000005f                    : BIOS.obj (.text:xdc_runtime_Text_putLab__E)
                  0000ffcf    00000001     --HOLE-- [fill = 0]
                  0000ffd0    0000005e     libuart_xwr68xx.aer4f : uartsci.oer4f (.text:UartSci_writeChar)
                  0001002e    00000002     --HOLE-- [fill = 0]
                  00010030    0000005c     libmmwave_xwr68xx.aer4f : mmwave_link.oer4f (.text:MMWave_mboxOpen)
                  0001008c    0000005c                             : mmwave.oer4f (.text:MMWave_stop)
                  000100e8    0000005c     rtsv7R4_T_le_v3D16_eabi.lib : hostopen.obj (.text)
                  00010144    0000005c                                 : hostread.obj (.text)
                  000101a0    0000005a     libuart_xwr68xx.aer4f : uartsci.oer4f (.text:UartSci_readCancel)
                  000101fa    0000005a     libmmwavelink_xwr68xx.aer4f : rl_driver.oer4f (.text:rlDriverCalChkSum)
                  00010254    00000058     libesm_xwr68xx.aer4f : esm.oer4f (.text:ESM_highpriority_FIQ)
                  000102ac    00000058     libmmwave_xwr68xx.aer4f : mmwave.oer4f (.text:MMWave_execute)
                  00010304    00000058                             : mmwave_link.oer4f (.text:MMWave_initCRC)
                  0001035c    00000058     mss_main.oer4f (.text:MmwDemo_mmWaveCtrlTask)
                  000103b4    00000058     libuart_xwr68xx.aer4f : uartsci_dma.oer4f (.text:UartSci_closeDMA)
                  0001040c    00000058     libmmwavelink_xwr68xx.aer4f : rl_driver.oer4f (.text:rlDriverMsgReadSpawnCtx)
                  00010464    00000058     rtsv7R4_T_le_v3D16_eabi.lib : close.obj (.text)
                  000104bc    00000058                                 : hostwrite.obj (.text)
                  00010514    0000000a     libuart_xwr68xx.aer4f : UART.oer4f (.text:UART_writePolling)
                  0001051e    00000002     --HOLE-- [fill = 0]
                  00010520    00000058     sysbios.aer4ft : BIOS.obj (.text:ti_sysbios_knl_Swi_restoreHwi__E)
                  00010578    00000056     libmmwavelink_xwr68xx.aer4f : rl_driver.oer4f (.text:rlDriverOsiCbCheck)
                  000105ce    00000002     --HOLE-- [fill = 0]
                  000105d0    00000054     libcrc_xwr68xx.aer4f : crc.oer4f (.text:CRC_getTransactionId)
                  00010624    00000054     libdma_xwr68xx.aer4f : dma.oer4f (.text:DMA_freeChannel)
                  00010678    00000054     libmmwave_xwr68xx.aer4f : mmwave_link.oer4f (.text:MMWave_initLink)
                  000106cc    00000054     rtsv7R4_T_le_v3D16_eabi.lib : ltoa.obj (.text)
                  00010720    00000054     mss_mmw_per4ft.oer4ft (.text:ti_sysbios_family_arm_v7r_vim_Hwi_create)
                  00010774    0000000a     sysbios.aer4ft : tms570_Core_asm.obj (.text:ti_sysbios_family_arm_v7r_tms570_Core_getId__E)
                  0001077e    00000002     --HOLE-- [fill = 0]
                  00010780    00000054                    : BIOS.obj (.text:ti_sysbios_heaps_HeapMem_getStats__E)
                  000107d4    0000000a     mss_mmw_per4ft.oer4ft (.text:xdc_runtime_IHeap_alloc)
                  000107de    00000002     --HOLE-- [fill = 0]
                  000107e0    00000054     sysbios.aer4ft : BIOS.obj (.text:ti_sysbios_knl_Swi_runLoop__I)
                  00010834    0000000a     mss_mmw_per4ft.oer4ft (.text:xdc_runtime_IHeap_free)
                  0001083e    00000002     --HOLE-- [fill = 0]
                  00010840    00000054     sysbios.aer4ft : BIOS.obj (.text:ti_sysbios_knl_Swi_startup__E)
                  00010894    00000004     mss_mmw_per4ft.oer4ft (.text:ti_sysbios_knl_Clock_TimerProxy_getMaxTicks__E)
                  00010898    00000004     mss_mmw_per4ft.oer4ft (.text:ti_sysbios_knl_Semaphore_delete)
                  0001089c    00000004     mss_mmw_per4ft.oer4ft (.text:xdc_runtime_System_Module_GateProxy_enter__E)
                  000108a0    00000054     sysbios.aer4ft : BIOS.obj (.text:xdc_runtime_Core_assignLabel__I)
                  000108f4    00000050     cli.oer4f (.text:CLI_write)
                  00010944    00000050     libcrc_xwr68xx.aer4f : crc.oer4f (.text:CRC_getSignature)
                  00010994    00000050     libmmwave_xwr68xx.aer4f : mmwave.oer4f (.text:MMWave_sync)
                  000109e4    00000050     libmmwavelink_xwr68xx.aer4f : rl_driver.oer4f (.text:rlDeviceIdentifyCmdDir)
                  00010a34    00000050                                 : rl_driver.oer4f (.text:rlDriverVerifyCRC)
                  00010a84    00000050     rtsv7R4_T_le_v3D16_eabi.lib : atoi.obj (.text)
                  00010ad4    00000050                                 : exit.obj (.text)
                  00010b24    00000050                                 : u_div32.obj (.text)
                  00010b74    00000004     mss_mmw_per4ft.oer4ft (.text:xdc_runtime_System_Module_GateProxy_leave__E)
                  00010b78    00000008     --HOLE-- [fill = 0]
                  00010b80    00000050     sysbios.aer4ft : BIOS.obj (.text:xdc_runtime_System_exit__E)
                  00010bd0    0000004c     libmailbox_xwr68xx.aer4f : mailbox.oer4f (.text:Mailbox_boxEmptyISRProcessing)
                  00010c1c    0000004c     libuart_xwr68xx.aer4f : uartsci.oer4f (.text:UartSci_writeCancel)
                  00010c68    0000004c     rtsv7R4_T_le_v3D16_eabi.lib : cpy_tbl.obj (.text)
                  00010cb4    0000000c     --HOLE-- [fill = 0]
                  00010cc0    0000004c     sysbios.aer4ft : BIOS.obj (.text:ti_sysbios_family_arm_v7r_vim_Hwi_getStackInfo__E)
                  00010d0c    0000004c     mss_mmw_per4ft.oer4ft (.text:ti_sysbios_knl_Task_create)
                  00010d58    0000004a     libmailbox_xwr68xx.aer4f : mailbox.oer4f (.text:Mailbox_boxFullISRProcessing)
                  00010da2    0000000e     mss_cli.oer4f (.text:MmwDemo_CLISensorStop)
                  00010db0    0000004a     sysbios.aer4ft : BIOS.obj (.text:xdc_runtime_Core_assignParams__I)
                  00010dfa    00000006     --HOLE-- [fill = 0]
                  00010e00    0000004a                    : BIOS.obj (.text:xdc_runtime_Text_xprintf__I)
                  00010e4a    00000048     libmmwavelink_xwr68xx.aer4f : rl_device.oer4f (.text:rlDeviceGetVersion)
                  00010e92    00000002     --HOLE-- [fill = 0]
                  00010e94    00000048                                 : rl_driver.oer4f (.text:rlDriverOsiInit)
                  00010edc    00000046     libmailbox_xwr68xx.aer4f : mailbox.oer4f (.text:CSL_FINSR)
                  00010f22    00000044     libcrc_xwr68xx.aer4f : crc.oer4f (.text:CRC_resetSignature)
                  00010f66    00000002     --HOLE-- [fill = 0]
                  00010f68    00000044     libmailbox_xwr68xx.aer4f : mailbox.oer4f (.text:Mailbox_boxFullISRMssDss)
                  00010fac    00000044     mss_cli.oer4f (.text:MmwDemo_mssCfgUpdate)
                  00010ff0    00000044     rtsv7R4_T_le_v3D16_eabi.lib : hostclose.obj (.text)
                  00011034    00000044                                 : hostunlink.obj (.text)
                  00011078    00000008     --HOLE-- [fill = 0]
                  00011080    00000044     sysbios.aer4ft : BIOS.obj (.text:ti_sysbios_family_arm_v7r_tms570_Core_Module_startup__E)
                  000110c4    0000000c     --HOLE-- [fill = 0]
                  000110d0    00000044                    : BIOS.obj (.text:ti_sysbios_knl_Task_allBlockedFunction__I)
                  00011114    0000000c     --HOLE-- [fill = 0]
                  00011120    00000044                    : BIOS.obj (.text:xdc_runtime_System_atexit__E)
                  00011164    00000042     libmmwave_xwr68xx.aer4f : mmwave_link.oer4f (.text:MMWave_executeLink)
                  000111a6    00000040     libmmwavelink_xwr68xx.aer4f : rl_driver.oer4f (.text:rlDriverValidateHdr)
                  000111e6    00000002     --HOLE-- [fill = 0]
                  000111e8    00000040     rtsv7R4_T_le_v3D16_eabi.lib : strtok.obj (.text)
                  00011228    00000008     --HOLE-- [fill = 0]
                  00011230    00000040     sysbios.aer4ft : BIOS.obj (.text:ti_sysbios_timers_rti_Timer_stop__E)
                  00011270    0000003e     libcrc_xwr68xx.aer4f : crc.oer4f (.text:CSL_FINSR)
                  000112ae    0000003e     libdma_xwr68xx.aer4f : dma.oer4f (.text:CSL_FINSR)
                  000112ec    0000003e     libgpio_xwr68xx.aer4f : gpio.oer4f (.text:CSL_FINSR)
                  0001132a    0000003e     libpinmux_xwr68xx.aer4f : pinmux.oer4f (.text:CSL_FINSR)
                  00011368    0000003e     libsoc_xwr68xx.aer4f : soc.oer4f (.text:CSL_FINSR)
                  000113a6    0000003e                          : soc_xwr68xx.oer4f (.text:CSL_FINSR)
                  000113e4    0000003e                          : soc_xwr68xx_mss.oer4f (.text:CSL_FINSR)
                  00011422    0000003e     libuart_xwr68xx.aer4f : uartsci.oer4f (.text:CSL_FINSR)
                  00011460    0000003e     libmmwave_xwr68xx.aer4f : mmwave.oer4f (.text:MMWave_decodeError)
                  0001149e    0000003e     libuart_xwr68xx.aer4f : uartsci.oer4f (.text:UartSci_close)
                  000114dc    0000003c     cli_mmwave.oer4f (.text:CLI_MMWaveFlushCfg)
                  00011518    0000003c     libmailbox_xwr68xx.aer4f : mailbox.oer4f (.text:Mailbox_writeReset)
                  00011554    0000003c     libsoc_xwr68xx.aer4f : soc.oer4f (.text:SOC_unhaltBSS)
                  00011590    0000003c     libmmwavelink_xwr68xx.aer4f : rl_controller.oer4f (.text:rlGetSubBlock)
                  000115cc    0000003c     sysbios.aer4ft : vim_Hwi_asm.obj (.text:ti_sysbios_family_arm_v7r_vim_Hwi_init__I)
                  00011608    00000008     --HOLE-- [fill = 0]
                  00011610    0000003c                    : BIOS.obj (.text:ti_sysbios_hal_Hwi_checkStack)
                  0001164c    00000004     --HOLE-- [fill = 0]
                  00011650    0000003c                    : BIOS.obj (.text:ti_sysbios_heaps_HeapMem_init__I)
                  0001168c    00000004     --HOLE-- [fill = 0]
                  00011690    0000003c                    : BIOS.obj (.text:ti_sysbios_timers_rti_Timer_setPeriod__E)
                  000116cc    0000003a     libosal_xwr68xx.aer4f : HwiP_tirtos.oer4f (.text:HwiP_delete)
                  00011706    0000003a     mss_main.oer4f (.text:maxCheck)
                  00011740    00000038     cli_mmwave.oer4f (.text:CLI_MMWaveExtensionInit)
                  00011778    00000038     libuart_xwr68xx.aer4f : UART.oer4f (.text:UART_init)
                  000117b0    00000036     mss_main.oer4f (.text:logEnergy)
                  000117e6    00000036     libmmwavelink_xwr68xx.aer4f : rl_controller.oer4f (.text:rlAppendSubBlock)
                  0001181c    00000036     rtsv7R4_T_le_v3D16_eabi.lib : strncpy.obj (.text)
                  00011852    00000002     --HOLE-- [fill = 0]
                  00011854    00000034     libmmwave_xwr68xx.aer4f : mmwave_link.oer4f (.text:MMWave_mboxWrite)
                  00011888    00000034     mss_main.oer4f (.text:MmwDemo_installDss2MssExceptionSignallingISR)
                  000118bc    00000034     libsoc_xwr68xx.aer4f : soc_xwr68xx.oer4f (.text:SOC_setMMWaveDSSLinkState)
                  000118f0    00000034                          : soc_xwr68xx.oer4f (.text:SOC_setMMWaveMSSLinkState)
                  00011924    00000034     libuart_xwr68xx.aer4f : UART.oer4f (.text:UART_open)
                  00011958    00000034     mss_mmw_per4ft.oer4ft (.text:ti_sysbios_knl_Semaphore_create)
                  0001198c    00000032     libcrc_xwr68xx.aer4f : crc.oer4f (.text:CRC_getCRCDataSelectBitValue)
                  000119be    00000002     --HOLE-- [fill = 0]
                  000119c0    00000032                          : crc.oer4f (.text:CRC_getCRCTypeBitValue)
                  000119f2    0000000e     libosal_xwr68xx.aer4f : SemaphoreP_tirtos.oer4f (.text:SemaphoreP_delete)
                  00011a00    00000032     sysbios.aer4ft : BIOS.obj (.text:ti_sysbios_hal_Hwi_initStack)
                  00011a32    00000030     libmmwave_xwr68xx.aer4f : mmwave_listlib.oer4f (.text:MMWave_listRemoveNode)
                  00011a62    00000002     --HOLE-- [fill = 0]
                  00011a64    00000030     libsoc_xwr68xx.aer4f : soc.oer4f (.text:SOC_getDevicePartNumber)
                  00011a94    00000030     libmmwavelink_xwr68xx.aer4f : rl_sensor.oer4f (.text:rlSensorStart)
                  00011ac4    00000030     mss_mmw_per4ft.oer4ft (.text:ti_sysbios_BIOS_atExitFunc__I)
                  00011af4    00000030     mss_mmw_per4ft.oer4ft (.text:ti_sysbios_BIOS_startFunc__I)
                  00011b24    0000000c     --HOLE-- [fill = 0]
                  00011b30    00000030     sysbios.aer4ft : BIOS.obj (.text:ti_sysbios_family_arm_TaskSupport_start__E)
                  00011b60    00000030     mss_mmw_per4ft.oer4ft (.text:ti_sysbios_gates_GateHwi_Object__create__S)
                  00011b90    00000030     mss_mmw_per4ft.oer4ft (.text:ti_sysbios_gates_GateMutex_Object__create__S)
                  00011bc0    00000030     mss_mmw_per4ft.oer4ft (.text:ti_sysbios_heaps_HeapMem_Object__create__S)
                  00011bf0    00000030     sysbios.aer4ft : BIOS.obj (.text:ti_sysbios_heaps_HeapMem_free__E)
                  00011c20    00000030     mss_mmw_per4ft.oer4ft (.text:ti_sysbios_knl_Event_create)
                  00011c50    00000030     mss_mmw_per4ft.oer4ft (.text:ti_sysbios_knl_Semaphore_construct)
                  00011c80    0000002f     sysbios.aer4ft : BIOS.obj (.text:xdc_runtime_Text_printVisFxn__I)
                  00011caf    00000001     --HOLE-- [fill = 0]
                  00011cb0    0000002e                    : BIOS.obj (.text:ti_sysbios_knl_Event_pendTimeout__I)
                  00011cde    00000002     --HOLE-- [fill = 0]
                  00011ce0    0000002e                    : BIOS.obj (.text:ti_sysbios_knl_Semaphore_pendTimeout__I)
                  00011d0e    0000002e     mss_mmw_per4ft.oer4ft (.text:ti_sysbios_rts_MemAlloc_alloc)
                  00011d3c    0000002c     libgpio_xwr68xx.aer4f : gpio.oer4f (.text:GPIO_HighPriorityISR)
                  00011d68    0000002c                           : gpio.oer4f (.text:GPIO_LowPriorityISR)
                  00011d94    0000002c     libmmwave_xwr68xx.aer4f : mmwave_osal.oer4f (.text:MMWave_osalMutexCreate)
                  00011dc0    0000002c                             : mmwave_osal.oer4f (.text:MMWave_osalSemCreate)
                  00011dec    0000002c     libsoc_xwr68xx.aer4f : soc_xwr68xx_mss.oer4f (.text:SOC_waitBSSPowerUp)
                  00011e18    0000002c     utils.oer4f (.text:compute_innerprod)
                  00011e44    0000002c     utils.oer4f (.text:relu_activation)
                  00011e70    0000002c     libmmwavelink_xwr68xx.aer4f : rl_device.oer4f (.text:rlDeviceGetMssVersion)
                  00011e9c    0000002c                                 : rl_sensor.oer4f (.text:rlSensorStop)
                  00011ec8    0000002c     rtsv7R4_T_le_v3D16_eabi.lib : unlink.obj (.text)
                  00011ef4    0000002c     mss_mmw_per4ft.oer4ft (.text:ti_sysbios_knl_Clock_doTick__I)
                  00011f20    0000002c     mss_mmw_per4ft.oer4ft (.text:ti_sysbios_knl_Queue_construct)
                  00011f4c    00000004     --HOLE-- [fill = 0]
                  00011f50    0000002c     sysbios.aer4ft : BIOS.obj (.text:ti_sysbios_knl_Swi_Module_startup__E)
                  00011f7c    00000004     --HOLE-- [fill = 0]
                  00011f80    0000002c                    : BIOS.obj (.text:ti_sysbios_timers_rti_Timer_periodicStub__E)
                  00011fac    0000002a     libsoc_xwr68xx.aer4f : soc.oer4f (.text:SOC_SystemISR)
                  00011fd6    0000002a     libmmwavelink_xwr68xx.aer4f : rl_device.oer4f (.text:rlDeviceGetMmWaveLinkVersion)
                  00012000    0000002a     rtsv7R4_T_le_v3D16_eabi.lib : strspn.obj (.text)
                  0001202a    00000002     --HOLE-- [fill = 0]
                  0001202c    00000028     libmailbox_xwr68xx.aer4f : mailbox.oer4f (.text:Mailbox_Config_init)
                  00012054    00000028     libuart_xwr68xx.aer4f : uartsci_dma.oer4f (.text:UartSci_RxDMACallbackFxn)
                  0001207c    00000028                           : uartsci_dma.oer4f (.text:UartSci_TxDMACallbackFxn)
                  000120a4    00000028     mss_cli.oer4f (.text:log2Approx)
                  000120cc    00000028     libmmwavelink_xwr68xx.aer4f : rl_driver.oer4f (.text:rlDriverConstructInMsg)
                  000120f4    00000028     rtsv7R4_T_le_v3D16_eabi.lib : lseek.obj (.text)
                  0001211c    00000028                                 : write.obj (.text)
                  00012144    0000000c     --HOLE-- [fill = 0]
                  00012150    00000028     sysbios.aer4ft : BIOS.obj (.text:ti_sysbios_knl_Idle_run__E)
                  00012178    00000008     --HOLE-- [fill = 0]
                  00012180    00000028                    : BIOS.obj (.text:xdc_runtime_SysStd_abort__E)
                  000121a8    00000008     --HOLE-- [fill = 0]
                  000121b0    00000028                    : BIOS.obj (.text:xdc_runtime_System_aprintf_va__F)
                  000121d8    00000026     libmmwavelink_xwr68xx.aer4f : rl_sensor.oer4f (.text:rlRfInitCalibConfig)
                  000121fe    00000026                                 : rl_sensor.oer4f (.text:rlRfRunTimeCalibConfig)
                  00012224    00000026                                 : rl_sensor.oer4f (.text:rlRfSetDeviceCfg)
                  0001224a    00000026                                 : rl_sensor.oer4f (.text:rlSetAdcOutConfig)
                  00012270    00000026                                 : rl_sensor.oer4f (.text:rlSetBpmCommonConfig)
                  00012296    00000026                                 : rl_sensor.oer4f (.text:rlSetChannelConfig)
                  000122bc    00000026                                 : rl_sensor.oer4f (.text:rlSetContModeConfig)
                  000122e2    00000026     rtsv7R4_T_le_v3D16_eabi.lib : memcmp.obj (.text)
                  00012308    00000008     --HOLE-- [fill = 0]
                  00012310    00000026     sysbios.aer4ft : BIOS.obj (.text:xdc_runtime_System_printf_va__F)
                  00012336    00000024     libcrc_xwr68xx.aer4f : crc.oer4f (.text:CRC_isTransactionIdValid)
                  0001235a    00000002     --HOLE-- [fill = 0]
                  0001235c    00000024     libgpio_xwr68xx.aer4f : gpio.oer4f (.text:GPIO_processInterrupt)
                  00012380    00000024     mss_main.oer4f (.text:MmwDemo_notifySensorStart)
                  000123a4    00000024     libsoc_xwr68xx.aer4f : soc_xwr68xx.oer4f (.text:SOC_isMMWaveDSSOperational)
                  000123c8    00000024                          : soc_xwr68xx.oer4f (.text:SOC_isMMWaveMSSOperational)
                  000123ec    00000024     libmmwavelink_xwr68xx.aer4f : rl_device.oer4f (.text:rlDeviceSetHsiClk)
                  00012410    00000024                                 : rl_sensor.oer4f (.text:rlEnableContMode)
                  00012434    00000024                                 : rl_sensor.oer4f (.text:rlRfSetCalMonTimeUnitConfig)
                  00012458    00000024                                 : rl_sensor.oer4f (.text:rlSetLowPowerModeConfig)
                  0001247c    00000024     mss_mmw_per4ft.oer4ft (.text:ti_sysbios_BIOS_errorRaiseHook__I)
                  000124a0    00000024     mss_mmw_per4ft.oer4ft (.text:ti_sysbios_BIOS_registerRTSLock__I)
                  000124c4    00000024     mss_mmw_per4ft.oer4ft (.text:ti_sysbios_BIOS_removeRTSLock__I)
                  000124e8    00000024     mss_mmw_per4ft.oer4ft (.text:ti_sysbios_gates_GateMutex_Object__delete__S)
                  0001250c    00000004     --HOLE-- [fill = 0]
                  00012510    00000024     sysbios.aer4ft : BIOS.obj (.text:ti_sysbios_knl_Clock_Module_startup__E)
                  00012534    00000024     mss_mmw_per4ft.oer4ft (.text:ti_sysbios_knl_Semaphore_Object__delete__S)
                  00012558    00000008     --HOLE-- [fill = 0]
                  00012560    00000024     sysbios.aer4ft : BIOS.obj (.text:ti_sysbios_knl_Task_restoreHwi__E)
                  00012584    00000022     mss_cli.oer4f (.text:MmwDemo_CLISensorStart)
                  000125a6    00000022     libuart_xwr68xx.aer4f : uartsci.oer4f (.text:UartSci_disableRxDMA)
                  000125c8    00000022                           : uartsci.oer4f (.text:UartSci_enableRxDMA)
                  000125ea    00000022     rtsv7R4_T_le_v3D16_eabi.lib : strcspn.obj (.text)
                  0001260c    00000020     libesm_xwr68xx.aer4f : esm.oer4f (.text:ESM_lowpriority_IRQ)
                  0001262c    00000020     libmmwave_xwr68xx.aer4f : mmwave_listlib.oer4f (.text:MMWave_listCat)
                  0001264c    00000020     mss_main.oer4f (.text:MmwDemo_mboxWrite)
                  0001266c    00000020     libpinmux_xwr68xx.aer4f : pinmux.oer4f (.text:Pinmux_Unlock)
                  0001268c    00000020     libmmwavelink_xwr68xx.aer4f : rl_sensor.oer4f (.text:rlRfInit)
                  000126ac    00000004     --HOLE-- [fill = 0]
                  000126b0    00000020     sysbios.aer4ft : BIOS.obj (.text:ti_sysbios_family_arm_v7a_Pmu_Module_startup__E)
                  000126d0    00000020     mss_mmw_per4ft.oer4ft (.text:ti_sysbios_family_arm_v7r_vim_Hwi_Object__delete__S)
                  000126f0    00000020     sysbios.aer4ft : BIOS.obj (.text:ti_sysbios_family_arm_v7r_vim_Hwi_disableInterrupt__E)
                  00012710    00000020                    : BIOS.obj (.text:ti_sysbios_family_arm_v7r_vim_Hwi_enableInterrupt__E)
                  00012730    00000020     mss_mmw_per4ft.oer4ft (.text:ti_sysbios_gates_GateHwi_Object__delete__S)
                  00012750    00000020     mss_mmw_per4ft.oer4ft (.text:ti_sysbios_heaps_HeapMem_Object__delete__S)
                  00012770    00000020     mss_mmw_per4ft.oer4ft (.text:ti_sysbios_knl_Semaphore_destruct)
                  00012790    0000001e     libmmwave_xwr68xx.aer4f : mmwave_fullcfg.oer4f (.text:MMWave_internalDelChirp)
                  000127ae    0000001e     libsoc_xwr68xx.aer4f : soc_xwr68xx_mss.oer4f (.text:SOC_getOutAddr_LUTType)
                  000127cc    0000001c     libcrc_xwr68xx.aer4f : crc.oer4f (.text:CRC_releaseTransactionId)
                  000127e8    0000001c     libdma_xwr68xx.aer4f : dma.oer4f (.text:CSL_FEXTR)
                  00012804    0000001c     libmmwave_xwr68xx.aer4f : mmwave.oer4f (.text:CSL_FEXTR)
                  00012820    0000001c     libsoc_xwr68xx.aer4f : soc.oer4f (.text:CSL_FEXTR)
                  0001283c    0000001c                          : soc_xwr68xx.oer4f (.text:CSL_FEXTR)
                  00012858    0000001c                          : soc_xwr68xx_mss.oer4f (.text:CSL_FEXTR)
                  00012874    0000001c     libuart_xwr68xx.aer4f : uartsci.oer4f (.text:CSL_FEXTR)
                  00012890    0000001c     libmmwave_xwr68xx.aer4f : mmwave_listlib.oer4f (.text:MMWave_listRemove)
                  000128ac    0000001c     mss_main.oer4f (.text:MmwDemo_mssMmwaveStartCallbackFxn)
                  000128c8    0000001c     mss_main.oer4f (.text:MmwDemo_notifySensorStop)
                  000128e4    0000001c     libsoc_xwr68xx.aer4f : soc_xwr68xx_mss.oer4f (.text:SOC_getInAddr_LUTType)
                  00012900    0000001c     sysbios.aer4ft : arm_TaskSupport_asm.obj (.text:_ti_sysbios_family_arm_TaskSupport_glue)
                  0001291c    0000001c                    : arm_TaskSupport_asm.obj (.text:_ti_sysbios_family_arm_TaskSupport_swap__E)
                  00012938    0000001c     rtsv7R4_T_le_v3D16_eabi.lib : memccpy.obj (.text)
                  00012954    0000001c     mss_mmw_per4ft.oer4ft (.text:ti_sysbios_BIOS_rtsLock__I)
                  00012970    0000001c     sysbios.aer4ft : BIOS.obj (.text:ti_sysbios_family_arm_v7r_vim_Hwi_clearInterrupt__E)
                  0001298c    00000004     --HOLE-- [fill = 0]
                  00012990    0000001c                    : BIOS.obj (.text:ti_sysbios_gates_GateMutex_Instance_init__E)
                  000129ac    00000004     --HOLE-- [fill = 0]
                  000129b0    0000001c                    : BIOS.obj (.text:ti_sysbios_gates_GateMutex_leave__E)
                  000129cc    0000001c     mss_mmw_per4ft.oer4ft (.text:ti_sysbios_knl_Queue_destruct)
                  000129e8    0000001a     libmmwave_xwr68xx.aer4f : mmwave_dualcore.oer4f (.text:MMWave_deviceSyncFxn)
                  00012a02    0000001a                             : mmwave.oer4f (.text:MMWave_encodeError)
                  00012a1c    0000001a                             : mmwave_listlib.oer4f (.text:MMWave_listAdd)
                  00012a36    0000001a     mss_mmw_per4ft.oer4ft (.text:free)
                  00012a50    0000001a     libmmwavelink_xwr68xx.aer4f : rl_sensor.oer4f (.text:rlGetRfDieId)
                  00012a6a    0000001a     rtsv7R4_T_le_v3D16_eabi.lib : s_copysign.obj (.text)
                  00012a84    0000001a     mss_mmw_per4ft.oer4ft (.text:ti_sysbios_gates_GateHwi_Handle__label__S)
                  00012a9e    0000001a     mss_mmw_per4ft.oer4ft (.text:ti_sysbios_gates_GateMutex_Handle__label__S)
                  00012ab8    0000001a     mss_mmw_per4ft.oer4ft (.text:ti_sysbios_heaps_HeapMem_Handle__label__S)
                  00012ad2    0000001a     mss_mmw_per4ft.oer4ft (.text:xdc_runtime_System_aprintf__E)
                  00012aec    0000001a     mss_mmw_per4ft.oer4ft (.text:xdc_runtime_System_printf__E)
                  00012b06    00000002     --HOLE-- [fill = 0]
                  00012b08    00000018     cli_mmwave.oer4f (.text:CLI_getMMWaveExtensionOpenConfig)
                  00012b20    00000018     libmmwave_xwr68xx.aer4f : mmwave_osal.oer4f (.text:MMWave_osalMutexLock)
                  00012b38    00000018                             : mmwave_osal.oer4f (.text:MMWave_osalSemWait)
                  00012b50    00000018     libmailbox_xwr68xx.aer4f : mailbox.oer4f (.text:Mailbox_boxEmptyISRBss)
                  00012b68    00000018                              : mailbox.oer4f (.text:Mailbox_boxEmptyISRMssDss)
                  00012b80    00000018                              : mailbox.oer4f (.text:Mailbox_boxFullISRBss)
                  00012b98    00000018     libmmwavelink_xwr68xx.aer4f : rl_device.oer4f (.text:rlDeviceGetRfVersion)
                  00012bb0    00000018                                 : rl_driver.oer4f (.text:rlDriverCalCRC)
                  00012bc8    00000018                                 : rl_driver.oer4f (.text:rlDriverFillPayload)
                  00012be0    00000018                                 : rl_driver.oer4f (.text:rlDriverIsDeviceMapValid)
                  00012bf8    00000018     rtsv7R4_T_le_v3D16_eabi.lib : args_main.obj (.text)
                  00012c10    00000018                                 : strcmp.obj (.text)
                  00012c28    00000018     mss_mmw_per4ft.oer4ft (.text:ti_sysbios_BIOS_rtsUnlock__I)
                  00012c40    00000018     sysbios.aer4ft : BIOS.obj (.text:ti_sysbios_family_arm_v7a_Pmu_initCounters__I)
                  00012c58    00000018     mss_mmw_per4ft.oer4ft (.text:ti_sysbios_family_arm_v7r_vim_Hwi_Module__startupDone__F)
                  00012c70    00000018     mss_mmw_per4ft.oer4ft (.text:ti_sysbios_family_arm_v7r_vim_Hwi_Params__init__S)
                  00012c88    00000018     mss_mmw_per4ft.oer4ft (.text:ti_sysbios_knl_Semaphore_Params__init__S)
                  00012ca0    00000018     mss_mmw_per4ft.oer4ft (.text:ti_sysbios_knl_Task_Params__init__S)
                  00012cb8    00000008     --HOLE-- [fill = 0]
                  00012cc0    00000018     sysbios.aer4ft : BIOS.obj (.text:ti_sysbios_knl_Task_enter__I)
                  00012cd8    00000018     mss_mmw_per4ft.oer4ft (.text:ti_sysbios_timers_rti_Timer_Module__startupDone__F)
                  00012cf0    00000018     sysbios.aer4ft : BIOS.obj (.text:xdc_runtime_Error_init__E)
                  00012d08    00000016     rtsv7R4_T_le_v3D16_eabi.lib : strchr.obj (.text)
                  00012d1e    00000016                                 : strlen.obj (.text)
                  00012d34    00000016     mss_mmw_per4ft.oer4ft (.text:ti_sysbios_BIOS_exitFunc__I)
                  00012d4a    00000006     --HOLE-- [fill = 0]
                  00012d50    00000016     sysbios.aer4ft : BIOS.obj (.text:ti_sysbios_knl_Idle_loop__E)
                  00012d66    0000000a     --HOLE-- [fill = 0]
                  00012d70    00000016                    : BIOS.obj (.text:ti_sysbios_knl_Task_sleepTimeout__I)
                  00012d86    00000014     libosal_xwr68xx.aer4f : HwiP_tirtos.oer4f (.text:HwiP_Params_init)
                  00012d9a    00000014     libmmwave_xwr68xx.aer4f : mmwave_fullcfg.oer4f (.text:MMWave_internalDelBpmChirp)
                  00012dae    00000014                             : mmwave_fullcfg.oer4f (.text:MMWave_internalDelProfile)
                  00012dc2    00000014                             : mmwave_osal.oer4f (.text:MMWave_osalMutexDelete)
                  00012dd6    00000014                             : mmwave_osal.oer4f (.text:MMWave_osalSemDelete)
                  00012dea    00000002     --HOLE-- [fill = 0]
                  00012dec    00000014     mss_main.oer4f (.text:MmwDemo_mssMmwaveConfigCallbackFxn)
                  00012e00    00000014     mss_main.oer4f (.text:MmwDemo_mssMmwaveStopCallbackFxn)
                  00012e14    00000014     libpinmux_xwr68xx.aer4f : pinmux.oer4f (.text:Pinmux_Lock)
                  00012e28    00000014     libuart_xwr68xx.aer4f : uartsci.oer4f (.text:UartSci_disableTxDMA)
                  00012e3c    00000014                           : uartsci.oer4f (.text:UartSci_enableTxDMA)
                  00012e50    00000014     libosal_xwr68xx.aer4f : DebugP_tirtos.oer4f (.text:_DebugP_assert)
                  00012e64    00000014     libmmwavelink_xwr68xx.aer4f : rl_controller.oer4f (.text:rlAppendDummy)
                  00012e78    00000014     rtsv7R4_T_le_v3D16_eabi.lib : _lock.obj (.text)
                  00012e8c    00000014                                 : strcpy.obj (.text)
                  00012ea0    00000014     mss_mmw_per4ft.oer4ft (.text:ti_sysbios_heaps_HeapMem_Object__get__S)
                  00012eb4    0000000c     --HOLE-- [fill = 0]
                  00012ec0    00000014     sysbios.aer4ft : BIOS.obj (.text:ti_sysbios_knl_Event_Instance_init__E)
                  00012ed4    00000014     mss_mmw_per4ft.oer4ft (.text:ti_sysbios_knl_Swi_Object__get__S)
                  00012ee8    00000012     libcrc_xwr68xx.aer4f : crc.oer4f (.text:CRC_initConfigParams)
                  00012efa    00000012     libmmwave_xwr68xx.aer4f : mmwave_dualcore.oer4f (.text:MMWave_deviceGetDeviceInfo)
                  00012f0c    00000012     libosal_xwr68xx.aer4f : MemoryP_tirtos.oer4f (.text:MemoryP_ctrlAlloc)
                  00012f1e    00000012                           : SemaphoreP_tirtos.oer4f (.text:SemaphoreP_pend)
                  00012f30    00000012     sysbios.aer4ft : BIOS.obj (.text:ti_sysbios_hal_Hwi_Module_startup__E)
                  00012f42    00000012     mss_mmw_per4ft.oer4ft (.text:xdc_runtime_Startup_exec__I)
                  00012f54    00000010     libcrc_xwr68xx.aer4f : crc.oer4f (.text:CRC_getSignatureRegister)
                  00012f64    00000010     mss_main.oer4f (.text:MmwDemo_switchPressFxn)
                  00012f74    0000000c     --HOLE-- [fill = 0]
                  00012f80    00000010     sysbios.aer4ft : BIOS.obj (.text:ti_sysbios_BIOS_setThreadType__E)
                  00012f90    00000010                    : BIOS.obj (.text:ti_sysbios_BIOS_start__E)
                  00012fa0    00000010                    : BIOS.obj (.text:ti_sysbios_family_arm_v7a_Pmu_disableInterruptI__E)
                  00012fb0    00000010                    : BIOS.obj (.text:ti_sysbios_family_arm_v7a_Pmu_enableInterruptI__E)
                  00012fc0    00000010                    : BIOS.obj (.text:ti_sysbios_family_arm_v7a_Pmu_getNumCounters__E)
                  00012fd0    00000010                    : BIOS.obj (.text:ti_sysbios_family_arm_v7a_Pmu_startCounterI__E)
                  00012fe0    00000010                    : BIOS.obj (.text:ti_sysbios_family_arm_v7a_Pmu_stopCounterI__E)
                  00012ff0    00000010                    : BIOS.obj (.text:ti_sysbios_gates_GateMutex_Instance_finalize__E)
                  00013000    00000010     mss_mmw_per4ft.oer4ft (.text:ti_sysbios_heaps_HeapBuf_Object__get__S)
                  00013010    00000010     sysbios.aer4ft : BIOS.obj (.text:ti_sysbios_knl_Semaphore_Instance_finalize__E)
                  00013020    00000010                    : BIOS.obj (.text:ti_sysbios_knl_Swi_disable__E)
                  00013030    00000010     mss_mmw_per4ft.oer4ft (.text:ti_sysbios_knl_Task_Object__get__S)
                  00013040    00000010     sysbios.aer4ft : BIOS.obj (.text:ti_sysbios_knl_Task_disable__E)
                  00013050    00000010                    : BIOS.obj (.text:xdc_runtime_Memory_free__E)
                  00013060    00000010     mss_mmw_per4ft.oer4ft (.text:xdc_runtime_Text_visitRope__I)
                  00013070    0000000e     rtsv7R4_T_le_v3D16_eabi.lib : copy_decompress_none.obj (.text:decompress:none)
                  0001307e    00000002     --HOLE-- [fill = 0]
                  00013080    0000000e     sysbios.aer4ft : BIOS.obj (.text:ti_sysbios_knl_Queue_empty__E)
                  0001308e    00000002     --HOLE-- [fill = 0]
                  00013090    0000000c                    : BIOS.obj (.text:ti_sysbios_family_arm_TaskSupport_checkStack__E)
                  0001309c    00000004     --HOLE-- [fill = 0]
                  000130a0    0000000c                    : BIOS.obj (.text:ti_sysbios_family_arm_TaskSupport_getStackAlignment__E)
                  000130ac    00000004     --HOLE-- [fill = 0]
                  000130b0    0000000c                    : BIOS.obj (.text:ti_sysbios_family_arm_exc_Exception_Module_startup__E)
                  000130bc    00000004     --HOLE-- [fill = 0]
                  000130c0    0000000c                    : BIOS.obj (.text:ti_sysbios_family_arm_v7r_vim_Hwi_switchFromBootStack__E)
                  000130cc    00000004     --HOLE-- [fill = 0]
                  000130d0    0000000c                    : BIOS.obj (.text:xdc_runtime_Startup_rtsDone__E)
                  000130dc    00000004     --HOLE-- [fill = 0]
                  000130e0    0000000c                    : BIOS.obj (.text:xdc_runtime_SysStd_exit__E)
                  000130ec    00000004     --HOLE-- [fill = 0]
                  000130f0    00000008                    : BIOS.obj (.text:ti_sysbios_gates_GateHwi_enter__E)
                  000130f8    00000008     --HOLE-- [fill = 0]
                  00013100    00000006                    : BIOS.obj (.text:ti_sysbios_family_arm_v7r_vim_Hwi_startup__E)
                  00013106    0000000a     --HOLE-- [fill = 0]
                  00013110    00000006                    : BIOS.obj (.text:ti_sysbios_gates_GateHwi_leave__E)
                  00013116    0000000a     --HOLE-- [fill = 0]
                  00013120    00000006                    : BIOS.obj (.text:ti_sysbios_heaps_HeapMem_isBlocking__E)
                  00013126    0000000a     --HOLE-- [fill = 0]
                  00013130    00000006                    : BIOS.obj (.text:ti_sysbios_knl_Queue_Instance_init__E)
                  00013136    0000000a     --HOLE-- [fill = 0]
                  00013140    00000006                    : BIOS.obj (.text:xdc_runtime_System_Module_startup__E)
                  00013146    0000000a     --HOLE-- [fill = 0]
                  00013150    00000004                    : BIOS.obj (.text:ti_sysbios_gates_GateHwi_query__E)
                  00013154    0000000c     --HOLE-- [fill = 0]
                  00013160    00000004                    : BIOS.obj (.text:ti_sysbios_gates_GateMutex_query__E)
                  00013164    0000000c     --HOLE-- [fill = 0]
                  00013170    00000004                    : BIOS.obj (.text:ti_sysbios_knl_Task_startup__E)
                  00013174    0000000c     --HOLE-- [fill = 0]
                  00013180    00000004                    : BIOS.obj (.text:ti_sysbios_timers_rti_Timer_getMaxTicks__E)
                  00013184    0000000c     --HOLE-- [fill = 0]
                  00013190    00000004                    : BIOS.obj (.text:xdc_runtime_SysStd_putch__E)
                  00013194    0000000c     --HOLE-- [fill = 0]
                  000131a0    00000004                    : BIOS.obj (.text:xdc_runtime_SysStd_ready__E)
                  000131a4    0000000c     --HOLE-- [fill = 0]
                  000131b0    00000002                    : BIOS.obj (.text:ti_sysbios_BIOS_linkedWithIncorrectBootLibrary__E)
                  000131b2    0000000e     --HOLE-- [fill = 0]
                  000131c0    00000002                    : BIOS.obj (.text:ti_sysbios_gates_GateHwi_Instance_init__E)

.const     0    000131c8    00002e76     
                  000131c8    00001b6f     mss_mmw_per4ft.oer4ft (.const:xdc_runtime_Text_charTab__A)
                  00014d37    00000001     --HOLE-- [fill = 0]
                  00014d38    0000034e     cli.oer4f (.const:.string)
                  00015086    00000002     mss_mmw_per4ft.oer4ft (.const:ti_sysbios_family_arm_exc_Exception_Module__id__C)
                  00015088    000002b8     libmmwavelink_xwr68xx.aer4f : rl_sensor.oer4f (.const:$O1$$)
                  00015340    000001de     mss_cli.oer4f (.const:.string)
                  0001551e    00000101     rtsv7R4_T_le_v3D16_eabi.lib : ctype.obj (.const:.string:_ctypes_)
                  0001561f    00000001     --HOLE-- [fill = 0]
                  00015620    000000d8     mss_mmw_per4ft.oer4ft (.const:xdc_runtime_Text_nodeTab__A)
                  000156f8    000000a0     cli_mmwave.oer4f (.const:.string)
                  00015798    00000098     rtsv7R4_T_le_v3D16_eabi.lib : strtod.obj (.const:$O1$$)
                  00015830    00000080     mss_mmw_per4ft.oer4ft (.const:ti_sysbios_family_arm_v7r_vim_Hwi_channelMap__A)
                  000158b0    00000078     libmmwavelink_xwr68xx.aer4f : rl_driver.oer4f (.const:$O2$$)
                  00015928    00000058     mss_mmw_per4ft.oer4ft (.const:.string)
                  00015980    00000044     mss_mmw_per4ft.oer4ft (.const:ti_sysbios_knl_Task_Object__PARAMS__C)
                  000159c4    0000003c     libuart_xwr68xx.aer4f : UART.oer4f (.const:UART_defaultParams)
                  00015a00    00000030     rtsv7R4_T_le_v3D16_eabi.lib : e_exp.obj (.const:$O1$$)
                  00015a30    00000030     mss_mmw_per4ft.oer4ft (.const:ti_sysbios_family_arm_v7r_vim_Hwi_Object__PARAMS__C)
                  00015a60    0000002c     mss_mmw_per4ft.oer4ft (.const:xdc_runtime_Startup_sfxnTab__A)
                  00015a8c    00000028     mss_mmw_per4ft.oer4ft (.const:ti_sysbios_heaps_HeapMem_Module__FXNS__C)
                  00015ab4    00000024     libmailbox_xwr68xx.aer4f : mailbox.oer4f (.const:Mailbox_defaultCfg)
                  00015ad8    00000024     mss_mmw_per4ft.oer4ft (.const:ti_sysbios_gates_GateHwi_Module__FXNS__C)
                  00015afc    00000024     mss_mmw_per4ft.oer4ft (.const:ti_sysbios_gates_GateMutex_Module__FXNS__C)
                  00015b20    00000024     mss_mmw_per4ft.oer4ft (.const:ti_sysbios_heaps_HeapMem_Object__PARAMS__C)
                  00015b44    00000024     mss_mmw_per4ft.oer4ft (.const:ti_sysbios_knl_Semaphore_Object__PARAMS__C)
                  00015b68    00000020     cli_mmwave.oer4f (.const:$P$T0$1)
                  00015b88    00000020     mss_mmw_per4ft.oer4ft (.const:ti_sysbios_family_arm_v7r_vim_Hwi_Object__DESC__C)
                  00015ba8    00000020     mss_mmw_per4ft.oer4ft (.const:ti_sysbios_gates_GateHwi_Object__DESC__C)
                  00015bc8    00000020     mss_mmw_per4ft.oer4ft (.const:ti_sysbios_gates_GateMutex_Object__DESC__C)
                  00015be8    00000020     mss_mmw_per4ft.oer4ft (.const:ti_sysbios_heaps_HeapMem_Object__DESC__C)
                  00015c08    00000020     mss_mmw_per4ft.oer4ft (.const:ti_sysbios_knl_Event_Object__DESC__C)
                  00015c28    00000020     mss_mmw_per4ft.oer4ft (.const:ti_sysbios_knl_Queue_Object__DESC__C)
                  00015c48    00000020     mss_mmw_per4ft.oer4ft (.const:ti_sysbios_knl_Semaphore_Object__DESC__C)
                  00015c68    00000020     mss_mmw_per4ft.oer4ft (.const:ti_sysbios_knl_Task_Object__DESC__C)
                  00015c88    0000001c     mss_main.oer4f (.const:$P$T0$1)
                  00015ca4    00000018     mss_mmw_per4ft.oer4ft (.const:ti_sysbios_gates_GateHwi_Object__PARAMS__C)
                  00015cbc    00000018     mss_mmw_per4ft.oer4ft (.const:ti_sysbios_gates_GateMutex_Object__PARAMS__C)
                  00015cd4    00000018     mss_mmw_per4ft.oer4ft (.const:ti_sysbios_knl_Event_Object__PARAMS__C)
                  00015cec    00000018     mss_mmw_per4ft.oer4ft (.const:ti_sysbios_knl_Queue_Object__PARAMS__C)
                  00015d04    00000016     mss_mmw_per4ft.oer4ft (.const:xdc_runtime_Startup_sfxnRts__A)
                  00015d1a    00000002     mss_mmw_per4ft.oer4ft (.const:ti_sysbios_family_arm_v7a_Pmu_Module__id__C)
                  00015d1c    00000010     mss_mmw_per4ft.oer4ft (.const:ti_sysbios_family_arm_v7r_vim_Hwi_intReqEnaSet__A)
                  00015d2c    00000010     mss_mmw_per4ft.oer4ft (.const:ti_sysbios_family_arm_v7r_vim_Hwi_wakeEnaSet__A)
                  00015d3c    00000008     mss_mmw_per4ft.oer4ft (.const:ti_sysbios_knl_Idle_funcList__A)
                  00015d44    00000008     mss_mmw_per4ft.oer4ft (.const:ti_sysbios_knl_Idle_funcList__C)
                  00015d4c    00000008     mss_mmw_per4ft.oer4ft (.const:xdc_runtime_Startup_firstFxns__A)
                  00015d54    00000008     mss_mmw_per4ft.oer4ft (.const:xdc_runtime_Startup_firstFxns__C)
                  00015d5c    00000008     mss_mmw_per4ft.oer4ft (.const:xdc_runtime_Startup_lastFxns__C)
                  00015d64    00000004     cli.oer4f (.const:.string:$P$T0$1)
                  00015d68    00000004     mss_mmw_per4ft.oer4ft (.const:ti_sysbios_family_arm_TaskSupport_stackAlignment__C)
                  00015d6c    00000004     mss_mmw_per4ft.oer4ft (.const:ti_sysbios_family_arm_exc_Exception_E_dataAbort__C)
                  00015d70    00000004     mss_mmw_per4ft.oer4ft (.const:ti_sysbios_family_arm_exc_Exception_E_prefetchAbort__C)
                  00015d74    00000004     mss_mmw_per4ft.oer4ft (.const:ti_sysbios_family_arm_exc_Exception_E_swi__C)
                  00015d78    00000004     mss_mmw_per4ft.oer4ft (.const:ti_sysbios_family_arm_exc_Exception_E_undefinedInstruction__C)
                  00015d7c    00000004     mss_mmw_per4ft.oer4ft (.const:ti_sysbios_family_arm_exc_Exception_excHookFuncs__A)
                  00015d80    00000004     mss_mmw_per4ft.oer4ft (.const:ti_sysbios_family_arm_exc_Exception_excHookFuncs__C)
                  00015d84    00000004     mss_mmw_per4ft.oer4ft (.const:ti_sysbios_family_arm_v7a_Pmu_A_invalidCounterId__C)
                  00015d88    00000004     mss_mmw_per4ft.oer4ft (.const:ti_sysbios_family_arm_v7a_Pmu_Module__diagsEnabled__C)
                  00015d8c    00000004     mss_mmw_per4ft.oer4ft (.const:ti_sysbios_family_arm_v7a_Pmu_Module__diagsIncluded__C)
                  00015d90    00000004     mss_mmw_per4ft.oer4ft (.const:ti_sysbios_family_arm_v7a_Pmu_Module__diagsMask__C)
                  00015d94    00000004     mss_mmw_per4ft.oer4ft (.const:ti_sysbios_family_arm_v7r_tms570_Core_E_mismatchedIds__C)
                  00015d98    00000004     mss_mmw_per4ft.oer4ft (.const:ti_sysbios_family_arm_v7r_tms570_Core_id__C)
                  00015d9c    00000004     mss_mmw_per4ft.oer4ft (.const:ti_sysbios_family_arm_v7r_vim_Hwi_A_badChannelId__C)
                  00015da0    00000004     mss_mmw_per4ft.oer4ft (.const:ti_sysbios_family_arm_v7r_vim_Hwi_E_alreadyDefined__C)
[...]
00015e6c  ti_sysbios_knl_Clock_Module__loggerObj__C                            
00015e70  ti_sysbios_knl_Event_A_badContext__C                                 
00015e74  ti_sysbios_knl_Event_A_eventInUse__C                                 
00015e78  ti_sysbios_knl_Event_A_nullEventId__C                                
00015e7c  ti_sysbios_knl_Event_A_nullEventMasks__C                             
00015e80  ti_sysbios_knl_Event_A_pendTaskDisabled__C                           
00015e84  ti_sysbios_knl_Event_Instance_State_pendQ__O                         
00015e88  ti_sysbios_knl_Event_LM_pend__C                                      
00015e8c  ti_sysbios_knl_Event_LM_post__C                                      
00015e90  ti_sysbios_knl_Event_Module__diagsEnabled__C                         
00015e94  ti_sysbios_knl_Event_Module__diagsIncluded__C                        
00015e98  ti_sysbios_knl_Event_Module__diagsMask__C                            
00015e9c  ti_sysbios_knl_Event_Module__loggerFxn4__C                           
00015ea0  ti_sysbios_knl_Event_Module__loggerFxn8__C                           
00015ea4  ti_sysbios_knl_Event_Module__loggerObj__C                            
00015ea8  ti_sysbios_knl_Semaphore_A_badContext__C                             
00015eac  ti_sysbios_knl_Semaphore_A_noEvents__C                               
00015eb0  ti_sysbios_knl_Semaphore_A_overflow__C                               
00015eb4  ti_sysbios_knl_Semaphore_A_pendTaskDisabled__C                       
00015eb8  ti_sysbios_knl_Semaphore_Instance_State_pendQ__O                     
00015ebc  ti_sysbios_knl_Semaphore_LM_pend__C                                  
00015ec0  ti_sysbios_knl_Semaphore_LM_post__C                                  
00015ec4  ti_sysbios_knl_Semaphore_Module__diagsEnabled__C                     
00015ec8  ti_sysbios_knl_Semaphore_Module__diagsIncluded__C                    
00015ecc  ti_sysbios_knl_Semaphore_Module__diagsMask__C                        
00015ed0  ti_sysbios_knl_Semaphore_Module__loggerFxn2__C                       
00015ed4  ti_sysbios_knl_Semaphore_Module__loggerFxn4__C                       
00015ed8  ti_sysbios_knl_Semaphore_Module__loggerObj__C                        
00015edc  ti_sysbios_knl_Swi_LD_end__C                                         
00015ee0  ti_sysbios_knl_Swi_LM_begin__C                                       
00015ee4  ti_sysbios_knl_Swi_LM_post__C                                        
00015ee8  ti_sysbios_knl_Swi_Module__diagsEnabled__C                           
00015eec  ti_sysbios_knl_Swi_Module__diagsIncluded__C                          
00015ef0  ti_sysbios_knl_Swi_Module__diagsMask__C                              
00015ef4  ti_sysbios_knl_Swi_Module__loggerFxn1__C                             
00015ef8  ti_sysbios_knl_Swi_Module__loggerFxn4__C                             
00015efc  ti_sysbios_knl_Swi_Module__loggerObj__C                              
00015f00  ti_sysbios_knl_Swi_Object__count__C                                  
00015f04  ti_sysbios_knl_Task_A_badPriority__C                                 
00015f08  ti_sysbios_knl_Task_A_badTaskState__C                                
00015f0c  ti_sysbios_knl_Task_A_badThreadType__C                               
00015f10  ti_sysbios_knl_Task_A_badTimeout__C                                  
00015f14  ti_sysbios_knl_Task_A_noPendElem__C                                  
00015f18  ti_sysbios_knl_Task_A_sleepTaskDisabled__C                           
00015f1c  ti_sysbios_knl_Task_E_spOutOfBounds__C                               
00015f20  ti_sysbios_knl_Task_E_stackOverflow__C                               
00015f24  ti_sysbios_knl_Task_LD_block__C                                      
00015f28  ti_sysbios_knl_Task_LD_exit__C                                       
00015f2c  ti_sysbios_knl_Task_LD_ready__C                                      
00015f30  ti_sysbios_knl_Task_LM_sleep__C                                      
00015f34  ti_sysbios_knl_Task_LM_switch__C                                     
00015f38  ti_sysbios_knl_Task_Module_State_inactiveQ__O                        
00015f3c  ti_sysbios_knl_Task_Module__diagsEnabled__C                          
00015f40  ti_sysbios_knl_Task_Module__diagsIncluded__C                         
00015f44  ti_sysbios_knl_Task_Module__diagsMask__C                             
00015f48  ti_sysbios_knl_Task_Module__loggerFxn2__C                            
00015f4c  ti_sysbios_knl_Task_Module__loggerFxn4__C                            
00015f50  ti_sysbios_knl_Task_Module__loggerObj__C                             
00015f54  ti_sysbios_knl_Task_Object__count__C                                 
00015f58  ti_sysbios_knl_Task_allBlockedFunc__C                                
00015f5c  ti_sysbios_knl_Task_defaultStackHeap__C                              
00015f60  ti_sysbios_knl_Task_defaultStackSize__C                              
00015f64  ti_sysbios_knl_Task_numConstructedTasks__C                           
00015f68  ti_sysbios_timers_rti_Timer_E_cannotSupport__C                       
00015f6c  ti_sysbios_timers_rti_Timer_Module__diagsEnabled__C                  
00015f70  ti_sysbios_timers_rti_Timer_Module__diagsIncluded__C                 
00015f74  ti_sysbios_timers_rti_Timer_Module__diagsMask__C                     
00015f78  ti_sysbios_timers_rti_Timer_numTimerDevices__C                       
00015f7c  ti_sysbios_timers_rti_Timer_startupNeeded__C                         
00015f80  xdc_runtime_Assert_E_assertFailed__C                                 
00015f84  xdc_runtime_Core_A_initializedParams__C                              
00015f88  xdc_runtime_Core_Module__diagsEnabled__C                             
00015f8c  xdc_runtime_Core_Module__diagsIncluded__C                            
00015f90  xdc_runtime_Core_Module__diagsMask__C                                
00015f94  xdc_runtime_Error_E_memory__C                                        
00015f98  xdc_runtime_Error_Module__diagsEnabled__C                            
00015f9c  xdc_runtime_Error_Module__diagsIncluded__C                           
00015fa0  xdc_runtime_Error_Module__diagsMask__C                               
00015fa4  xdc_runtime_Error_Module__loggerFxn8__C                              
00015fa8  xdc_runtime_Error_Module__loggerObj__C                               
00015fac  xdc_runtime_Error_policyFxn__C                                       
00015fb0  xdc_runtime_Error_policy__C                                          
00015fb4  xdc_runtime_Error_raiseHook__C                                       
00015fb8  xdc_runtime_IGateProvider_Interface__BASE__C                         
00015fbc  xdc_runtime_IHeap_Interface__BASE__C                                 
00015fc0  xdc_runtime_IModule_Interface__BASE__C                               
00015fc4  xdc_runtime_Log_L_error__C                                           
00015fc8  xdc_runtime_Memory_defaultHeapInstance__C                            
00015fcc  xdc_runtime_Startup_execImpl__C                                      
00015fd0  xdc_runtime_Startup_maxPasses__C                                     
00015fd4  xdc_runtime_Startup_sfxnRts__C                                       
00015fd8  xdc_runtime_Startup_sfxnTab__C                                       
00015fdc  xdc_runtime_System_Module__gateObj__C                                
00015fe0  xdc_runtime_System_abortFxn__C                                       
00015fe4  xdc_runtime_System_exitFxn__C                                        
00015fe8  xdc_runtime_System_extendFxn__C                                      
00015fec  xdc_runtime_System_maxAtexitHandlers__C                              
00015ff0  xdc_runtime_Text_charTab__C                                          
00015ff4  xdc_runtime_Text_nameEmpty__C                                        
00015ff8  xdc_runtime_Text_nameStatic__C                                       
00015ffc  xdc_runtime_Text_nameUnknown__C                                      
00016000  xdc_runtime_Text_nodeTab__C                                          
00016004  xdc_runtime_Text_visitRopeFxn__C                                     
00016008  ti_sysbios_family_arm_v7r_tms570_Core_Module__id__C                  
0001600a  ti_sysbios_family_arm_v7r_vim_Hwi_Module__id__C                      
0001600c  ti_sysbios_family_arm_v7r_vim_Hwi_Module__loggerDefined__C           
0001600e  ti_sysbios_gates_GateMutex_Module__id__C                             
00016010  ti_sysbios_hal_Hwi_Module__id__C                                     
00016012  ti_sysbios_heaps_HeapMem_Module__id__C                               
00016014  ti_sysbios_knl_Clock_Module__id__C                                   
00016016  ti_sysbios_knl_Clock_Module__loggerDefined__C                        
00016018  ti_sysbios_knl_Event_Module__id__C                                   
0001601a  ti_sysbios_knl_Event_Module__loggerDefined__C                        
0001601c  ti_sysbios_knl_Semaphore_Module__id__C                               
0001601e  ti_sysbios_knl_Semaphore_Module__loggerDefined__C                    
00016020  ti_sysbios_knl_Swi_Module__id__C                                     
00016022  ti_sysbios_knl_Swi_Module__loggerDefined__C                          
00016024  ti_sysbios_knl_Task_Module__id__C                                    
00016026  ti_sysbios_knl_Task_Module__loggerDefined__C                         
00016028  ti_sysbios_timers_rti_Timer_Module__id__C                            
0001602a  ti_sysbios_timers_rti_Timer_continueOnSuspend__C                     
0001602c  xdc_runtime_Core_Module__id__C                                       
0001602e  xdc_runtime_Error_Module__loggerDefined__C                           
00016030  xdc_runtime_Error_maxDepth__C                                        
00016032  xdc_runtime_Main_Module__id__C                                       
00016034  xdc_runtime_Memory_Module__id__C                                     
00016036  xdc_runtime_Text_charCnt__C                                          
00016038  xdc_runtime_Text_isLoaded__C                                         
0001603a  xdc_runtime_Text_registryModsLastId__C                               
0001603c  xdc_runtime_Text_unnamedModsLastId__C                                
00016040  __TI_static_base__                                                   
00018f3c  __TI_Handler_Table_Base                                              
00018f48  __TI_Handler_Table_Limit                                             
00018f60  __TI_CINIT_Base                                                      
00018f80  __TI_CINIT_Limit                                                     
08000000  ti_sysbios_heaps_HeapMem_Instance_State_0_buf__A                     
0800a000  peopleDetectorState                                                  
0800a004  peopleDetectorStateFlt                                               
0800a008  peopleDetectorStatePrev                                              
0800a00c  gestureTimeStamp                                                     
0800a014  gestureCnt                                                           
0800a01c  gestureCntPrev                                                       
0800a024  fltGestureCnt                                                        
0800a02c  numDetectionsPerBucket                                               
0800a03c  gestureProbabilityLog                                                
0800a0b4  featureVecPosLog                                                     
0800a19c  energyLog                                                            
0800a39c  gMmwMssMCB                                                           
0800a728  gANN_struct_t                                                        
0800ce5c  rl_txMsg                                                             
0800cf5c  rl_rxMsg                                                             
0800d240  hardCodedConfigIndex                                                 
0800d244  hardCodedConfigCommands                                              
0800d2b8  gCLI                                                                 
0800d45c  ti_sysbios_family_arm_v7r_vim_Hwi_Module_State_0_dispatchTable__A    
0800d65c  gCRCRegister                                                         
0800d660  gCLI_mmwave_freq_scale_factor                                        
0800d668  gCLIMMWaveOpenCfg                                                    
0800d68c  partInfoStringArray                                                  
0800d6cc  gCLIMMWaveExtensionTable                                             
0800d774  gCLIMMWaveControlCfg                                                 
0800d840  _ftable                                                              
0800d930  ti_sysbios_knl_Swi_Module_State_0_readyQ__A                          
0800d9b0  ti_sysbios_knl_Task_Module_State_0_readyQ__A                         
0800da30  _device                                                              
0800daa8  ti_sysbios_knl_Task_Object__table__V                                 
0800db04  gUartSciHwCfg                                                        
0800db5c  _stream                                                              
0800dbac  gMailboxMCB                                                          
0800dbfc  ti_sysbios_knl_Task_Module__state__V                                 
0800dc44  SOC_TranslateAddr_LUT                                                
0800dc84  ti_sysbios_gates_GateMutex_Object__table__V                          
0800dcc4  ti_sysbios_timers_rti_Timer_Object__table__V                         
0800dd00  ti_sysbios_family_arm_v7r_vim_Hwi_Module__state__V                   
0800dd34  ti_sysbios_knl_Swi_Object__table__V                                  
0800dd64  ti_sysbios_family_arm_v7r_vim_Hwi_Object__table__V                   
0800dd90  ti_sysbios_knl_Clock_Module__state__V                                
0800ddbc  gUartSciFxnTable                                                     
0800dde4  UART_config                                                          
0800de08  ti_sysbios_BIOS_Module__state__V                                     
0800de2c  xdc_runtime_Error_IgnoreBlock                                        
0800de4c  xdc_runtime_System_Module_State_0_atexitHandlers__A                  
0800de6c  ti_sysbios_knl_Swi_Module__state__V                                  
0800de88  gMailboxMssBssHwCfg                                                  
0800dea0  gMailboxMssDssHwCfg                                                  
0800deb8  ti_sysbios_heaps_HeapMem_Object__table__V                            
0800ded0  ti_sysbios_timers_rti_Timer_Module_State_0_device__A                 
0800dee8  gSOCHwAttrib                                                         
0800defc  ti_sysbios_family_arm_exc_Exception_Module__state__V                 
0800df10  __TI_ft_end                                                          
0800df14  __aeabi_stdin                                                        
0800df18  __aeabi_stdout                                                       
0800df1c  __aeabi_stderr                                                       
0800df20  ti_sysbios_timers_rti_Timer_Module_State_0_intFreqs__A               
0800df30  ti_sysbios_timers_rti_Timer_Module__state__V                         
0800df40  __TI_cleanup_ptr                                                     
0800df44  __TI_dtors_ptr                                                       
0800df48  __TI_enable_exit_profile_output                                      
0800df4c  gESMHwCfgAttrs                                                       
0800df58  ti_sysbios_family_arm_v7a_Pmu_Module__state__V                       
0800df64  _lock                                                                
0800df68  _unlock                                                              
0800df6c  gGPIOHwAtrrib                                                        
0800df74  ti_sysbios_family_arm_v7r_vim_Hwi_Module__root__V                    
0800df7c  ti_sysbios_gates_GateHwi_Module__root__V                             
0800df84  ti_sysbios_gates_GateMutex_Module__root__V                           
0800df8c  ti_sysbios_hal_Hwi_Object__table__V                                  
0800df94  ti_sysbios_heaps_HeapMem_Module__root__V                             
0800df9c  ti_sysbios_knl_Event_Module__root__V                                 
0800dfa4  ti_sysbios_knl_Queue_Module__root__V                                 
0800dfac  ti_sysbios_knl_Semaphore_Module__root__V                             
0800dfb4  ti_sysbios_knl_Task_Module__root__V                                  
0800dfbc  ti_sysbios_timers_rti_Timer_Module_State_0_handles__A                
0800dfc4  xdc_runtime_Registry_Module__state__V                                
0800dfcc  xdc_runtime_Startup_Module__state__V                                 
0800dfd4  xdc_runtime_System_Module__state__V                                  
0800dfdc  gPinmuxRegs                                                          
0800dfe4  errno                                                                
0800dff0  main_func_sp                                                         
0800dff8  ti_sysbios_family_arm_exc_Exception_Module_State_0_excContext__A     
0800dffc  ti_sysbios_family_arm_exc_Exception_Module_State_0_excStackBuffers__A
0800e000  ti_sysbios_family_arm_exc_Exception_Module_State_0_excStack__A       
0800e004  ti_sysbios_gates_GateHwi_Object__table__V                            
0800e008  ti_sysbios_heaps_HeapBuf_Module__state__V                            
0800e00c  ti_sysbios_knl_Task_Module_State_0_idleTask__A                       
0800e010  xdc_runtime_Memory_Module__state__V                                  
0800e014  ti_sysbios_family_arm_exc_Exception_Module_State_0_excActive__A      
0800e016  xdc_runtime_Error_Module__state__V                                   
0800e018  ti_sysbios_family_arm_exc_Exception_Module_State_0_excStack_0__A     
0800f018  ti_sysbios_knl_Task_Instance_State_0_stack__A                        
0800f818  gGPIOMCB                                                             
0800f9ac  __CIOBUF_                                                            
0800facc  gMMWave_MCB                                                          
0800fbc8  __TI_tmpnams                                                         
0800fc68  gEsmMCB                                                              
0800fcd8  gMMWave_DualcoreMCB                                                  
0800fce0  parmbuf                                                              
0800fce8  __stack                                                              
08010ce8  __STACK_END                                                          
08010ce8  ti_sysbios_family_arm_v7r_vim_Hwi_Module_State_0_fiqStack__A         
fffffdec  ti_sysbios_family_arm_v7r_vim_Hwi_vim                                
ffffffff  __TI_pprof_out_hndl                                                  
ffffffff  __TI_prof_data_size                                                  
ffffffff  __TI_prof_data_start                                                 
ffffffff  __binit__                                                            
ffffffff  __c_args__                                                           
ffffffff  binit                                                                
UNDEFED   SHT$$INIT_ARRAY$$Base                                                
UNDEFED   SHT$$INIT_ARRAY$$Limit                                               

[945 symbols]
